00:00 +0: loading D:/MyGO/GoProject/yueyou/test/core/cyber_logger_test.dart
00:00 +0: D:/MyGO/GoProject/yueyou/test/core/cyber_logger_test.dart: CyberLogger.recordFlutterError Sentry 鏈氨缁椂涓嶅穿婧?===== [CYBER-ERROR] Flutter UI Exception =====
  Time    : 2026-04-30T09:42:45.876086
  Error   : Exception: UI 娓叉煋寮傚父
  Library : test_library
--- Stack Trace ---
#0      main.<anonymous closure>.<anonymous closure>.<anonymous closure> (fil[PATH_REDACTED])
#1      _ReturnsNormally.typedMatches (package:matcher/src/core_matchers.dart:156:22)
#2      FeatureMatcher.matches (package:matcher/src/feature_matcher.dart:16:42)
#3      _expect (package:matcher/src/expect/expect.dart:176:30)
#4      expect (package:matcher/src/expect/expect.dart:65:3)
#5      expect (package:flutter_test/src/widget_tester.dart:473:18)
#6      main.<anonymous closure>.<anonymous closure> (fil[PATH_REDACTED])
#7      Declarer.test.<anonymous closure>.<anonymous closure> (package:test_api/src/backend/declarer.dart:253:25)
<asynchronous suspension>
#8      Declarer.test.<anonymous closure> (package:test_api/src/backend/declarer.dart:250:11)
<asynchronous suspension>
#9      Invoker._waitForOutstandingCallbacks.<anonymous closure> (package:test_api/src/backend/invoker.dart:318:9)
<asynchronous suspension>

==================

00:00 +1: D:/MyGO/GoProject/yueyou/test/core/cyber_logger_test.dart: CyberLogger.recordFlutterError 浼犲叆绌?stack 鏃朵笉宕╂簝
===== [CYBER-ERROR] Flutter UI Exception =====
  Time    : 2026-04-30T09:42:45.895528
  Error   : simple string error
  Library : Flutter framework
==================

00:00 +2: D:/MyGO/GoProject/yueyou/test/core/cyber_logger_test.dart: CyberLogger.recordFlutterError 浼犲叆澶嶆潅寮傚父涓庝笂涓嬫枃鏃朵笉宕╂簝
===== [CYBER-ERROR] Flutter UI Exception =====
  Time    : 2026-04-30T09:42:45.904274
  Error   : Bad state: 闈炴硶鐘舵€?  Library : game_provider
  Context : 2048 妫嬬洏鏇存柊鏃?--- Stack Trace ---
#0      main.<anonymous closure>.<anonymous closure>.<anonymous closure> (fil[PATH_REDACTED])
#1      _ReturnsNormally.typedMatches (package:matcher/src/core_matchers.dart:156:22)
#2      FeatureMatcher.matches (package:matcher/src/feature_matcher.dart:16:42)
#3      _expect (package:matcher/src/expect/expect.dart:176:30)
#4      expect (package:matcher/src/expect/expect.dart:65:3)
#5      expect (package:flutter_test/src/widget_tester.dart:473:18)
#6      main.<anonymous closure>.<anonymous closure> (fil[PATH_REDACTED])
#7      Declarer.test.<anonymous closure>.<anonymous closure> (package:test_api/src/backend/declarer.dart:253:25)
<asynchronous suspension>
#8      Declarer.test.<anonymous closure> (package:test_api/src/backend/declarer.dart:250:11)
<asynchronous suspension>
#9      Invoker._waitForOutstandingCallbacks.<anonymous closure> (package:test_api/src/backend/invoker.dart:318:9)
<asynchronous suspension>

==================

00:00 +3: D:/MyGO/GoProject/yueyou/test/core/cyber_logger_test.dart: CyberLogger.recordPlatformError debug 妯″紡杩斿洖 false锛堜繚鐣欑孩灞忚皟璇曪級
===== [CYBER-FATAL] Uncaught Async Exception =====
  Time    : 2026-04-30T09:42:45.914201
  Error   : Exception: Zone 澶栧紓姝ュ穿婧?--- Stack Trace ---
#0      main.<anonymous closure>.<anonymous closure> (fil[PATH_REDACTED])
#1      Declarer.test.<anonymous closure>.<anonymous closure> (package:test_api/src/backend/declarer.dart:253:25)
<asynchronous suspension>
#2      Declarer.test.<anonymous closure> (package:test_api/src/backend/declarer.dart:250:11)
<asynchronous suspension>
#3      Invoker._waitForOutstandingCallbacks.<anonymous closure> (package:test_api/src/backend/invoker.dart:318:9)
<asynchronous suspension>

==================

00:00 +4: D:/MyGO/GoProject/yueyou/test/core/cyber_logger_test.dart: CyberLogger.recordPlatformError MissingPluginException 鍦?debug 妯″紡涔熻繑鍥?true
===== [CYBER-FATAL] Uncaught Async Exception =====
  Time    : 2026-04-30T09:42:45.927365
  Error   : MissingPluginException(鎻掍欢鏈敞鍐?
--- Stack Trace ---
#0      main.<anonymous closure>.<anonymous closure> (fil[PATH_REDACTED])
#1      Declarer.test.<anonymous closure>.<anonymous closure> (package:test_api/src/backend/declarer.dart:253:25)
<asynchronous suspension>
#2      Declarer.test.<anonymous closure> (package:test_api/src/backend/declarer.dart:250:11)
<asynchronous suspension>
#3      Invoker._waitForOutstandingCallbacks.<anonymous closure> (package:test_api/src/backend/invoker.dart:318:9)
<asynchronous suspension>

==================

00:00 +5: D:/MyGO/GoProject/yueyou/test/core/cyber_logger_test.dart: CyberLogger.recordPlatformError Sentry 鏈氨缁椂涓嶅穿婧?===== [CYBER-FATAL] Uncaught Async Exception =====
  Time    : 2026-04-30T09:42:45.936700
  Error   : Exception: 骞冲彴宕╂簝
--- Stack Trace ---
#0      main.<anonymous closure>.<anonymous closure>.<anonymous closure> (fil[PATH_REDACTED])
#1      _ReturnsNormally.typedMatches (package:matcher/src/core_matchers.dart:156:22)
#2      FeatureMatcher.matches (package:matcher/src/feature_matcher.dart:16:42)
#3      _expect (package:matcher/src/expect/expect.dart:176:30)
#4      expect (package:matcher/src/expect/expect.dart:65:3)
#5      expect (package:flutter_test/src/widget_tester.dart:473:18)
#6      main.<anonymous closure>.<anonymous closure> (fil[PATH_REDACTED])
#7      Declarer.test.<anonymous closure>.<anonymous closure> (package:test_api/src/backend/declarer.dart:253:25)
<asynchronous suspension>
#8      Declarer.test.<anonymous closure> (package:test_api/src/backend/declarer.dart:250:11)
<asynchronous suspension>
#9      Invoker._waitForOutstandingCallbacks.<anonymous closure> (package:test_api/src/backend/invoker.dart:318:9)
<asynchronous suspension>

==================

00:00 +6: D:/MyGO/GoProject/yueyou/test/core/cyber_logger_test.dart: CyberLogger.captureWarning 浼犲叆瀹屾暣鍙傛暟鏃朵笉宕╂簝
===== [CYBER-ERROR] Warning [tts] =====
  Time    : 2026-04-30T09:42:45.940733
  Error   : Exception: TTS 璇锋眰澶辫触
--- Stack Trace ---
#0      main.<anonymous closure>.<anonymous closure>.<anonymous closure> (fil[PATH_REDACTED])
#1      _ReturnsNormally.typedMatches (package:matcher/src/core_matchers.dart:156:22)
#2      FeatureMatcher.matches (package:matcher/src/feature_matcher.dart:16:42)
#3      _expect (package:matcher/src/expect/expect.dart:176:30)
#4      expect (package:matcher/src/expect/expect.dart:65:3)
#5      expect (package:flutter_test/src/widget_tester.dart:473:18)
#6      main.<anonymous closure>.<anonymous closure> (fil[PATH_REDACTED])
#7      Declarer.test.<anonymous closure>.<anonymous closure> (package:test_api/src/backend/declarer.dart:253:25)
<asynchronous suspension>
#8      Declarer.test.<anonymous closure> (package:test_api/src/backend/declarer.dart:250:11)
<asynchronous suspension>
#9      Invoker._waitForOutstandingCallbacks.<anonymous closure> (package:test_api/src/backend/invoker.dart:318:9)
<asynchronous suspension>

==================

00:00 +7: D:/MyGO/GoProject/yueyou/test/core/cyber_logger_test.dart: CyberLogger.captureWarning extra 涓?null 鏃朵笉宕╂簝
===== [CYBER-ERROR] Warning [file_import] =====
  Time    : 2026-04-30T09:42:45.969893
  Error   : Exception: 鏂囦欢瑙ｆ瀽閿欒
==================

00:00 +8: D:/MyGO/GoProject/yueyou/test/core/cyber_logger_test.dart: CyberLogger.captureWarning stack 涓?null 鏃朵笉宕╂簝
===== [CYBER-ERROR] Warning [business] =====
  Time    : 2026-04-30T09:42:45.980797
  Error   : Exception: 缃戠粶瓒呮椂
==================

00:00 +9: D:/MyGO/GoProject/yueyou/test/core/cyber_logger_test.dart: CyberLogger.captureMessage Sentry 鏈氨缁椂涓嶅穿婧?[CyberLogger][INFO] TTS 鍒濆鍖栧畬鎴?00:00 +10: D:/MyGO/GoProject/yueyou/test/core/cyber_logger_test.dart: CyberLogger.captureMessage Sentry 灏辩华鐘舵€佹敞鍏ュ悗璺緞鍙揪
[CyberLogger][INFO] 娴嬭瘯娑堟伅
00:00 +11: D:/MyGO/GoProject/yueyou/test/core/cyber_logger_test.dart: CyberLogger.sanitize 涓嶅惈鏌ヨ鍙傛暟鐨勫瓧绗︿覆淇濇寔涓嶅彉
00:00 +12: D:/MyGO/GoProject/yueyou/test/core/cyber_logger_test.dart: CyberLogger.sanitize 鍚煡璇㈠弬鏁扮殑 URL 鎴柇鍙傛暟
00:00 +13: D:/MyGO/GoProject/yueyou/test/core/cyber_logger_test.dart: CyberLogger.sanitize 鏅€氭枃鏈腑涓嶅惈 ? 鍒欎笉鍙?00:00 +14: D:/MyGO/GoProject/yueyou/test/core/cyber_logger_test.dart: CyberLogger.sanitize 绌哄瓧绗︿覆涓嶅穿婧?00:00 +15: D:/MyGO/GoProject/yueyou/test/core/cyber_logger_test.dart: CyberLogger.sanitize 浠呭惈 ? 鐨勫瓧绗︿覆澶勭悊姝ｇ‘
00:00 +16: D:/MyGO/GoProject/yueyou/test/core/cyber_logger_test.dart: CyberLogger.sanitizeStack Windows 缁濆璺緞琚浛鎹?00:00 +17: D:/MyGO/GoProject/yueyou/test/core/cyber_logger_test.dart: CyberLogger.sanitizeStack Unix 缁濆璺緞琚浛鎹?00:00 +18: D:/MyGO/GoProject/yueyou/test/core/cyber_logger_test.dart: CyberLogger.sanitizeStack 鍖呰矾寰勪笉琚浛鎹?00:00 +19: D:/MyGO/GoProject/yueyou/test/core/cyber_logger_test.dart: CyberLogger.sanitizeStack 绌哄爢鏍堜笉宕╂簝
00:00 +20: D:/MyGO/GoProject/yueyou/test/core/cyber_logger_test.dart: CyberLogger.initSentry DSN 涓虹┖鏃剁洿鎺ユ墽琛?appRunner
[CyberLogger] SENTRY_DSN 鏈厤缃紝璺宠繃 Sentry 鍒濆鍖栵紙鏈湴寮€鍙戞ā寮忥級
00:00 +21: D:/MyGO/GoProject/yueyou/test/core/cyber_performance_detector_test.dart: CyberPerformanceDetector & CyberAnimationLevel 鍔ㄧ敾绛夌骇鏋氫妇瀹氫箟瀹屾暣
00:00 +22: D:/MyGO/GoProject/yueyou/test/core/cyber_performance_detector_test.dart: CyberPerformanceDetector & CyberAnimationLevel 鍙互鑾峰彇褰撳墠鍐呭瓨鍗犵敤閲?00:00 +23: D:/MyGO/GoProject/yueyou/test/core/cyber_performance_detector_test.dart: CyberPerformanceDetector & CyberAnimationLevel 鍙互杩愯 CPU 鍩哄噯绠楀姏娴嬭瘯
00:00 +24: D:/MyGO/GoProject/yueyou/test/core/cyber_performance_detector_test.dart: CyberPerformanceDetector & CyberAnimationLevel 鑷€傚簲绛夌骇妫€娴嬭繑鍥炴湁鏁堢殑鍔ㄧ敾绾у埆
[鎬ц兘鑷€傚簲] CPU 璇勫垎: 5ms, 鍐呭瓨鍗犵敤: 129.4MB
00:00 +25: D:/MyGO/GoProject/yueyou/test/core/i_storage_service_test.dart: IStorageService 濂戠害 - MockStorageService锛堢函鍐呭瓨锛屾棤骞冲彴渚濊禆锛?娓告垙鐘舵€佸绾?鍒濆鏃犲瓨妗ｆ椂 loadGameState 杩斿洖 null
00:00 +26: D:/MyGO/GoProject/yueyou/test/core/i_storage_service_test.dart: IStorageService 濂戠害 - MockStorageService锛堢函鍐呭瓨锛屾棤骞冲彴渚濊禆锛?娓告垙鐘舵€佸绾?鍒濆 bestScore 涓?0
00:00 +27: D:/MyGO/GoProject/yueyou/test/core/i_storage_service_test.dart: IStorageService 濂戠害 - MockStorageService锛堢函鍐呭瓨锛屾棤骞冲彴渚濊禆锛?娓告垙鐘舵€佸绾?鍒濆 maxCombo 涓?0
00:00 +28: D:/MyGO/GoProject/yueyou/test/core/i_storage_service_test.dart: IStorageService 濂戠害 - MockStorageService锛堢函鍐呭瓨锛屾棤骞冲彴渚濊禆锛?娓告垙鐘舵€佸绾?saveGameState 鍚?loadGameState 杩斿洖姝ｇ‘鏁版嵁
00:00 +29: D:/MyGO/GoProject/yueyou/test/core/i_storage_service_test.dart: IStorageService 濂戠害 - MockStorageService锛堢函鍐呭瓨锛屾棤骞冲彴渚濊禆锛?涔︽灦鍏冩暟鎹绾?鍒濆涔︽灦涓虹┖
00:00 +30: D:/MyGO/GoProject/yueyou/test/core/i_storage_service_test.dart: IStorageService 濂戠害 - MockStorageService锛堢函鍐呭瓨锛屾棤骞冲彴渚濊禆锛?涔︽灦鍏冩暟鎹绾?saveBookshelf 鍚?loadBookshelf 寰€杩斾竴鑷?00:00 +31: D:/MyGO/GoProject/yueyou/test/core/i_storage_service_test.dart: IStorageService 濂戠害 - MockStorageService锛堢函鍐呭瓨锛屾棤骞冲彴渚濊禆锛?涔︽灦鍏冩暟鎹绾?瑕嗙洊鍐欏叆鍚庡彧淇濈暀鏈€鏂版暟鎹?00:00 +32: D:/MyGO/GoProject/yueyou/test/core/i_storage_service_test.dart: IStorageService 濂戠害 - MockStorageService锛堢函鍐呭瓨锛屾棤骞冲彴渚濊禆锛?闃呰杩涘害濂戠害 鏃犺褰曟椂杩斿洖闆惰繘搴?00:00 +33: D:/MyGO/GoProject/yueyou/test/core/i_storage_service_test.dart: IStorageService 濂戠害 - MockStorageService锛堢函鍐呭瓨锛屾棤骞冲彴渚濊禆锛?闃呰杩涘害濂戠害 updateReadingRecord 鍚?getReadingRecord 杩斿洖姝ｇ‘杩涘害
00:00 +34: D:/MyGO/GoProject/yueyou/test/core/i_storage_service_test.dart: IStorageService 濂戠害 - MockStorageService锛堢函鍐呭瓨锛屾棤骞冲彴渚濊禆锛?闃呰杩涘害濂戠害 total <= 0 鏃朵笉鍐欏叆璁板綍
00:00 +35: D:/MyGO/GoProject/yueyou/test/core/i_storage_service_test.dart: IStorageService 濂戠害 - MockStorageService锛堢函鍐呭瓨锛屾棤骞冲彴渚濊禆锛?闃呰杩涘害濂戠害 deleteReadingRecord 鍚庢仮澶嶉粯璁ゅ€?00:00 +36: D:/MyGO/GoProject/yueyou/test/core/i_storage_service_test.dart: IStorageService 濂戠害 - MockStorageService锛堢函鍐呭瓨锛屾棤骞冲彴渚濊禆锛?褰撳墠灏忚鐘舵€佸绾?鍒濆灏忚 ID 涓?null
00:00 +37: D:/MyGO/GoProject/yueyou/test/core/i_storage_service_test.dart: IStorageService 濂戠害 - MockStorageService锛堢函鍐呭瓨锛屾棤骞冲彴渚濊禆锛?褰撳墠灏忚鐘舵€佸绾?setCurrentNovelId 鍚庡彲璇诲彇
00:00 +38: D:/MyGO/GoProject/yueyou/test/core/i_storage_service_test.dart: IStorageService 濂戠害 - MockStorageService锛堢函鍐呭瓨锛屾棤骞冲彴渚濊禆锛?褰撳墠灏忚鐘舵€佸绾?setCurrentNovelId(null) 娓呴櫎 ID
00:00 +39: D:/MyGO/GoProject/yueyou/test/core/i_storage_service_test.dart: IStorageService 濂戠害 - MockStorageService锛堢函鍐呭瓨锛屾棤骞冲彴渚濊禆锛?褰撳墠灏忚鐘舵€佸绾?鍒濆灏忚绱㈠紩涓?0
00:00 +40: D:/MyGO/GoProject/yueyou/test/core/i_storage_service_test.dart: IStorageService 濂戠害 - MockStorageService锛堢函鍐呭瓨锛屾棤骞冲彴渚濊禆锛?褰撳墠灏忚鐘舵€佸绾?setCurrentNovelIndex 鍚庡彲璇诲彇
00:00 +41: D:/MyGO/GoProject/yueyou/test/core/i_storage_service_test.dart: IStorageService 濂戠害 - MockStorageService锛堢函鍐呭瓨锛屾棤骞冲彴渚濊禆锛?涔︾睄姝ｆ枃鍐呭濂戠害 涓嶅瓨鍦ㄧ殑涔︾睄 loadBookContent 杩斿洖 null
00:00 +42: D:/MyGO/GoProject/yueyou/test/core/i_storage_service_test.dart: IStorageService 濂戠害 - MockStorageService锛堢函鍐呭瓨锛屾棤骞冲彴渚濊禆锛?涔︾睄姝ｆ枃鍐呭濂戠害 saveBookContent 鍚?loadBookContent 寰€杩斾竴鑷?00:00 +43: D:/MyGO/GoProject/yueyou/test/core/i_storage_service_test.dart: IStorageService 濂戠害 - MockStorageService锛堢函鍐呭瓨锛屾棤骞冲彴渚濊禆锛?涔︾睄姝ｆ枃鍐呭濂戠害 deleteBookContent 鍚?loadBookContent 杩斿洖 null
00:00 +44: D:/MyGO/GoProject/yueyou/test/core/i_storage_service_test.dart: IStorageService 濂戠害 - MockStorageService锛堢函鍐呭瓨锛屾棤骞冲彴渚濊禆锛?涔︾睄姝ｆ枃鍐呭濂戠害 deleteBookContent 瀵逛笉瀛樺湪鏂囦欢涓嶆姏寮傚父
00:00 +45: D:/MyGO/GoProject/yueyou/test/core/i_storage_service_test.dart: IStorageService 濂戠害 - MockStorageService锛堢函鍐呭瓨锛屾棤骞冲彴渚濊禆锛?鍏ㄥ眬璁剧疆濂戠害 闊虫晥榛樿 true锛屽彲鍏抽棴
00:00 +46: D:/MyGO/GoProject/yueyou/test/core/i_storage_service_test.dart: IStorageService 濂戠害 - MockStorageService锛堢函鍐呭瓨锛屾棤骞冲彴渚濊禆锛?鍏ㄥ眬璁剧疆濂戠害 TTS 榛樿 true锛屽彲鍏抽棴
00:00 +47: D:/MyGO/GoProject/yueyou/test/core/i_storage_service_test.dart: IStorageService 濂戠害 - MockStorageService锛堢函鍐呭瓨锛屾棤骞冲彴渚濊禆锛?鍏ㄥ眬璁剧疆濂戠害 TTS 闊宠壊鍙缃苟璇诲彇
00:00 +48: D:/MyGO/GoProject/yueyou/test/core/i_storage_service_test.dart: IStorageService 濂戠害 - MockStorageService锛堢函鍐呭瓨锛屾棤骞冲彴渚濊禆锛?鍏ㄥ眬璁剧疆濂戠害 绌洪棽瓒呮椂鍙缃苟璇诲彇
00:00 +49: D:/MyGO/GoProject/yueyou/test/core/i_storage_service_test.dart: IStorageService 濂戠害 - MockStorageService锛堢函鍐呭瓨锛屾棤骞冲彴渚濊禆锛?鍏ㄥ眬璁剧疆濂戠害 TTS 鍊嶉€熷彲璁剧疆骞惰鍙?00:00 +50: D:/MyGO/GoProject/yueyou/test/core/i_storage_service_test.dart: IStorageService 濂戠害 - MockStorageService锛堢函鍐呭瓨锛屾棤骞冲彴渚濊禆锛?鍏ㄥ眬璁剧疆濂戠害 鐜闊抽噺鍙缃苟璇诲彇
00:00 +51: D:/MyGO/GoProject/yueyou/test/core/i_storage_service_test.dart: IStorageService 濂戠害 - MockStorageService锛堢函鍐呭瓨锛屾棤骞冲彴渚濊禆锛?鍏ㄥ眬璁剧疆濂戠害 鐜闊充箰寮€鍏冲彲璁剧疆骞惰鍙?00:00 +52: D:/MyGO/GoProject/yueyou/test/core/i_storage_service_test.dart: IStorageService 濂戠害 - MockStorageService锛堢函鍐呭瓨锛屾棤骞冲彴渚濊禆锛?闅愮鍗忚濂戠害 榛樿鏈悓鎰?00:00 +53: D:/MyGO/GoProject/yueyou/test/core/i_storage_service_test.dart: IStorageService 濂戠害 - MockStorageService锛堢函鍐呭瓨锛屾棤骞冲彴渚濊禆锛?闅愮鍗忚濂戠害 setHasAgreedPrivacy(true) 鍚?hasAgreedPrivacy 杩斿洖 true
00:00 +54: D:/MyGO/GoProject/yueyou/test/core/i_storage_service_test.dart: IStorageService 濂戠害 - LocalStorageService锛堝鎵?StorageService锛?娓告垙鐘舵€佸绾?鍒濆鏃犲瓨妗ｆ椂 loadGameState 杩斿洖 null
00:00 +55: D:/MyGO/GoProject/yueyou/test/core/i_storage_service_test.dart: IStorageService 濂戠害 - LocalStorageService锛堝鎵?StorageService锛?娓告垙鐘舵€佸绾?鍒濆 bestScore 涓?0
00:00 +56: D:/MyGO/GoProject/yueyou/test/core/i_storage_service_test.dart: IStorageService 濂戠害 - LocalStorageService锛堝鎵?StorageService锛?娓告垙鐘舵€佸绾?鍒濆 maxCombo 涓?0
00:00 +57: D:/MyGO/GoProject/yueyou/test/core/i_storage_service_test.dart: IStorageService 濂戠害 - LocalStorageService锛堝鎵?StorageService锛?娓告垙鐘舵€佸绾?saveGameState 鍚?loadGameState 杩斿洖姝ｇ‘鏁版嵁
00:00 +58: D:/MyGO/GoProject/yueyou/test/core/i_storage_service_test.dart: IStorageService 濂戠害 - LocalStorageService锛堝鎵?StorageService锛?涔︽灦鍏冩暟鎹绾?鍒濆涔︽灦涓虹┖
00:00 +59: D:/MyGO/GoProject/yueyou/test/core/i_storage_service_test.dart: IStorageService 濂戠害 - LocalStorageService锛堝鎵?StorageService锛?涔︽灦鍏冩暟鎹绾?saveBookshelf 鍚?loadBookshelf 寰€杩斾竴鑷?00:00 +60: D:/MyGO/GoProject/yueyou/test/core/i_storage_service_test.dart: IStorageService 濂戠害 - LocalStorageService锛堝鎵?StorageService锛?涔︽灦鍏冩暟鎹绾?瑕嗙洊鍐欏叆鍚庡彧淇濈暀鏈€鏂版暟鎹?00:00 +61: D:/MyGO/GoProject/yueyou/test/core/i_storage_service_test.dart: IStorageService 濂戠害 - LocalStorageService锛堝鎵?StorageService锛?闃呰杩涘害濂戠害 鏃犺褰曟椂杩斿洖闆惰繘搴?00:00 +62: D:/MyGO/GoProject/yueyou/test/core/i_storage_service_test.dart: IStorageService 濂戠害 - LocalStorageService锛堝鎵?StorageService锛?闃呰杩涘害濂戠害 updateReadingRecord 鍚?getReadingRecord 杩斿洖姝ｇ‘杩涘害
00:00 +63: D:/MyGO/GoProject/yueyou/test/core/i_storage_service_test.dart: IStorageService 濂戠害 - LocalStorageService锛堝鎵?StorageService锛?闃呰杩涘害濂戠害 total <= 0 鏃朵笉鍐欏叆璁板綍
00:00 +64: D:/MyGO/GoProject/yueyou/test/core/i_storage_service_test.dart: IStorageService 濂戠害 - LocalStorageService锛堝鎵?StorageService锛?闃呰杩涘害濂戠害 deleteReadingRecord 鍚庢仮澶嶉粯璁ゅ€?00:00 +65: D:/MyGO/GoProject/yueyou/test/core/i_storage_service_test.dart: IStorageService 濂戠害 - LocalStorageService锛堝鎵?StorageService锛?褰撳墠灏忚鐘舵€佸绾?鍒濆灏忚 ID 涓?null
00:00 +66: D:/MyGO/GoProject/yueyou/test/core/i_storage_service_test.dart: IStorageService 濂戠害 - LocalStorageService锛堝鎵?StorageService锛?褰撳墠灏忚鐘舵€佸绾?setCurrentNovelId 鍚庡彲璇诲彇
00:00 +67: D:/MyGO/GoProject/yueyou/test/core/i_storage_service_test.dart: IStorageService 濂戠害 - LocalStorageService锛堝鎵?StorageService锛?褰撳墠灏忚鐘舵€佸绾?setCurrentNovelId(null) 娓呴櫎 ID
00:00 +68: D:/MyGO/GoProject/yueyou/test/core/i_storage_service_test.dart: IStorageService 濂戠害 - LocalStorageService锛堝鎵?StorageService锛?褰撳墠灏忚鐘舵€佸绾?鍒濆灏忚绱㈠紩涓?0
00:00 +69: D:/MyGO/GoProject/yueyou/test/core/i_storage_service_test.dart: IStorageService 濂戠害 - LocalStorageService锛堝鎵?StorageService锛?褰撳墠灏忚鐘舵€佸绾?setCurrentNovelIndex 鍚庡彲璇诲彇
00:00 +70: D:/MyGO/GoProject/yueyou/test/core/i_storage_service_test.dart: IStorageService 濂戠害 - LocalStorageService锛堝鎵?StorageService锛?涔︾睄姝ｆ枃鍐呭濂戠害 涓嶅瓨鍦ㄧ殑涔︾睄 loadBookContent 杩斿洖 null
  Skip: 闇€ path_provider mock锛岃涓撳睘 group
00:00 +70 ~1: D:/MyGO/GoProject/yueyou/test/core/i_storage_service_test.dart: IStorageService 濂戠害 - LocalStorageService锛堝鎵?StorageService锛?涔︾睄姝ｆ枃鍐呭濂戠害 saveBookContent 鍚?loadBookContent 寰€杩斾竴鑷?  Skip: 闇€ path_provider mock锛岃涓撳睘 group
00:00 +70 ~2: D:/MyGO/GoProject/yueyou/test/core/i_storage_service_test.dart: IStorageService 濂戠害 - LocalStorageService锛堝鎵?StorageService锛?涔︾睄姝ｆ枃鍐呭濂戠害 deleteBookContent 鍚?loadBookContent 杩斿洖 null
  Skip: 闇€ path_provider mock锛岃涓撳睘 group
00:00 +70 ~3: D:/MyGO/GoProject/yueyou/test/core/i_storage_service_test.dart: IStorageService 濂戠害 - LocalStorageService锛堝鎵?StorageService锛?涔︾睄姝ｆ枃鍐呭濂戠害 deleteBookContent 瀵逛笉瀛樺湪鏂囦欢涓嶆姏寮傚父
  Skip: 闇€ path_provider mock锛岃涓撳睘 group
00:00 +70 ~4: D:/MyGO/GoProject/yueyou/test/core/i_storage_service_test.dart: IStorageService 濂戠害 - LocalStorageService锛堝鎵?StorageService锛?鍏ㄥ眬璁剧疆濂戠害 闊虫晥榛樿 true锛屽彲鍏抽棴
00:00 +71 ~4: D:/MyGO/GoProject/yueyou/test/core/i_storage_service_test.dart: IStorageService 濂戠害 - LocalStorageService锛堝鎵?StorageService锛?鍏ㄥ眬璁剧疆濂戠害 TTS 榛樿 true锛屽彲鍏抽棴
00:00 +72 ~4: D:/MyGO/GoProject/yueyou/test/core/i_storage_service_test.dart: IStorageService 濂戠害 - LocalStorageService锛堝鎵?StorageService锛?鍏ㄥ眬璁剧疆濂戠害 TTS 闊宠壊鍙缃苟璇诲彇
00:00 +73 ~4: D:/MyGO/GoProject/yueyou/test/core/i_storage_service_test.dart: IStorageService 濂戠害 - LocalStorageService锛堝鎵?StorageService锛?鍏ㄥ眬璁剧疆濂戠害 绌洪棽瓒呮椂鍙缃苟璇诲彇
00:00 +74 ~4: D:/MyGO/GoProject/yueyou/test/core/i_storage_service_test.dart: IStorageService 濂戠害 - LocalStorageService锛堝鎵?StorageService锛?鍏ㄥ眬璁剧疆濂戠害 TTS 鍊嶉€熷彲璁剧疆骞惰鍙?00:00 +75 ~4: D:/MyGO/GoProject/yueyou/test/core/i_storage_service_test.dart: IStorageService 濂戠害 - LocalStorageService锛堝鎵?StorageService锛?鍏ㄥ眬璁剧疆濂戠害 鐜闊抽噺鍙缃苟璇诲彇
00:00 +76 ~4: D:/MyGO/GoProject/yueyou/test/core/i_storage_service_test.dart: IStorageService 濂戠害 - LocalStorageService锛堝鎵?StorageService锛?鍏ㄥ眬璁剧疆濂戠害 鐜闊充箰寮€鍏冲彲璁剧疆骞惰鍙?00:00 +77 ~4: D:/MyGO/GoProject/yueyou/test/core/i_storage_service_test.dart: IStorageService 濂戠害 - LocalStorageService锛堝鎵?StorageService锛?闅愮鍗忚濂戠害 榛樿鏈悓鎰?00:00 +78 ~4: D:/MyGO/GoProject/yueyou/test/core/i_storage_service_test.dart: IStorageService 濂戠害 - LocalStorageService锛堝鎵?StorageService锛?闅愮鍗忚濂戠害 setHasAgreedPrivacy(true) 鍚?hasAgreedPrivacy 杩斿洖 true
00:00 +79 ~4: D:/MyGO/GoProject/yueyou/test/core/i_storage_service_test.dart: LocalStorageService - 涔︾睄姝ｆ枃锛堥渶璺緞 mock锛?saveBookContent / loadBookContent 寰€杩斾竴鑷?00:01 +80 ~4: D:/MyGO/GoProject/yueyou/test/core/i_storage_service_test.dart: LocalStorageService - 涔︾睄姝ｆ枃锛堥渶璺緞 mock锛?deleteBookContent 鍚?loadBookContent 杩斿洖 null
00:01 +81 ~4: D:/MyGO/GoProject/yueyou/test/core/storage_service_test.dart: StorageService - 娓告垙鐘舵€?鍒濆鏈€浣冲垎鏁颁负 0
00:01 +82 ~4: D:/MyGO/GoProject/yueyou/test/core/storage_service_test.dart: StorageService - 娓告垙鐘舵€?鍒濆鏈€澶ц繛鍑讳负 0
00:01 +83 ~4: D:/MyGO/GoProject/yueyou/test/core/storage_service_test.dart: StorageService - 娓告垙鐘舵€?鏃犲瓨妗ｆ椂 loadGameState 杩斿洖 null
00:01 +84 ~4: D:/MyGO/GoProject/yueyou/test/core/storage_service_test.dart: StorageService - 娓告垙鐘舵€?瀛樻。 JSON 鎹熷潖鏃?loadGameState 杩斿洖 null
00:01 +85 ~4: D:/MyGO/GoProject/yueyou/test/core/storage_service_test.dart: StorageService - 娓告垙鐘舵€?淇濆瓨鍚?loadGameState 鎭㈠瀹屾暣蹇収
00:01 +86 ~4: D:/MyGO/GoProject/yueyou/test/core/storage_service_test.dart: StorageService - 娓告垙鐘舵€?saveGameState 鍚屾鍐欏叆 bestScore 蹇嵎閿?00:01 +87 ~4: D:/MyGO/GoProject/yueyou/test/core/storage_service_test.dart: StorageService - 娓告垙鐘舵€?saveGameState 鍚屾鍐欏叆 maxCombo 蹇嵎閿?00:01 +88 ~4: D:/MyGO/GoProject/yueyou/test/core/storage_service_test.dart: StorageService - 闃呰杩涘害 鏈褰曠殑涔︾睄杩斿洖榛樿杩涘害
00:01 +89 ~4: D:/MyGO/GoProject/yueyou/test/core/storage_service_test.dart: StorageService - 闃呰杩涘害 updateReadingRecord 鍚庡彲璇诲彇姝ｇ‘杩涘害
00:01 +90 ~4: D:/MyGO/GoProject/yueyou/test/core/storage_service_test.dart: StorageService - 闃呰杩涘害 deleteReadingRecord 鍚庢仮澶嶉粯璁ゅ€?00:01 +91 ~4: D:/MyGO/GoProject/yueyou/test/core/storage_service_test.dart: StorageService - 闃呰杩涘害 total 涓?0 鏃朵笉鍐欏叆璁板綍锛堥槻姝㈤櫎闆讹級
00:01 +92 ~4: D:/MyGO/GoProject/yueyou/test/core/storage_service_test.dart: StorageService - 闃呰杩涘害 reading_records JSON 鎹熷潖鏃惰繑鍥炵┖ Map
00:01 +93 ~4: D:/MyGO/GoProject/yueyou/test/core/storage_service_test.dart: StorageService - 闃呰杩涘害 percent 淇濈暀涓や綅灏忔暟
00:01 +94 ~4: D:/MyGO/GoProject/yueyou/test/core/storage_service_test.dart: StorageService - 褰撳墠灏忚 鍒濆褰撳墠灏忚绱㈠紩涓?0
00:01 +95 ~4: D:/MyGO/GoProject/yueyou/test/core/storage_service_test.dart: StorageService - 褰撳墠灏忚 setCurrentNovelIndex 鍚庡彲璇诲彇
00:01 +96 ~4: D:/MyGO/GoProject/yueyou/test/core/storage_service_test.dart: StorageService - 褰撳墠灏忚 鍒濆褰撳墠灏忚 ID 涓?null
00:01 +97 ~4: D:/MyGO/GoProject/yueyou/test/core/storage_service_test.dart: StorageService - 褰撳墠灏忚 setCurrentNovelId 鍚庡彲璇诲彇
00:01 +98 ~4: D:/MyGO/GoProject/yueyou/test/core/storage_service_test.dart: StorageService - 褰撳墠灏忚 setCurrentNovelId(null) 娓呴櫎 ID
00:01 +99 ~4: D:/MyGO/GoProject/yueyou/test/core/storage_service_test.dart: StorageService - 涔︽灦 绌轰功鏋惰繑鍥炵┖鍒楄〃
00:01 +100 ~4: D:/MyGO/GoProject/yueyou/test/core/storage_service_test.dart: StorageService - 涔︽灦 涔︽灦 JSON 鎹熷潖鏃惰繑鍥炵┖鍒楄〃
00:01 +101 ~4: D:/MyGO/GoProject/yueyou/test/core/storage_service_test.dart: StorageService - 涔︽灦 saveBookshelf / loadBookshelf 寰€杩斾竴鑷?00:01 +102 ~4: D:/MyGO/GoProject/yueyou/test/core/storage_service_test.dart: StorageService - 涔︽灦 瑕嗙洊鍐欏叆鍚庡彧淇濈暀鏈€鏂版暟鎹?00:01 +103 ~4: D:/MyGO/GoProject/yueyou/test/core/storage_service_test.dart: StorageService - 鍏ㄥ眬璁剧疆 闊虫晥榛樿寮€鍚?00:01 +104 ~4: D:/MyGO/GoProject/yueyou/test/core/storage_service_test.dart: StorageService - 鍏ㄥ眬璁剧疆 TTS 榛樿寮€鍚?00:01 +105 ~4: D:/MyGO/GoProject/yueyou/test/core/storage_service_test.dart: StorageService - 鍏ㄥ眬璁剧疆 TTS 鍊嶉€熼粯璁や负 1.0
00:01 +106 ~4: D:/MyGO/GoProject/yueyou/test/core/storage_service_test.dart: StorageService - 鍏ㄥ眬璁剧疆 绌洪棽瓒呮椂榛樿涓?1 鍒嗛挓
00:01 +107 ~4: D:/MyGO/GoProject/yueyou/test/core/storage_service_test.dart: StorageService - 鍏ㄥ眬璁剧疆 setSettingSound 鎸佷箙鍖栧苟鍙鍙?00:01 +108 ~4: D:/MyGO/GoProject/yueyou/test/core/storage_service_test.dart: StorageService - 鍏ㄥ眬璁剧疆 setSettingTtsRate 鎸佷箙鍖栧苟鍙鍙?00:01 +109 ~4: D:/MyGO/GoProject/yueyou/test/core/storage_service_test.dart: StorageService - 鍏ㄥ眬璁剧疆 setSettingIdleTimeout 鎸佷箙鍖栧苟鍙鍙?00:01 +110 ~4: D:/MyGO/GoProject/yueyou/test/core/storage_service_test.dart: StorageService - 鍏ㄥ眬璁剧疆 setSettingVoice 鎸佷箙鍖栧苟鍙鍙?00:01 +111 ~4: D:/MyGO/GoProject/yueyou/test/core/storage_service_test.dart: StorageService - 鍏ㄥ眬璁剧疆 setSettingAmbientVol 鎸佷箙鍖栧苟鍙鍙?00:01 +112 ~4: D:/MyGO/GoProject/yueyou/test/core/storage_service_test.dart: StorageService - 涔︾睄姝ｆ枃 saveBookContent / loadBookContent 寰€杩斾竴鑷?00:01 +113 ~4: D:/MyGO/GoProject/yueyou/test/core/storage_service_test.dart: StorageService - 涔︾睄姝ｆ枃 loadBookContent 鍦ㄦ枃浠朵笉瀛樺湪鏃惰繑鍥?null
00:01 +114 ~4: D:/MyGO/GoProject/yueyou/test/core/storage_service_test.dart: StorageService - 涔︾睄姝ｆ枃 deleteBookContent 鍦ㄦ枃浠朵笉瀛樺湪鏃朵笉鎶涘紓甯?00:01 +115 ~4: D:/MyGO/GoProject/yueyou/test/core/storage_service_test.dart: StorageService - 涔︾睄姝ｆ枃 deleteBookContent 鍦ㄦ枃浠跺瓨鍦ㄦ椂浼氬垹闄わ紝闅忓悗 loadBookContent 杩斿洖 null
00:01 +116 ~4: D:/MyGO/GoProject/yueyou/test/core/storage_service_test.dart: StorageService - 涔︾睄姝ｆ枃 loadBookContent 鍦?JSON 鎹熷潖鏃惰繑鍥?null
StorageService.loadBookContent error: FormatException: Unexpected end of input (at character 2)
{
 ^

#0      _ChunkedJsonParser.fail (dart:convert-patch/convert_patch.dart:1467:5)
#1      _ChunkedJsonParser.close (dart:convert-patch/convert_patch.dart:497:7)
#2      _parseJson (dart:convert-patch/convert_patch.dart:36:10)
#3      JsonDecoder.convert (dart:convert/json.dart:641:36)
#4      JsonCodec.decode (dart:convert/json.dart:223:41)
#5      jsonDecode (dart:convert/json.dart:160:12)
#6      StorageService.loadBookContent (package:yueyou/core/database/storage_service.dart:182:14)
<asynchronous suspension>
#7      main.<anonymous closure>.<anonymous closure> (file:///D:/MyGO/GoProject/yueyou/test/core/storage_service_test.dart:327:22)
<asynchronous suspension>
#8      Declarer.test.<anonymous closure>.<anonymous closure> (package:test_api/src/backend/declarer.dart:253:15)
<asynchronous suspension>
#9      Declarer.test.<anonymous closure> (package:test_api/src/backend/declarer.dart:250:11)
<asynchronous suspension>
#10     Invoker._waitForOutstandingCallbacks.<anonymous closure> (package:test_api/src/backend/invoker.dart:318:9)
<asynchronous suspension>

00:01 +117 ~4: D:/MyGO/GoProject/yueyou/test/core/storage_service_test.dart: StorageService - 涔︾睄姝ｆ枃 saveBookContent 鍦?IO 寮傚父鏃朵笉鎶涘嚭
00:01 +118 ~4: D:/MyGO/GoProject/yueyou/test/core/theme/theme_constants_test.dart: CyberColors 甯搁噺楠岃瘉 鑳屾櫙鑹插簲涓虹函榛?00:01 +119 ~4: D:/MyGO/GoProject/yueyou/test/core/theme/theme_constants_test.dart: CyberColors 甯搁噺楠岃瘉 闇撹櫣缁垮簲涓鸿禌鍗氭湅鍏嬬粡鍏歌壊
00:01 +120 ~4: D:/MyGO/GoProject/yueyou/test/core/theme/theme_constants_test.dart: CyberColors 甯搁噺楠岃瘉 闇撹櫣绮夊簲涓鸿禌鍗氭湅鍏嬬粡鍏歌壊
00:01 +121 ~4: D:/MyGO/GoProject/yueyou/test/core/theme/theme_constants_test.dart: CyberColors 甯搁噺楠岃瘉 鍗＄墖鑳屾櫙鑹插簲涓烘繁鐏扮幓鐠冩劅
00:01 +122 ~4: D:/MyGO/GoProject/yueyou/test/core/theme/theme_constants_test.dart: CyberColors 甯搁噺楠岃瘉 姣涚幓鐠冩繁搴曡壊搴斾负鍗婇€忔槑榛?00:01 +123 ~4: D:/MyGO/GoProject/yueyou/test/core/theme/theme_constants_test.dart: CyberColors 甯搁噺楠岃瘉 鐧借壊閫忔槑搴﹀眰绾у簲姝ｇ‘
00:01 +124 ~4: D:/MyGO/GoProject/yueyou/test/core/theme/theme_constants_test.dart: CyberColors 甯搁噺楠岃瘉 2048 鏂瑰潡娓愬彉鑹插簲姝ｇ‘
00:01 +125 ~4: D:/MyGO/GoProject/yueyou/test/core/theme/theme_constants_test.dart: CyberDimensions 灏哄楠岃瘉 鍦嗚绯荤粺搴旈€掑噺
00:01 +126 ~4: D:/MyGO/GoProject/yueyou/test/core/theme/theme_constants_test.dart: CyberDimensions 灏哄楠岃瘉 杈规绯荤粺搴斿悎鐞?00:01 +127 ~4: D:/MyGO/GoProject/yueyou/test/core/theme/theme_constants_test.dart: CyberDimensions 灏哄楠岃瘉 妯＄硦绯荤粺搴旈€掑噺
00:01 +128 ~4: D:/MyGO/GoProject/yueyou/test/core/theme/theme_constants_test.dart: CyberDimensions 灏哄楠岃瘉 闂磋窛绯荤粺搴斾负 8 鐨勫€嶆暟
00:01 +129 ~4: D:/MyGO/GoProject/yueyou/test/core/theme/theme_constants_test.dart: CyberShadows 闃村奖楠岃瘉 鏍囧噯闃村奖搴斿瓨鍦?00:01 +130 ~4: D:/MyGO/GoProject/yueyou/test/core/theme/theme_constants_test.dart: CyberShadows 闃村奖楠岃瘉 闇撹櫣鍏夋檿宸ュ巶鏂规硶搴斿伐浣?00:01 +131 ~4: D:/MyGO/GoProject/yueyou/test/core/theme/theme_constants_test.dart: CyberTextStyles 鏂囨湰鏍峰紡楠岃瘉 瀛椾綋鏃忓簲涓虹瓑瀹藉瓧浣?00:01 +132 ~4: D:/MyGO/GoProject/yueyou/test/core/theme/theme_constants_test.dart: CyberTextStyles 鏂囨湰鏍峰紡楠岃瘉 鎻愯瘝鍣ㄦ牱寮忓簲瀛樺湪
00:01 +133 ~4: D:/MyGO/GoProject/yueyou/test/core/theme/theme_constants_test.dart: CyberTextStyles 鏂囨湰鏍峰紡楠岃瘉 2048 鏁板瓧鏍峰紡搴斿瓨鍦?00:01 +134 ~4: D:/MyGO/GoProject/yueyou/test/core/theme/theme_constants_test.dart: CyberTextStyles 鏂囨湰鏍峰紡楠岃瘉 鎻愯瘝鍣ㄦ縺娲绘牱寮忓簲涓洪湏铏圭豢
00:02 +135 ~4: D:/MyGO/GoProject/yueyou/test/core/tts_cache_manager_test.dart: TtsCacheCleanResult deletedCount/freedBytes 姝ｇ‘瀛樺偍
00:02 +136 ~4: D:/MyGO/GoProject/yueyou/test/core/tts_cache_manager_test.dart: TtsCacheCleanResult freedBytesLabel锛欿B 鏍煎紡锛? 1MB锛?00:02 +137 ~4: D:/MyGO/GoProject/yueyou/test/core/tts_cache_manager_test.dart: TtsCacheCleanResult freedBytesLabel锛歁B 鏍煎紡锛?= 1MB锛?00:02 +138 ~4: D:/MyGO/GoProject/yueyou/test/core/tts_cache_manager_test.dart: TtsCacheCleanResult freedBytes = 0 鏃?freedBytesLabel 涓?0.0 KB
00:02 +139 ~4: D:/MyGO/GoProject/yueyou/test/core/tts_cache_manager_test.dart: TtsCacheCleanResult toString 鍖呭惈 deleted 鍜?freed 淇℃伅
00:02 +140 ~4: D:/MyGO/GoProject/yueyou/test/core/tts_cache_manager_test.dart: TtsCacheStat fileCount/totalSizeBytes 姝ｇ‘瀛樺偍
00:02 +141 ~4: D:/MyGO/GoProject/yueyou/test/core/tts_cache_manager_test.dart: TtsCacheStat sizeLabel锛欿B 鏍煎紡
00:02 +142 ~4: D:/MyGO/GoProject/yueyou/test/core/tts_cache_manager_test.dart: TtsCacheStat sizeLabel锛歁B 鏍煎紡锛?= 1MB锛?00:02 +143 ~4: D:/MyGO/GoProject/yueyou/test/core/tts_cache_manager_test.dart: TtsCacheStat fileCount=0 totalSizeBytes=0 鏃?sizeLabel 涓?0.0 KB
00:02 +144 ~4: D:/MyGO/GoProject/yueyou/test/core/tts_cache_manager_test.dart: TtsCacheStat toString 鍖呭惈 files 淇℃伅
00:02 +145 ~4: D:/MyGO/GoProject/yueyou/test/core/tts_cache_manager_test.dart: TtsCacheManager 绌虹洰褰曞鐞?绌虹洰褰曟椂 getStat 杩斿洖 fileCount=0
00:02 +146 ~4: D:/MyGO/GoProject/yueyou/test/core/tts_cache_manager_test.dart: TtsCacheManager 绌虹洰褰曞鐞?绌虹洰褰曟椂 cleanNow 杩斿洖 deletedCount=0
00:02 +147 ~4: D:/MyGO/GoProject/yueyou/test/core/tts_cache_manager_test.dart: TtsCacheManager 鏃堕棿娣樻卑绛栫暐 瓒呰繃鏃堕棿闃堝€肩殑鏂囦欢琚垹闄わ紙maxAgeHours=0 浣挎墍鏈夋枃浠剁珛鍗宠秴鏃讹級
[TtsCacheManager] 鉁?娓呯悊瀹屾垚锛氬垹闄?1 涓枃浠讹紝閲婃斁 1 KB
00:02 +148 ~4: D:/MyGO/GoProject/yueyou/test/core/tts_cache_manager_test.dart: TtsCacheManager 鏃堕棿娣樻卑绛栫暐 闃堝€艰冻澶熷ぇ鏃朵笉瑙﹀彂鏃堕棿娣樻卑
00:02 +149 ~4: D:/MyGO/GoProject/yueyou/test/core/tts_cache_manager_test.dart: TtsCacheManager 鏃堕棿娣樻卑绛栫暐 excludePath 鏂囦欢鍗充娇瓒呮椂涔熶笉琚垹闄?[TtsCacheManager] 鉁?娓呯悊瀹屾垚锛氬垹闄?1 涓枃浠讹紝閲婃斁 1 KB
00:02 +150 ~4: D:/MyGO/GoProject/yueyou/test/core/tts_cache_manager_test.dart: TtsCacheManager 澶у皬娣樻卑绛栫暐 鎬诲ぇ灏忚秴闃堝€兼椂鎸夋棫鈫掓柊鍒犻櫎鍒?70% 浠ヤ笅
[TtsCacheManager] 鈿狅笍 缂撳瓨瓒呴檺 1MB > 1MB锛屽紑濮嬪ぇ灏忔窐姹?..
[TtsCacheManager] 鉁?娓呯悊瀹屾垚锛氬垹闄?2 涓枃浠讹紝閲婃斁 800 KB
00:02 +151 ~4: D:/MyGO/GoProject/yueyou/test/core/tts_cache_manager_test.dart: TtsCacheManager 澶у皬娣樻卑绛栫暐 鎬诲ぇ灏忔湭瓒呴槇鍊兼椂涓嶈Е鍙戝ぇ灏忔窐姹?00:02 +152 ~4: D:/MyGO/GoProject/yueyou/test/core/tts_cache_manager_test.dart: TtsCacheManager 鏂囦欢杩囨护 闈?tts_*.mp3 鏂囦欢涓嶈娓呯悊
00:02 +153 ~4: D:/MyGO/GoProject/yueyou/test/core/tts_cache_manager_test.dart: TtsCacheManager 鏂囦欢杩囨护 getStat 鍙粺璁?tts_*.mp3 鏂囦欢
00:02 +154 ~4: D:/MyGO/GoProject/yueyou/test/core/tts_cache_manager_test.dart: TtsCacheManager 骞傜瓑淇濇姢 startPeriodicClean 澶氭璋冪敤涓嶄骇鐢熷涓畾鏃跺櫒
[TtsCacheManager] 瀹氭湡娓呯悊宸插惎鍔?(姣?60 鍒嗛挓锛岄槇鍊? 500MB / 24h)
[TtsCacheManager] 瀹氭湡娓呯悊宸插惎鍔?(姣?60 鍒嗛挓锛岄槇鍊? 500MB / 24h)
00:02 +155 ~4: D:/MyGO/GoProject/yueyou/test/core/tts_cache_manager_test.dart: TtsCacheManager 骞傜瓑淇濇姢 stopPeriodicClean 鏈惎鍔ㄦ椂璋冪敤涓嶅穿婧?00:02 +156 ~4: D:/MyGO/GoProject/yueyou/test/features/audio/ambient_service_test.dart: AmbientService 鍒濆鍖栫姸鎬?閲嶇疆鍚?enabled 涓?true
00:02 +157 ~4: D:/MyGO/GoProject/yueyou/test/features/audio/ambient_service_test.dart: AmbientService 鍒濆鍖栫姸鎬?閲嶇疆鍚?volume 涓?0.5
00:02 +158 ~4: D:/MyGO/GoProject/yueyou/test/features/audio/ambient_service_test.dart: AmbientService 鍒濆鍖栫姸鎬?閲嶇疆鍚?pausedByLifecycle 涓?false
00:02 +159 ~4: D:/MyGO/GoProject/yueyou/test/features/audio/ambient_service_test.dart: AmbientService.setEnabled setEnabled(false) 鏇存柊 _enabled 鐘舵€?00:02 +160 ~4: D:/MyGO/GoProject/yueyou/test/features/audio/ambient_service_test.dart: AmbientService.setEnabled setEnabled(true) 鏇存柊 _enabled 鐘舵€?00:02 +161 ~4: D:/MyGO/GoProject/yueyou/test/features/audio/ambient_service_test.dart: AmbientService.setEnabled 鏈垵濮嬪寲鏃?setEnabled(true) 涓嶅穿婧冿紙闈欓粯璺宠繃鎾斁锛?00:02 +162 ~4: D:/MyGO/GoProject/yueyou/test/features/audio/ambient_service_test.dart: AmbientService.setEnabled 鏈垵濮嬪寲鏃?setEnabled(false) 涓嶅穿婧?00:02 +163 ~4: D:/MyGO/GoProject/yueyou/test/features/audio/ambient_service_test.dart: AmbientService.setVolume 姝ｅ父闊抽噺鑼冨洿鍐欏叆
00:02 +164 ~4: D:/MyGO/GoProject/yueyou/test/features/audio/ambient_service_test.dart: AmbientService.setVolume 澶т簬 1.0 鏃惰 clamp 鍒?1.0
00:02 +165 ~4: D:/MyGO/GoProject/yueyou/test/features/audio/ambient_service_test.dart: AmbientService.setVolume 灏忎簬 0.0 鏃惰 clamp 鍒?0.0
00:02 +166 ~4: D:/MyGO/GoProject/yueyou/test/features/audio/ambient_service_test.dart: AmbientService.setVolume 0.0 闈欓煶杈圭晫
00:02 +167 ~4: D:/MyGO/GoProject/yueyou/test/features/audio/ambient_service_test.dart: AmbientService.setVolume 1.0 鏈€澶у€艰竟鐣?00:02 +168 ~4: D:/MyGO/GoProject/yueyou/test/features/audio/ambient_service_test.dart: AmbientService.pause / resume pause 鏃惰缃?pausedByLifecycle 涓?true
00:02 +169 ~4: D:/MyGO/GoProject/yueyou/test/features/audio/ambient_service_test.dart: AmbientService.pause / resume resume 鍚?pausedByLifecycle 褰掍负 false
00:02 +170 ~4: D:/MyGO/GoProject/yueyou/test/features/audio/ambient_service_test.dart: AmbientService.pause / resume 鏈垵濮嬪寲鏃?pause 涓嶅穿婧?00:02 +171 ~4: D:/MyGO/GoProject/yueyou/test/features/audio/ambient_service_test.dart: AmbientService.pause / resume 鏈垵濮嬪寲鏃?resume 涓嶅穿婧?00:02 +172 ~4: D:/MyGO/GoProject/yueyou/test/features/audio/ambient_service_test.dart: AmbientService.pause / resume enabled=false 鏃?pause 涓嶈缃?pausedByLifecycle
00:02 +173 ~4: D:/MyGO/GoProject/yueyou/test/features/audio/ambient_service_test.dart: AmbientService.dispose dispose 涓嶅穿婧?00:02 +174 ~4: D:/MyGO/GoProject/yueyou/test/features/audio/ambient_service_test.dart: AmbientService.dispose dispose 鍚?initialized 鐘舵€佸綊涓?false
00:02 +175 ~4: D:/MyGO/GoProject/yueyou/test/features/audio/ambient_service_test.dart: AmbientService.dispose 澶氭 dispose 涓嶅穿婧?00:02 +176 ~4: D:/MyGO/GoProject/yueyou/test/features/audio/ambient_service_test.dart: AmbientService.generateAmbientWav (setUpAll)
00:02 +176 ~4: D:/MyGO/GoProject/yueyou/test/features/audio/ambient_service_test.dart: AmbientService.generateAmbientWav 鐢熸垚鐨?WAV 澶撮儴鍖呭惈 RIFF 鏍囪瘑
00:02 +177 ~4: D:/MyGO/GoProject/yueyou/test/features/audio/ambient_service_test.dart: AmbientService.generateAmbientWav 鐢熸垚鐨?WAV 鍖呭惈 WAVE 鏍囪瘑
00:02 +178 ~4: D:/MyGO/GoProject/yueyou/test/features/audio/ambient_service_test.dart: AmbientService.generateAmbientWav 鐢熸垚鐨?WAV 涓?PCM 鏍煎紡锛坒mt=1锛?00:02 +179 ~4: D:/MyGO/GoProject/yueyou/test/features/audio/ambient_service_test.dart: AmbientService.generateAmbientWav 鐢熸垚鐨?WAV 涓哄崟澹伴亾
00:02 +180 ~4: D:/MyGO/GoProject/yueyou/test/features/audio/ambient_service_test.dart: AmbientService.generateAmbientWav 鐢熸垚鐨?WAV 閲囨牱鐜囦负 44100Hz
00:02 +181 ~4: D:/MyGO/GoProject/yueyou/test/features/audio/ambient_service_test.dart: AmbientService.generateAmbientWav 鐢熸垚鐨?WAV 浣嶆繁涓?16-bit
00:02 +182 ~4: D:/MyGO/GoProject/yueyou/test/features/audio/ambient_service_test.dart: AmbientService.generateAmbientWav 鐢熸垚鐨?WAV 鎬诲瓧鑺傛暟涓?3 绉掗鏈熶竴鑷?00:02 +183 ~4: D:/MyGO/GoProject/yueyou/test/features/audio/ambient_service_test.dart: AmbientService.generateAmbientWav 鍥哄畾绉嶅瓙鐢熸垚鍐呭纭畾鎬э紙姣忔鐩稿悓锛?00:02 +184 ~4: D:/MyGO/GoProject/yueyou/test/features/audio/ambient_service_test.dart: AmbientService.generateAmbientWav 澶村熬鍚?50ms 鏈夋贰鍏ユ贰鍑猴紙棣栨牱鏈帴杩?0锛?00:02 +185 ~4: D:/MyGO/GoProject/yueyou/test/features/audio/ambient_service_test.dart: AmbientService.generateAmbientWav (tearDownAll)
00:02 +185 ~4: D:/MyGO/GoProject/yueyou/test/features/audio/sfx_service_test.dart: SfxService init should completes
00:02 +186 ~4: D:/MyGO/GoProject/yueyou/test/features/audio/sfx_service_test.dart: SfxService playMoveFeedback should trigger haptic feedback
00:03 +187 ~4: D:/MyGO/GoProject/yueyou/test/features/audio/sfx_service_test.dart: SfxService playMerge should trigger haptic feedback and play audio
00:03 +188 ~4: D:/MyGO/GoProject/yueyou/test/features/audio/sfx_service_test.dart: SfxService dispose should not throw
00:03 +188 ~4: D:/MyGO/GoProject/yueyou/test/features/audio/sfx_service_test.dart: SfxService playMerge should trigger haptic feedback and play audio
SfxService.playMerge audio error: MissingPluginException(No implementation found for method getCurrentPosition on channel xyz.luan/audioplayers)
00:03 +188 ~4 -1: D:/MyGO/GoProject/yueyou/test/features/audio/tts_buffer_monitor_test.dart: TtsBufferStatus 鏋氫妇 鏋氫妇鍊兼暟閲忎负 4
00:03 +189 ~4 -1: D:/MyGO/GoProject/yueyou/test/features/audio/tts_buffer_monitor_test.dart: TtsBufferStatus 鏋氫妇 healthy < warning < critical 璇箟姝ｇ‘锛堥潪椤哄簭姣旇緝锛?00:03 +190 ~4 -1: D:/MyGO/GoProject/yueyou/test/features/audio/tts_buffer_monitor_test.dart: TtsEngineService.maxBufferedCount 榛樿閰嶇疆 maxBufferedCount = 6
00:03 +191 ~4 -1: D:/MyGO/GoProject/yueyou/test/features/audio/tts_buffer_monitor_test.dart: TtsEngineService.maxBufferedCount 鑷畾涔?maxPrefetchQueue 姝ｇ‘鏄犲皠
00:03 +191 ~4 -1: D:/MyGO/GoProject/yueyou/test/features/audio/tts_buffer_monitor_test.dart: TtsEngineService.maxBufferedCount 榛樿閰嶇疆 maxBufferedCount = 6
 娓呯悊娈嬬暀 TTS 鏂囦欢澶辫触: MissingPluginException(No implementation found for method getTemporaryDirectory on channel plugins.flutter.io/path_provider)
 鍙岃建娴佸獟浣揟TS寮曟搸宸插垵濮嬪寲 (state=TtsPlaybackState.disabled)
00:03 +192 ~4 -1: D:/MyGO/GoProject/yueyou/test/features/audio/tts_buffer_monitor_test.dart: TtsEngineService.bufferHealthRatio 寮曟搸鍒濆鐘舵€侀槦鍒椾负绌猴紝姣斾緥涓?0.0
00:03 +192 ~4 -1: D:/MyGO/GoProject/yueyou/test/features/audio/tts_buffer_monitor_test.dart: TtsEngineService.maxBufferedCount 鑷畾涔?maxPrefetchQueue 姝ｇ‘鏄犲皠
 娓呯悊娈嬬暀 TTS 鏂囦欢澶辫触: MissingPluginException(No implementation found for method getTemporaryDirectory on channel plugins.flutter.io/path_provider)
 鍙岃建娴佸獟浣揟TS寮曟搸宸插垵濮嬪寲 (state=TtsPlaybackState.disabled)
00:03 +193 ~4 -1: D:/MyGO/GoProject/yueyou/test/features/audio/tts_buffer_monitor_test.dart: TtsEngineService.bufferHealthRatio maxPrefetchQueue = 0 鏃朵笉闄ら浂锛岃繑鍥?1.0
00:03 +193 ~4 -1: D:/MyGO/GoProject/yueyou/test/features/audio/tts_buffer_monitor_test.dart: TtsEngineService.bufferHealthRatio 寮曟搸鍒濆鐘舵€侀槦鍒椾负绌猴紝姣斾緥涓?0.0
 娓呯悊娈嬬暀 TTS 鏂囦欢澶辫触: MissingPluginException(No implementation found for method getTemporaryDirectory on channel plugins.flutter.io/path_provider)
 鍙岃建娴佸獟浣揟TS寮曟搸宸插垵濮嬪寲 (state=TtsPlaybackState.disabled)
00:03 +194 ~4 -1: D:/MyGO/GoProject/yueyou/test/features/audio/tts_buffer_monitor_test.dart: TtsEngineService.bufferHealthRatio 姣斾緥涓嶈秴杩?1.0
00:03 +194 ~4 -1: D:/MyGO/GoProject/yueyou/test/features/audio/tts_buffer_monitor_test.dart: TtsEngineService.bufferHealthRatio maxPrefetchQueue = 0 鏃朵笉闄ら浂锛岃繑鍥?1.0
 娓呯悊娈嬬暀 TTS 鏂囦欢澶辫触: MissingPluginException(No implementation found for method getTemporaryDirectory on channel plugins.flutter.io/path_provider)
 鍙岃建娴佸獟浣揟TS寮曟搸宸插垵濮嬪寲 (state=TtsPlaybackState.disabled)
00:03 +195 ~4 -1: D:/MyGO/GoProject/yueyou/test/features/audio/tts_buffer_monitor_test.dart: TtsEngineService.bufferHealthRatio 姣斾緥涓嶄綆浜?0.0
00:03 +195 ~4 -1: D:/MyGO/GoProject/yueyou/test/features/audio/tts_buffer_monitor_test.dart: TtsEngineService.bufferHealthRatio 姣斾緥涓嶈秴杩?1.0
 娓呯悊娈嬬暀 TTS 鏂囦欢澶辫触: MissingPluginException(No implementation found for method getTemporaryDirectory on channel plugins.flutter.io/path_provider)
 鍙岃建娴佸獟浣揟TS寮曟搸宸插垵濮嬪寲 (state=TtsPlaybackState.disabled)
00:03 +196 ~4 -1: D:/MyGO/GoProject/yueyou/test/features/audio/tts_buffer_monitor_test.dart: TtsEngineService.bufferStatus 寮曟搸鏈惎鐢ㄦ椂杩斿洖 idle
00:03 +196 ~4 -1: D:/MyGO/GoProject/yueyou/test/features/audio/tts_buffer_monitor_test.dart: TtsEngineService.bufferHealthRatio 姣斾緥涓嶄綆浜?0.0
 娓呯悊娈嬬暀 TTS 鏂囦欢澶辫触: MissingPluginException(No implementation found for method getTemporaryDirectory on channel plugins.flutter.io/path_provider)
 鍙岃建娴佸獟浣揟TS寮曟搸宸插垵濮嬪寲 (state=TtsPlaybackState.disabled)
00:03 +197 ~4 -1: D:/MyGO/GoProject/yueyou/test/features/audio/tts_buffer_monitor_test.dart: TtsEngineService.bufferStatus 鏈惎鐢ㄦ椂 bufferStatus 涓嶈繑鍥?critical/warning/healthy
00:03 +197 ~4 -1: D:/MyGO/GoProject/yueyou/test/features/audio/tts_buffer_monitor_test.dart: TtsEngineService.bufferStatus 寮曟搸鏈惎鐢ㄦ椂杩斿洖 idle
 娓呯悊娈嬬暀 TTS 鏂囦欢澶辫触: MissingPluginException(No implementation found for method getTemporaryDirectory on channel plugins.flutter.io/path_provider)
 鍙岃建娴佸獟浣揟TS寮曟搸宸插垵濮嬪寲 (state=TtsPlaybackState.disabled)
00:03 +198 ~4 -1: D:/MyGO/GoProject/yueyou/test/features/audio/tts_buffer_monitor_test.dart: bufferStatus 闃堝€奸€昏緫 ratio=1.0 鈫?healthy
00:03 +198 ~4 -1: D:/MyGO/GoProject/yueyou/test/features/audio/tts_buffer_monitor_test.dart: TtsEngineService.bufferStatus 鏈惎鐢ㄦ椂 bufferStatus 涓嶈繑鍥?critical/warning/healthy
 娓呯悊娈嬬暀 TTS 鏂囦欢澶辫触: MissingPluginException(No implementation found for method getTemporaryDirectory on channel plugins.flutter.io/path_provider)
 鍙岃建娴佸獟浣揟TS寮曟搸宸插垵濮嬪寲 (state=TtsPlaybackState.disabled)
00:03 +199 ~4 -1: D:/MyGO/GoProject/yueyou/test/features/audio/tts_buffer_monitor_test.dart: bufferStatus 闃堝€奸€昏緫 ratio=0.6 鈫?healthy锛堣竟鐣岋級
00:03 +200 ~4 -1: D:/MyGO/GoProject/yueyou/test/features/audio/tts_buffer_monitor_test.dart: bufferStatus 闃堝€奸€昏緫 ratio=0.59 鈫?warning
00:03 +201 ~4 -1: D:/MyGO/GoProject/yueyou/test/features/audio/tts_buffer_monitor_test.dart: bufferStatus 闃堝€奸€昏緫 ratio=0.33 鈫?warning锛堣竟鐣岋級
00:03 +202 ~4 -1: D:/MyGO/GoProject/yueyou/test/features/audio/tts_buffer_monitor_test.dart: bufferStatus 闃堝€奸€昏緫 ratio=0.32 鈫?critical
00:03 +203 ~4 -1: D:/MyGO/GoProject/yueyou/test/features/audio/tts_buffer_monitor_test.dart: bufferStatus 闃堝€奸€昏緫 ratio=0.0 鈫?critical锛堥槦鍒楃┖锛?00:03 +204 ~4 -1: D:/MyGO/GoProject/yueyou/test/features/audio/tts_buffer_monitor_test.dart: bufferStatus 闃堝€奸€昏緫 enabled=false 鏃朵换鎰?ratio 鈫?idle
00:03 +205 ~4 -1: D:/MyGO/GoProject/yueyou/test/features/audio/tts_buffer_monitor_test.dart: TtsEngineService.bufferedCount 鍒濆鐘舵€?bufferedCount = 0
00:03 +206 ~4 -1: D:/MyGO/GoProject/yueyou/test/features/audio/tts_buffer_monitor_test.dart: TtsEngineService.bufferedCount bufferedCount <= maxBufferedCount
00:03 +206 ~4 -1: D:/MyGO/GoProject/yueyou/test/features/audio/tts_buffer_monitor_test.dart: TtsEngineService.bufferedCount 鍒濆鐘舵€?bufferedCount = 0
 娓呯悊娈嬬暀 TTS 鏂囦欢澶辫触: MissingPluginException(No implementation found for method getTemporaryDirectory on channel plugins.flutter.io/path_provider)
 鍙岃建娴佸獟浣揟TS寮曟搸宸插垵濮嬪寲 (state=TtsPlaybackState.disabled)
00:03 +207 ~4 -1: D:/MyGO/GoProject/yueyou/test/features/audio/tts_buffer_monitor_test.dart: bufferHealthRatio 涓?bufferedCount 涓€鑷存€?ratio = bufferedCount / maxBufferedCount
00:03 +207 ~4 -1: D:/MyGO/GoProject/yueyou/test/features/audio/tts_buffer_monitor_test.dart: TtsEngineService.bufferedCount bufferedCount <= maxBufferedCount
 娓呯悊娈嬬暀 TTS 鏂囦欢澶辫触: MissingPluginException(No implementation found for method getTemporaryDirectory on channel plugins.flutter.io/path_provider)
 鍙岃建娴佸獟浣揟TS寮曟搸宸插垵濮嬪寲 (state=TtsPlaybackState.disabled)
00:03 +208 ~4 -1: D:/MyGO/GoProject/yueyou/test/features/audio/tts_contract_test.dart: TtsEngineService - 濂戠害娴嬭瘯 閬靛惊鈥滃垎绂讳笅杞解€濆師鍒?- 鍏堣幏鍙朥RL鍐嶅崟鐙笅杞? 妫€鏌ヤ功绫嶅唴瀹?..
 TTS setEnabled: true (session=0)
 鍚姩鍙岃建寰幆...
鈻讹笍 鎾斁寰幆鍚姩 (session=0)
馃攧 棰勫姞杞藉惊鐜惎鍔?(session=0)
[TTS 缂撳啿鐩戞帶] 鈿狅笍 缂撳啿鍗遍櫓 (0/6 鍙ワ紝0%锛屾鍦ㄥ姞閫熼鍔犺浇)
鉁?鑾峰彇鏂囨湰: 娴嬭瘯鏂囨湰鍐呭瓒冲闀夸互閫氳繃鐭彞杩囨护
猬囷笍 寮€濮嬩笅杞介煶棰? 娴嬭瘯鏂囨湰鍐呭瓒冲闀夸互閫氳繃鐭彞杩囨护
馃殌馃殌馃殌 缁堟瀬纭 - 褰撳墠璇锋眰鐨勭湡瀹炲湴鍧€鏄? http://test.com/tts
馃摗 鍙戦€?TTS 璇锋眰: 娴嬭瘯鏂囨湰鍐呭瓒冲闀夸互閫氳繃鐭彞杩囨护
馃敶 TTS 鏈嶅姟鍣ㄥ師濮嬪搷搴斿唴瀹? {"status":"success","url":"https://example.com/audio.mp3"}
[TTS URL] https://example.com/audio.mp3
馃摜 寮€濮嬩笅杞介煶棰戞枃浠跺埌: ./tts_1777513369670.mp3
00:03 +209 ~4 -1: D:/MyGO/GoProject/yueyou/test/features/audio/tts_contract_test.dart: TtsEngineService - 濂戠害娴嬭瘯 澶勭悊閿欒鍝嶅簲 - 涓嶄笅杞芥棤鏁圲RL
00:03 +209 ~4 -1: D:/MyGO/GoProject/yueyou/test/features/audio/tts_contract_test.dart: TtsEngineService - 濂戠害娴嬭瘯 閬靛惊鈥滃垎绂讳笅杞解€濆師鍒?- 鍏堣幏鍙朥RL鍐嶅崟鐙笅杞?鈿狅笍 鏈湴 TTS 闄嶇骇寮曟搸鍒濆鍖栧け璐? MissingPluginException(No implementation found for method setLanguage on channel flutter_tts)
 鍙岃建娴佸獟浣揟TS寮曟搸宸插垵濮嬪寲 (state=TtsPlaybackState.buffering)
 鍒濆鍖栧畬鎴愬悗鍚姩鍙岃建寰幆...
[Local Path] ./tts_1777513369670.mp3
鉁?棰勫姞杞藉畬鎴? 娴嬭瘯鏂囨湰鍐呭瓒冲闀夸互閫氳繃鐭彞杩囨护 -> ./tts_1777513369670.mp3
鉁?鑾峰彇鏂囨湰: 娴嬭瘯鏂囨湰鍐呭瓒冲闀夸互閫氳繃鐭彞杩囨护
猬囷笍 寮€濮嬩笅杞介煶棰? 娴嬭瘯鏂囨湰鍐呭瓒冲闀夸互閫氳繃鐭彞杩囨护
馃殌馃殌馃殌 缁堟瀬纭 - 褰撳墠璇锋眰鐨勭湡瀹炲湴鍧€鏄? http://test.com/tts
馃摗 鍙戦€?TTS 璇锋眰: 娴嬭瘯鏂囨湰鍐呭瓒冲闀夸互閫氳繃鐭彞杩囨护
馃敶 TTS 鏈嶅姟鍣ㄥ師濮嬪搷搴斿唴瀹? {"status":"success","url":"https://example.com/audio.mp3"}
[TTS URL] https://example.com/audio.mp3
馃摜 寮€濮嬩笅杞介煶棰戞枃浠跺埌: ./tts_1777513369706.mp3
馃幀 闃熷垪鏈?1 涓煶棰戯紝鍑嗗鎾斁...
馃攰 鍑嗗鎾斁: ./tts_1777513369670.mp3 (size: 100B)
鈿狅笍 闊抽鏂囦欢澶皬 (100B < 1KB)锛岃烦杩囨挱鏀?[Local Path] ./tts_1777513369706.mp3
鉁?棰勫姞杞藉畬鎴? 娴嬭瘯鏂囨湰鍐呭瓒冲闀夸互閫氳繃鐭彞杩囨护 -> ./tts_1777513369706.mp3
鉁?鑾峰彇鏂囨湰: 娴嬭瘯鏂囨湰鍐呭瓒冲闀夸互閫氳繃鐭彞杩囨护
猬囷笍 寮€濮嬩笅杞介煶棰? 娴嬭瘯鏂囨湰鍐呭瓒冲闀夸互閫氳繃鐭彞杩囨护
馃殌馃殌馃殌 缁堟瀬纭 - 褰撳墠璇锋眰鐨勭湡瀹炲湴鍧€鏄? http://test.com/tts
馃摗 鍙戦€?TTS 璇锋眰: 娴嬭瘯鏂囨湰鍐呭瓒冲闀夸互閫氳繃鐭彞杩囨护
馃敶 TTS 鏈嶅姟鍣ㄥ師濮嬪搷搴斿唴瀹? {"status":"success","url":"https://example.com/audio.mp3"}
[TTS URL] https://example.com/audio.mp3
馃摜 寮€濮嬩笅杞介煶棰戞枃浠跺埌: ./tts_1777513369717.mp3
馃幀 闃熷垪鏈?1 涓煶棰戯紝鍑嗗鎾斁...
馃攰 鍑嗗鎾斁: ./tts_1777513369706.mp3 (size: 100B)
鈿狅笍 闊抽鏂囦欢澶皬 (100B < 1KB)锛岃烦杩囨挱鏀?00:03 +209 ~4 -1: D:/MyGO/GoProject/yueyou/test/features/audio/tts_contract_test.dart: TtsEngineService - 濂戠害娴嬭瘯 澶勭悊閿欒鍝嶅簲 - 涓嶄笅杞芥棤鏁圲RL
 妫€鏌ヤ功绫嶅唴瀹?..
 TTS setEnabled: true (session=0)
 鍚姩鍙岃建寰幆...
鈻讹笍 鎾斁寰幆鍚姩 (session=0)
馃攧 棰勫姞杞藉惊鐜惎鍔?(session=0)
[TTS 缂撳啿鐩戞帶] 鈿狅笍 缂撳啿鍗遍櫓 (0/6 鍙ワ紝0%锛屾鍦ㄥ姞閫熼鍔犺浇)
鉁?鑾峰彇鏂囨湰: 娴嬭瘯鏂囨湰鍐呭瓒冲闀夸互閫氳繃鐭彞杩囨护
猬囷笍 寮€濮嬩笅杞介煶棰? 娴嬭瘯鏂囨湰鍐呭瓒冲闀夸互閫氳繃鐭彞杩囨护
馃殌馃殌馃殌 缁堟瀬纭 - 褰撳墠璇锋眰鐨勭湡瀹炲湴鍧€鏄? http://test.com/tts
馃摗 鍙戦€?TTS 璇锋眰: 娴嬭瘯鏂囨湰鍐呭瓒冲闀夸互閫氳繃鐭彞杩囨护
鈿狅笍 TTS鏈嶅姟鍣ㄨ繑鍥為敊璇? 500 (灏濊瘯 1/2)
鍝嶅簲: {"status":"error","message":"鏈嶅姟鍣ㄩ敊璇?}
00:03 +209 ~4 -1: D:/MyGO/GoProject/yueyou/test/features/audio/tts_contract_test.dart: TtsEngineService - 濂戠害娴嬭瘯 閬靛惊鈥滃垎绂讳笅杞解€濆師鍒?- 鍏堣幏鍙朥RL鍐嶅崟鐙笅杞?[Local Path] ./tts_1777513369717.mp3
鉁?棰勫姞杞藉畬鎴? 娴嬭瘯鏂囨湰鍐呭瓒冲闀夸互閫氳繃鐭彞杩囨护 -> ./tts_1777513369717.mp3
鉁?鑾峰彇鏂囨湰: 娴嬭瘯鏂囨湰鍐呭瓒冲闀夸互閫氳繃鐭彞杩囨护
猬囷笍 寮€濮嬩笅杞介煶棰? 娴嬭瘯鏂囨湰鍐呭瓒冲闀夸互閫氳繃鐭彞杩囨护
馃殌馃殌馃殌 缁堟瀬纭 - 褰撳墠璇锋眰鐨勭湡瀹炲湴鍧€鏄? http://test.com/tts
馃摗 鍙戦€?TTS 璇锋眰: 娴嬭瘯鏂囨湰鍐呭瓒冲闀夸互閫氳繃鐭彞杩囨护
馃敶 TTS 鏈嶅姟鍣ㄥ師濮嬪搷搴斿唴瀹? {"status":"success","url":"https://example.com/audio.mp3"}
[TTS URL] https://example.com/audio.mp3
馃摜 寮€濮嬩笅杞介煶棰戞枃浠跺埌: ./tts_1777513369731.mp3
00:03 +209 ~4 -1: D:/MyGO/GoProject/yueyou/test/features/audio/tts_contract_test.dart: TtsEngineService - 濂戠害娴嬭瘯 澶勭悊閿欒鍝嶅簲 - 涓嶄笅杞芥棤鏁圲RL
 宸插洖鏀?1 涓畫鐣?TTS 涓存椂鏂囦欢
00:03 +209 ~4 -1: D:/MyGO/GoProject/yueyou/test/features/audio/tts_contract_test.dart: TtsEngineService - 濂戠害娴嬭瘯 閬靛惊鈥滃垎绂讳笅杞解€濆師鍒?- 鍏堣幏鍙朥RL鍐嶅崟鐙笅杞?馃幀 闃熷垪鏈?1 涓煶棰戯紝鍑嗗鎾斁...
00:03 +209 ~4 -1: D:/MyGO/GoProject/yueyou/test/features/audio/tts_contract_test.dart: TtsEngineService - 濂戠害娴嬭瘯 澶勭悊閿欒鍝嶅簲 - 涓嶄笅杞芥棤鏁圲RL
馃殌馃殌馃殌 缁堟瀬纭 - 褰撳墠璇锋眰鐨勭湡瀹炲湴鍧€鏄? http://test.com/tts
馃摗 鍙戦€?TTS 璇锋眰: 娴嬭瘯鏂囨湰鍐呭瓒冲闀夸互閫氳繃鐭彞杩囨护
鈿狅笍 TTS鏈嶅姟鍣ㄨ繑鍥為敊璇? 500 (灏濊瘯 2/2)
鍝嶅簲: {"status":"error","message":"鏈嶅姟鍣ㄩ敊璇?}
00:03 +209 ~4 -1: D:/MyGO/GoProject/yueyou/test/features/audio/tts_contract_test.dart: TtsEngineService - 濂戠害娴嬭瘯 閬靛惊鈥滃垎绂讳笅杞解€濆師鍒?- 鍏堣幏鍙朥RL鍐嶅崟鐙笅杞?鈿狅笍 鎾斁寮傚父锛岃烦杩囧綋鍓嶉」缁х画: PathNotFoundException: Cannot retrieve length of file, path = './tts_1777513369717.mp3' (OS Error: 绯荤粺鎵句笉鍒版寚瀹氱殑鏂囦欢銆? errno = 2)
00:03 +209 ~4 -1: D:/MyGO/GoProject/yueyou/test/features/audio/tts_contract_test.dart: TtsEngineService - 濂戠害娴嬭瘯 澶勭悊閿欒鍝嶅簲 - 涓嶄笅杞芥棤鏁圲RL
鈴?闃熷垪涓虹┖锛岃繘鍏ョ紦鍐茬姸鎬?..
鈿狅笍 鏈湴 TTS 闄嶇骇寮曟搸鍒濆鍖栧け璐? MissingPluginException(No implementation found for method setLanguage on channel flutter_tts)
 鍙岃建娴佸獟浣揟TS寮曟搸宸插垵濮嬪寲 (state=TtsPlaybackState.buffering)
 鍒濆鍖栧畬鎴愬悗鍚姩鍙岃建寰幆...
鈻讹笍 鎾斁寰幆鍚姩 (session=0)
馃攧 棰勫姞杞藉惊鐜惎鍔?(session=0)
[TTS 缂撳啿鐩戞帶] 鈿狅笍 缂撳啿鍗遍櫓 (0/6 鍙ワ紝0%锛屾鍦ㄥ姞閫熼鍔犺浇)
鈿狅笍 onNeedPrefetch 鏈粦瀹氾紝鏃犳硶鑾峰彇涓嬩竴鍙?鈿狅笍 鏈湴 TTS 闄嶇骇寮曟搸鍒濆鍖栧け璐? MissingPluginException(No implementation found for method setLanguage on channel flutter_tts)
 鍙岃建娴佸獟浣揟TS寮曟搸宸插垵濮嬪寲 (state=TtsPlaybackState.buffering)
 鍒濆鍖栧畬鎴愬悗鍚姩鍙岃建寰幆...
鈿狅笍 鏈湴 TTS 闄嶇骇鏈楄澶辫触: MissingPluginException(No implementation found for method speak on channel flutter_tts)
00:03 +209 ~4 -1: D:/MyGO/GoProject/yueyou/test/features/audio/tts_contract_test.dart: TtsEngineService - 濂戠害娴嬭瘯 閬靛惊鈥滃垎绂讳笅杞解€濆師鍒?- 鍏堣幏鍙朥RL鍐嶅崟鐙笅杞?鈿狅笍 鏈湴 TTS 闄嶇骇鏈楄澶辫触: MissingPluginException(No implementation found for method speak on channel flutter_tts)
00:03 +209 ~4 -1: D:/MyGO/GoProject/yueyou/test/features/audio/tts_contract_test.dart: TtsEngineService - 濂戠害娴嬭瘯 澶勭悊閿欒鍝嶅簲 - 涓嶄笅杞芥棤鏁圲RL
鈿狅笍 onNeedPrefetch 鏈粦瀹氾紝鏃犳硶鑾峰彇涓嬩竴鍙?鉁?鑾峰彇鏂囨湰: 娴嬭瘯鏂囨湰鍐呭瓒冲闀夸互閫氳繃鐭彞杩囨护
猬囷笍 寮€濮嬩笅杞介煶棰? 娴嬭瘯鏂囨湰鍐呭瓒冲闀夸互閫氳繃鐭彞杩囨护
馃殌馃殌馃殌 缁堟瀬纭 - 褰撳墠璇锋眰鐨勭湡瀹炲湴鍧€鏄? http://test.com/tts
馃摗 鍙戦€?TTS 璇锋眰: 娴嬭瘯鏂囨湰鍐呭瓒冲闀夸互閫氳繃鐭彞杩囨护
鈿狅笍 TTS鏈嶅姟鍣ㄨ繑鍥為敊璇? 500 (灏濊瘯 1/2)
鍝嶅簲: {"status":"error","message":"鏈嶅姟鍣ㄩ敊璇?}
鈿狅笍 onNeedPrefetch 鏈粦瀹氾紝鏃犳硶鑾峰彇涓嬩竴鍙?馃殌馃殌馃殌 缁堟瀬纭 - 褰撳墠璇锋眰鐨勭湡瀹炲湴鍧€鏄? http://test.com/tts
馃摗 鍙戦€?TTS 璇锋眰: 娴嬭瘯鏂囨湰鍐呭瓒冲闀夸互閫氳繃鐭彞杩囨护
鈿狅笍 TTS鏈嶅姟鍣ㄨ繑鍥為敊璇? 500 (灏濊瘯 2/2)
鍝嶅簲: {"status":"error","message":"鏈嶅姟鍣ㄩ敊璇?}
00:03 +209 ~4 -1: D:/MyGO/GoProject/yueyou/test/features/audio/tts_contract_test.dart: TtsEngineService - 濂戠害娴嬭瘯 閬靛惊鈥滃垎绂讳笅杞解€濆師鍒?- 鍏堣幏鍙朥RL鍐嶅崟鐙笅杞?[Local Path] ./tts_1777513369731.mp3
鉁?棰勫姞杞藉畬鎴? 娴嬭瘯鏂囨湰鍐呭瓒冲闀夸互閫氳繃鐭彞杩囨护 -> ./tts_1777513369731.mp3
鈿狅笍 鏈湴 TTS 闄嶇骇鏈楄澶辫触: MissingPluginException(No implementation found for method speak on channel flutter_tts)
00:03 +209 ~4 -1: D:/MyGO/GoProject/yueyou/test/features/audio/tts_contract_test.dart: TtsEngineService - 濂戠害娴嬭瘯 澶勭悊閿欒鍝嶅簲 - 涓嶄笅杞芥棤鏁圲RL
鈴?闃熷垪涓虹┖锛岃繘鍏ョ紦鍐茬姸鎬?..
鈿狅笍 onNeedPrefetch 鏈粦瀹氾紝鏃犳硶鑾峰彇涓嬩竴鍙?鈿狅笍 鏈湴 TTS 闄嶇骇鏈楄澶辫触: MissingPluginException(No implementation found for method speak on channel flutter_tts)
鈿狅笍 onNeedPrefetch 鏈粦瀹氾紝鏃犳硶鑾峰彇涓嬩竴鍙?鈿狅笍 杩炵画 4 娆′笅杞藉け璐ワ紝鏆傚仠 3 绉?鈿狅笍 onNeedPrefetch 鏈粦瀹氾紝鏃犳硶鑾峰彇涓嬩竴鍙?00:03 +209 ~4 -1: D:/MyGO/GoProject/yueyou/test/features/audio/tts_contract_test.dart: TtsEngineService - 濂戠害娴嬭瘯 閬靛惊鈥滃垎绂讳笅杞解€濆師鍒?- 鍏堣幏鍙朥RL鍐嶅崟鐙笅杞?鈿狅笍 鏈湴 TTS 闄嶇骇鏈楄澶辫触: MissingPluginException(No implementation found for method speak on channel flutter_tts)
00:03 +209 ~4 -1: D:/MyGO/GoProject/yueyou/test/features/audio/tts_contract_test.dart: TtsEngineService - 濂戠害娴嬭瘯 澶勭悊閿欒鍝嶅簲 - 涓嶄笅杞芥棤鏁圲RL
鈿狅笍 onNeedPrefetch 鏈粦瀹氾紝鏃犳硶鑾峰彇涓嬩竴鍙?鉁?鑾峰彇鏂囨湰: 娴嬭瘯鏂囨湰鍐呭瓒冲闀夸互閫氳繃鐭彞杩囨护
猬囷笍 寮€濮嬩笅杞介煶棰? 娴嬭瘯鏂囨湰鍐呭瓒冲闀夸互閫氳繃鐭彞杩囨护
馃殌馃殌馃殌 缁堟瀬纭 - 褰撳墠璇锋眰鐨勭湡瀹炲湴鍧€鏄? http://test.com/tts
馃摗 鍙戦€?TTS 璇锋眰: 娴嬭瘯鏂囨湰鍐呭瓒冲闀夸互閫氳繃鐭彞杩囨护
鈿狅笍 TTS鏈嶅姟鍣ㄨ繑鍥為敊璇? 500 (灏濊瘯 1/2)
鍝嶅簲: {"status":"error","message":"鏈嶅姟鍣ㄩ敊璇?}
鈿狅笍 onNeedPrefetch 鏈粦瀹氾紝鏃犳硶鑾峰彇涓嬩竴鍙?馃殌馃殌馃殌 缁堟瀬纭 - 褰撳墠璇锋眰鐨勭湡瀹炲湴鍧€鏄? http://test.com/tts
馃摗 鍙戦€?TTS 璇锋眰: 娴嬭瘯鏂囨湰鍐呭瓒冲闀夸互閫氳繃鐭彞杩囨护
鈿狅笍 TTS鏈嶅姟鍣ㄨ繑鍥為敊璇? 500 (灏濊瘯 2/2)
鍝嶅簲: {"status":"error","message":"鏈嶅姟鍣ㄩ敊璇?}
00:03 +209 ~4 -1: D:/MyGO/GoProject/yueyou/test/features/audio/tts_contract_test.dart: TtsEngineService - 濂戠害娴嬭瘯 閬靛惊鈥滃垎绂讳笅杞解€濆師鍒?- 鍏堣幏鍙朥RL鍐嶅崟鐙笅杞?鈿狅笍 鏈湴 TTS 闄嶇骇鏈楄澶辫触: MissingPluginException(No implementation found for method speak on channel flutter_tts)
00:03 +209 ~4 -1: D:/MyGO/GoProject/yueyou/test/features/audio/tts_contract_test.dart: TtsEngineService - 濂戠害娴嬭瘯 澶勭悊閿欒鍝嶅簲 - 涓嶄笅杞芥棤鏁圲RL
鈴?闃熷垪涓虹┖锛岃繘鍏ョ紦鍐茬姸鎬?..
鈿狅笍 onNeedPrefetch 鏈粦瀹氾紝鏃犳硶鑾峰彇涓嬩竴鍙?鈿狅笍 鏈湴 TTS 闄嶇骇鏈楄澶辫触: MissingPluginException(No implementation found for method speak on channel flutter_tts)
鈿狅笍 onNeedPrefetch 鏈粦瀹氾紝鏃犳硶鑾峰彇涓嬩竴鍙?鈿狅笍 杩炵画 3 娆′笅杞藉け璐ワ紝鏆傚仠 3 绉?鈿狅笍 onNeedPrefetch 鏈粦瀹氾紝鏃犳硶鑾峰彇涓嬩竴鍙?鈿狅笍 杩炵画 11 娆?onNeedPrefetch 杩斿洖 null锛屽仠姝?TTS
鉁?鑾峰彇鏂囨湰: 娴嬭瘯鏂囨湰鍐呭瓒冲闀夸互閫氳繃鐭彞杩囨护
猬囷笍 寮€濮嬩笅杞介煶棰? 娴嬭瘯鏂囨湰鍐呭瓒冲闀夸互閫氳繃鐭彞杩囨护
馃殌馃殌馃殌 缁堟瀬纭 - 褰撳墠璇锋眰鐨勭湡瀹炲湴鍧€鏄? http://test.com/tts
馃摗 鍙戦€?TTS 璇锋眰: 娴嬭瘯鏂囨湰鍐呭瓒冲闀夸互閫氳繃鐭彞杩囨护
 TTS setEnabled: false (session=1)
 TTS 宸插叧闂?鈿狅笍 TTS鏈嶅姟鍣ㄨ繑鍥為敊璇? 500 (灏濊瘯 1/2)
鍝嶅簲: {"status":"error","message":"鏈嶅姟鍣ㄩ敊璇?}
00:03 +209 ~4 -1: D:/MyGO/GoProject/yueyou/test/features/audio/tts_contract_test.dart: TtsEngineService - 濂戠害娴嬭瘯 閬靛惊鈥滃垎绂讳笅杞解€濆師鍒?- 鍏堣幏鍙朥RL鍐嶅崟鐙笅杞?鈿狅笍 鏈湴 TTS 闄嶇骇鏈楄澶辫触: MissingPluginException(No implementation found for method speak on channel flutter_tts)
00:03 +209 ~4 -1: D:/MyGO/GoProject/yueyou/test/features/audio/tts_contract_test.dart: TtsEngineService - 濂戠害娴嬭瘯 澶勭悊閿欒鍝嶅簲 - 涓嶄笅杞芥棤鏁圲RL
馃殌馃殌馃殌 缁堟瀬纭 - 褰撳墠璇锋眰鐨勭湡瀹炲湴鍧€鏄? http://test.com/tts
馃摗 鍙戦€?TTS 璇锋眰: 娴嬭瘯鏂囨湰鍐呭瓒冲闀夸互閫氳繃鐭彞杩囨护
鈿狅笍 TTS鏈嶅姟鍣ㄨ繑鍥為敊璇? 500 (灏濊瘯 2/2)
鍝嶅簲: {"status":"error","message":"鏈嶅姟鍣ㄩ敊璇?}
鈴?闃熷垪涓虹┖锛岃繘鍏ョ紦鍐茬姸鎬?..
鈿狅笍 鏈湴 TTS 闄嶇骇鏈楄澶辫触: MissingPluginException(No implementation found for method speak on channel flutter_tts)
00:03 +209 ~4 -1: D:/MyGO/GoProject/yueyou/test/features/audio/tts_contract_test.dart: TtsEngineService - 濂戠害娴嬭瘯 閬靛惊鈥滃垎绂讳笅杞解€濆師鍒?- 鍏堣幏鍙朥RL鍐嶅崟鐙笅杞?鈿狅笍 鏈湴 TTS 闄嶇骇鏈楄澶辫触: MissingPluginException(No implementation found for method speak on channel flutter_tts)
00:03 +210 ~4 -1: D:/MyGO/GoProject/yueyou/test/features/audio/tts_contract_test.dart: TtsEngineService - 濂戠害娴嬭瘯 澶勭悊閿欒鍝嶅簲 - 涓嶄笅杞芥棤鏁圲RL
鉁?鑾峰彇鏂囨湰: 娴嬭瘯鏂囨湰鍐呭瓒冲闀夸互閫氳繃鐭彞杩囨护
00:04 +210 ~4 -1: D:/MyGO/GoProject/yueyou/test/features/audio/tts_engine_service_test.dart: (setUpAll)
00:04 +210 ~4 -1: D:/MyGO/GoProject/yueyou/test/features/audio/tts_engine_service_test.dart: TtsEngineService getVoices 杩斿洖鍥哄畾鍒楄〃
[鎬ц兘鑷€傚簲] CPU 璇勫垎: 4ms, 鍐呭瓨鍗犵敤: 160.9MB
鈿狅笍 鏈湴 TTS 闄嶇骇寮曟搸鍒濆鍖栧け璐? MissingPluginException(No implementation found for method setLanguage on channel flutter_tts)
 鍙岃建娴佸獟浣揟TS寮曟搸宸插垵濮嬪寲 (state=TtsPlaybackState.disabled)
00:04 +211 ~4 -1: D:/MyGO/GoProject/yueyou/test/features/audio/tts_engine_service_test.dart: TtsEngineService 鍒濆鍖栧悗 isEnabled 涓?SettingsProvider.storyTts 瀵归綈
[鎬ц兘鑷€傚簲] CPU 璇勫垎: 5ms, 鍐呭瓨鍗犵敤: 158.0MB
鈿狅笍 鏈湴 TTS 闄嶇骇寮曟搸鍒濆鍖栧け璐? MissingPluginException(No implementation found for method setLanguage on channel flutter_tts)
 鍙岃建娴佸獟浣揟TS寮曟搸宸插垵濮嬪寲 (state=TtsPlaybackState.buffering)
 鍒濆鍖栧畬鎴愬悗鍚姩鍙岃建寰幆...
鈻讹笍 鎾斁寰幆鍚姩 (session=0)
馃攧 棰勫姞杞藉惊鐜惎鍔?(session=0)
[TTS 缂撳啿鐩戞帶] 鈿狅笍 缂撳啿鍗遍櫓 (0/6 鍙ワ紝0%锛屾鍦ㄥ姞閫熼鍔犺浇)
鈿狅笍 onNeedPrefetch 鏈粦瀹氾紝鏃犳硶鑾峰彇涓嬩竴鍙?00:04 +212 ~4 -1: D:/MyGO/GoProject/yueyou/test/features/audio/tts_engine_service_test.dart: TtsEngineService cycleSpeed 浼氭洿鏂?playbackRate 骞跺啓鍥炶缃?[鎬ц兘鑷€傚簲] CPU 璇勫垎: 3ms, 鍐呭瓨鍗犵敤: 159.0MB
鈿狅笍 鏈湴 TTS 闄嶇骇寮曟搸鍒濆鍖栧け璐? MissingPluginException(No implementation found for method setLanguage on channel flutter_tts)
 鍙岃建娴佸獟浣揟TS寮曟搸宸插垵濮嬪寲 (state=TtsPlaybackState.disabled)
00:04 +213 ~4 -1: D:/MyGO/GoProject/yueyou/test/features/audio/tts_engine_service_test.dart: TtsEngineService refreshSession 浼氶€掑 session 骞舵竻绌?currentItem
[鎬ц兘鑷€傚簲] CPU 璇勫垎: 3ms, 鍐呭瓨鍗犵敤: 159.9MB
鈿狅笍 鏈湴 TTS 闄嶇骇寮曟搸鍒濆鍖栧け璐? MissingPluginException(No implementation found for method setLanguage on channel flutter_tts)
 鍙岃建娴佸獟浣揟TS寮曟搸宸插垵濮嬪寲 (state=TtsPlaybackState.disabled)
 refreshSession: session=1
00:04 +214 ~4 -1: D:/MyGO/GoProject/yueyou/test/features/audio/tts_engine_service_test.dart: TtsEngineService SettingsProvider.setVoice 浼氳Е鍙?refreshSession
[鎬ц兘鑷€傚簲] CPU 璇勫垎: 3ms, 鍐呭瓨鍗犵敤: 160.5MB
鈿狅笍 鏈湴 TTS 闄嶇骇寮曟搸鍒濆鍖栧け璐? MissingPluginException(No implementation found for method setLanguage on channel flutter_tts)
 鍙岃建娴佸獟浣揟TS寮曟搸宸插垵濮嬪寲 (state=TtsPlaybackState.disabled)
 refreshSession: session=1
00:04 +215 ~4 -1: D:/MyGO/GoProject/yueyou/test/features/audio/tts_engine_service_test.dart: TtsEngineService play/pause 鍦ㄧ鐢ㄧ姸鎬佷笅鍙皟鐢ㄤ笖涓嶆姏寮傚父
[鎬ц兘鑷€傚簲] CPU 璇勫垎: 3ms, 鍐呭瓨鍗犵敤: 161.3MB
鈿狅笍 鏈湴 TTS 闄嶇骇寮曟搸鍒濆鍖栧け璐? MissingPluginException(No implementation found for method setLanguage on channel flutter_tts)
 鍙岃建娴佸獟浣揟TS寮曟搸宸插垵濮嬪寲 (state=TtsPlaybackState.disabled)
 妫€鏌ヤ功绫嶅唴瀹?..
 TTS setEnabled: true (session=0)
 鍚姩鍙岃建寰幆...
鈻讹笍 鎾斁寰幆鍚姩 (session=0)
馃攧 棰勫姞杞藉惊鐜惎鍔?(session=0)
[TTS 缂撳啿鐩戞帶] 鈿狅笍 缂撳啿鍗遍櫓 (0/6 鍙ワ紝0%锛屾鍦ㄥ姞閫熼鍔犺浇)
00:04 +216 ~4 -1: D:/MyGO/GoProject/yueyou/test/features/audio/tts_engine_service_test.dart: TtsEngineService with Mocks play 鍦ㄦ殏鍋滄椂搴旇皟鐢?AudioPlayer.resume 鍜?WakeLock.enable
[鎬ц兘鑷€傚簲] CPU 璇勫垎: 3ms, 鍐呭瓨鍗犵敤: 161.3MB
鈿狅笍 鏈湴 TTS 闄嶇骇寮曟搸鍒濆鍖栧け璐? MissingPluginException(No implementation found for method setLanguage on channel flutter_tts)
 鍙岃建娴佸獟浣揟TS寮曟搸宸插垵濮嬪寲 (state=TtsPlaybackState.buffering)
 鍒濆鍖栧畬鎴愬悗鍚姩鍙岃建寰幆...
鈻讹笍 鎾斁寰幆鍚姩 (session=0)
馃攧 棰勫姞杞藉惊鐜惎鍔?(session=0)
[TTS 缂撳啿鐩戞帶] 鈿狅笍 缂撳啿鍗遍櫓 (0/6 鍙ワ紝0%锛屾鍦ㄥ姞閫熼鍔犺浇)
鈴?onNeedPrefetch 杩斿洖 null锛屽綋鍓嶆殏鏃犲彲棰勫彇鏂囨湰
鈴?onNeedPrefetch 杩斿洖 null锛屽綋鍓嶆殏鏃犲彲棰勫彇鏂囨湰
鈴?onNeedPrefetch 杩斿洖 null锛屽綋鍓嶆殏鏃犲彲棰勫彇鏂囨湰
鈴?onNeedPrefetch 杩斿洖 null锛屽綋鍓嶆殏鏃犲彲棰勫彇鏂囨湰
鈴?onNeedPrefetch 杩斿洖 null锛屽綋鍓嶆殏鏃犲彲棰勫彇鏂囨湰
00:04 +217 ~4 -1: D:/MyGO/GoProject/yueyou/test/features/game_2048/game_flow_integration_test.dart: 娓告垙闆嗘垚 - 鍒濆鍖栨祦绋?鏂版父鎴忔鐩?4脳4 澶у皬姝ｇ‘
00:04 +217 ~4 -1: D:/MyGO/GoProject/yueyou/test/features/audio/tts_engine_service_test.dart: TtsEngineService with Mocks pause 搴旇皟鐢?AudioPlayer.pause 鍜?WakeLock.disable
[鎬ц兘鑷€傚簲] CPU 璇勫垎: 3ms, 鍐呭瓨鍗犵敤: 161.6MB
鈿狅笍 鏈湴 TTS 闄嶇骇寮曟搸鍒濆鍖栧け璐? MissingPluginException(No implementation found for method setLanguage on channel flutter_tts)
 鍙岃建娴佸獟浣揟TS寮曟搸宸插垵濮嬪寲 (state=TtsPlaybackState.buffering)
 鍒濆鍖栧畬鎴愬悗鍚姩鍙岃建寰幆...
鈻讹笍 鎾斁寰幆鍚姩 (session=0)
馃攧 棰勫姞杞藉惊鐜惎鍔?(session=0)
[TTS 缂撳啿鐩戞帶] 鈿狅笍 缂撳啿鍗遍櫓 (0/6 鍙ワ紝0%锛屾鍦ㄥ姞閫熼鍔犺浇)
鈴?onNeedPrefetch 杩斿洖 null锛屽綋鍓嶆殏鏃犲彲棰勫彇鏂囨湰
鈴?onNeedPrefetch 杩斿洖 null锛屽綋鍓嶆殏鏃犲彲棰勫彇鏂囨湰
鈴?onNeedPrefetch 杩斿洖 null锛屽綋鍓嶆殏鏃犲彲棰勫彇鏂囨湰
00:04 +218 ~4 -1: D:/MyGO/GoProject/yueyou/test/features/game_2048/game_flow_integration_test.dart: 娓告垙闆嗘垚 - 鍒濆鍖栨祦绋?鏂版父鎴忔鐩?4脳4 澶у皬姝ｇ‘
00:04 +218 ~4 -1: D:/MyGO/GoProject/yueyou/test/features/audio/tts_engine_service_test.dart: TtsEngineService with Mocks setEnabled(false) 搴旇皟鐢?stop 鍜?disable
[鎬ц兘鑷€傚簲] CPU 璇勫垎: 3ms, 鍐呭瓨鍗犵敤: 161.7MB
鈿狅笍 鏈湴 TTS 闄嶇骇寮曟搸鍒濆鍖栧け璐? MissingPluginException(No implementation found for method setLanguage on channel flutter_tts)
 鍙岃建娴佸獟浣揟TS寮曟搸宸插垵濮嬪寲 (state=TtsPlaybackState.buffering)
 鍒濆鍖栧畬鎴愬悗鍚姩鍙岃建寰幆...
鈻讹笍 鎾斁寰幆鍚姩 (session=0)
馃攧 棰勫姞杞藉惊鐜惎鍔?(session=0)
[TTS 缂撳啿鐩戞帶] 鈿狅笍 缂撳啿鍗遍櫓 (0/6 鍙ワ紝0%锛屾鍦ㄥ姞閫熼鍔犺浇)
鈴?onNeedPrefetch 杩斿洖 null锛屽綋鍓嶆殏鏃犲彲棰勫彇鏂囨湰
鈴?onNeedPrefetch 杩斿洖 null锛屽綋鍓嶆殏鏃犲彲棰勫彇鏂囨湰
鈴?onNeedPrefetch 杩斿洖 null锛屽綋鍓嶆殏鏃犲彲棰勫彇鏂囨湰
 TTS setEnabled: false (session=1)
 TTS 宸插叧闂?00:04 +219 ~4 -1: D:/MyGO/GoProject/yueyou/test/features/game_2048/game_flow_integration_test.dart: 娓告垙闆嗘垚 - 鍒濆鍖栨祦绋?鏂版父鎴忔鐩?4脳4 澶у皬姝ｇ‘
00:04 +219 ~4 -1: D:/MyGO/GoProject/yueyou/test/features/audio/tts_engine_service_test.dart: TtsEngineService with Mocks refreshSession 搴旇皟鐢?AudioPlayer.stop
[鎬ц兘鑷€傚簲] CPU 璇勫垎: 3ms, 鍐呭瓨鍗犵敤: 161.7MB
鈿狅笍 鏈湴 TTS 闄嶇骇寮曟搸鍒濆鍖栧け璐? MissingPluginException(No implementation found for method setLanguage on channel flutter_tts)
 鍙岃建娴佸獟浣揟TS寮曟搸宸插垵濮嬪寲 (state=TtsPlaybackState.disabled)
 refreshSession: session=1
00:04 +220 ~4 -1: D:/MyGO/GoProject/yueyou/test/features/game_2048/game_flow_integration_test.dart: 娓告垙闆嗘垚 - 鍒濆鍖栨祦绋?鏂版父鎴忔鐩?4脳4 澶у皬姝ｇ‘
00:04 +220 ~4 -1: D:/MyGO/GoProject/yueyou/test/features/audio/tts_engine_service_test.dart: TtsEngineService with Mocks cycleSpeed 搴旇皟鐢?AudioPlayer.setPlaybackRate
[鎬ц兘鑷€傚簲] CPU 璇勫垎: 3ms, 鍐呭瓨鍗犵敤: 161.7MB
鈿狅笍 鏈湴 TTS 闄嶇骇寮曟搸鍒濆鍖栧け璐? MissingPluginException(No implementation found for method setLanguage on channel flutter_tts)
 鍙岃建娴佸獟浣揟TS寮曟搸宸插垵濮嬪寲 (state=TtsPlaybackState.disabled)
00:04 +221 ~4 -1: D:/MyGO/GoProject/yueyou/test/features/game_2048/game_flow_integration_test.dart: 娓告垙闆嗘垚 - 鍒濆鍖栨祦绋?鏂版父鎴忔鐩?4脳4 澶у皬姝ｇ‘
00:04 +221 ~4 -1: D:/MyGO/GoProject/yueyou/test/features/audio/tts_engine_service_test.dart: TtsEngineService with Mocks dispose 搴旇皟鐢?AudioPlayer.dispose
[鎬ц兘鑷€傚簲] CPU 璇勫垎: 3ms, 鍐呭瓨鍗犵敤: 161.8MB
鈿狅笍 鏈湴 TTS 闄嶇骇寮曟搸鍒濆鍖栧け璐? MissingPluginException(No implementation found for method setLanguage on channel flutter_tts)
 鍙岃建娴佸獟浣揟TS寮曟搸宸插垵濮嬪寲 (state=TtsPlaybackState.disabled)
00:04 +222 ~4 -1: D:/MyGO/GoProject/yueyou/test/features/game_2048/game_flow_integration_test.dart: 娓告垙闆嗘垚 - 鍒濆鍖栨祦绋?鏂版父鎴忔鐩?4脳4 澶у皬姝ｇ‘
00:04 +222 ~4 -1: D:/MyGO/GoProject/yueyou/test/features/audio/tts_engine_service_test.dart: TtsEngineService with Mocks 鍒濆鍖栨椂搴旇缃煶閲?[鎬ц兘鑷€傚簲] CPU 璇勫垎: 3ms, 鍐呭瓨鍗犵敤: 161.8MB
鈿狅笍 鏈湴 TTS 闄嶇骇寮曟搸鍒濆鍖栧け璐? MissingPluginException(No implementation found for method setLanguage on channel flutter_tts)
 鍙岃建娴佸獟浣揟TS寮曟搸宸插垵濮嬪寲 (state=TtsPlaybackState.disabled)
00:04 +223 ~4 -1: D:/MyGO/GoProject/yueyou/test/features/audio/tts_engine_service_test.dart: TtsEngineService with Mocks 鍒濆鍖栨椂搴旇缃煶閲?00:04 +224 ~4 -1: D:/MyGO/GoProject/yueyou/test/features/game_2048/game_flow_integration_test.dart: 娓告垙闆嗘垚 - 鍒濆鍖栨祦绋?鏂版父鎴忔湁涓斾粎鏈?2 涓垵濮嬫柟鍧?00:04 +225 ~4 -1: D:/MyGO/GoProject/yueyou/test/features/audio/tts_engine_service_test.dart: TtsEngineService with Mocks syncSpeedFromSettings 搴旀洿鏂?playbackRate
00:04 +226 ~4 -1: D:/MyGO/GoProject/yueyou/test/features/audio/tts_engine_service_test.dart: TtsEngineService with Mocks syncSpeedFromSettings 搴旀洿鏂?playbackRate
[鎬ц兘鑷€傚簲] CPU 璇勫垎: 3ms, 鍐呭瓨鍗犵敤: 161.8MB
鈿狅笍 鏈湴 TTS 闄嶇骇寮曟搸鍒濆鍖栧け璐? MissingPluginException(No implementation found for method setLanguage on channel flutter_tts)
 鍙岃建娴佸獟浣揟TS寮曟搸宸插垵濮嬪寲 (state=TtsPlaybackState.disabled)
00:04 +227 ~4 -1: D:/MyGO/GoProject/yueyou/test/features/audio/tts_engine_service_test.dart: TtsEngineService with Mocks syncSpeedFromSettings 搴旀洿鏂?playbackRate
00:04 +228 ~4 -1: D:/MyGO/GoProject/yueyou/test/features/game_2048/game_flow_integration_test.dart: 娓告垙闆嗘垚 - 鍒濆鍖栨祦绋?isOver 鍒濆涓?false
00:04 +229 ~4 -1: D:/MyGO/GoProject/yueyou/test/features/audio/tts_engine_service_test.dart: TtsEngineService with Mocks syncSpeedFromSettings 鐩稿悓鍊兼椂涓嶆洿鏂?[鎬ц兘鑷€傚簲] CPU 璇勫垎: 4ms, 鍐呭瓨鍗犵敤: 162.9MB
鈿狅笍 鏈湴 TTS 闄嶇骇寮曟搸鍒濆鍖栧け璐? MissingPluginException(No implementation found for method setLanguage on channel flutter_tts)
 鍙岃建娴佸獟浣揟TS寮曟搸宸插垵濮嬪寲 (state=TtsPlaybackState.disabled)
00:04 +230 ~4 -1: D:/MyGO/GoProject/yueyou/test/features/game_2048/game_flow_integration_test.dart: 娓告垙闆嗘垚 - 婊戝姩涓庡悎骞舵祦绋?浠绘剰鏂瑰悜婊戝姩鍚庢鐩樼姸鎬佸彂鐢熷彉鍖栵紙闈為攣姝诲眬锛?00:04 +231 ~4 -1: D:/MyGO/GoProject/yueyou/test/features/audio/tts_engine_service_test.dart: TtsEngineService with Mocks stopAll 搴旈€掑 session 骞惰皟鐢?stop
[鎬ц兘鑷€傚簲] CPU 璇勫垎: 3ms, 鍐呭瓨鍗犵敤: 162.2MB
00:04 +232 ~4 -1: D:/MyGO/GoProject/yueyou/test/features/audio/tts_engine_service_test.dart: TtsEngineService with Mocks stopAll 搴旈€掑 session 骞惰皟鐢?stop
鈿狅笍 鏈湴 TTS 闄嶇骇寮曟搸鍒濆鍖栧け璐? MissingPluginException(No implementation found for method setLanguage on channel flutter_tts)
 鍙岃建娴佸獟浣揟TS寮曟搸宸插垵濮嬪寲 (state=TtsPlaybackState.buffering)
 鍒濆鍖栧畬鎴愬悗鍚姩鍙岃建寰幆...
鈻讹笍 鎾斁寰幆鍚姩 (session=0)
馃攧 棰勫姞杞藉惊鐜惎鍔?(session=0)
[TTS 缂撳啿鐩戞帶] 鈿狅笍 缂撳啿鍗遍櫓 (0/6 鍙ワ紝0%锛屾鍦ㄥ姞閫熼鍔犺浇)
鈴?onNeedPrefetch 杩斿洖 null锛屽綋鍓嶆殏鏃犲彲棰勫彇鏂囨湰
鈴?onNeedPrefetch 杩斿洖 null锛屽綋鍓嶆殏鏃犲彲棰勫彇鏂囨湰
00:04 +233 ~4 -1: D:/MyGO/GoProject/yueyou/test/features/game_2048/game_flow_integration_test.dart: 娓告垙闆嗘垚 - 婊戝姩涓庡悎骞舵祦绋?reset 鍚庢鐩樻仮澶嶄负鏂版父鎴忕姸鎬?00:04 +234 ~4 -1: D:/MyGO/GoProject/yueyou/test/features/game_2048/game_flow_integration_test.dart: 娓告垙闆嗘垚 - 婊戝姩涓庡悎骞舵祦绋?reset 鍚?notifyListeners 瑙﹀彂锛坰core/combo 褰掗浂锛?00:04 +235 ~4 -1: D:/MyGO/GoProject/yueyou/test/features/audio/tts_engine_service_test.dart: TtsEngineService with Mocks 鍚敤鐘舵€佷笅 refreshSession 搴旇Е鍙戦噸鍚垎鏀?[鎬ц兘鑷€傚簲] CPU 璇勫垎: 3ms, 鍐呭瓨鍗犵敤: 162.2MB
鈿狅笍 鏈湴 TTS 闄嶇骇寮曟搸鍒濆鍖栧け璐? MissingPluginException(No implementation found for method setLanguage on channel flutter_tts)
 鍙岃建娴佸獟浣揟TS寮曟搸宸插垵濮嬪寲 (state=TtsPlaybackState.disabled)
00:04 +236 ~4 -1: D:/MyGO/GoProject/yueyou/test/features/audio/tts_engine_service_test.dart: TtsEngineService with Mocks 鍚敤鐘舵€佷笅 refreshSession 搴旇Е鍙戦噸鍚垎鏀? 妫€鏌ヤ功绫嶅唴瀹?..
 TTS setEnabled: true (session=0)
 鍚姩鍙岃建寰幆...
鈻讹笍 鎾斁寰幆鍚姩 (session=0)
馃攧 棰勫姞杞藉惊鐜惎鍔?(session=0)
[TTS 缂撳啿鐩戞帶] 鈿狅笍 缂撳啿鍗遍櫓 (0/6 鍙ワ紝0%锛屾鍦ㄥ姞閫熼鍔犺浇)
 refreshSession: session=1
00:04 +237 ~4 -1: D:/MyGO/GoProject/yueyou/test/features/game_2048/game_flow_integration_test.dart: 娓告垙闆嗘垚 - 鐘舵€佹寔涔呭寲娴佺▼ soundEnabled 榛樿涓?true
00:04 +238 ~4 -1: D:/MyGO/GoProject/yueyou/test/features/audio/tts_engine_service_test.dart: TtsEngineService with Mocks 鍚敤鐘舵€佷笅 notifyUserActivity 搴旀墽琛岄噸缃鏃跺櫒鍒嗘敮
00:04 +239 ~4 -1: D:/MyGO/GoProject/yueyou/test/features/audio/tts_engine_service_test.dart: TtsEngineService with Mocks 鍚敤鐘舵€佷笅 notifyUserActivity 搴旀墽琛岄噸缃鏃跺櫒鍒嗘敮
[鎬ц兘鑷€傚簲] CPU 璇勫垎: 4ms, 鍐呭瓨鍗犵敤: 165.7MB
鈿狅笍 鏈湴 TTS 闄嶇骇寮曟搸鍒濆鍖栧け璐? MissingPluginException(No implementation found for method setLanguage on channel flutter_tts)
 鍙岃建娴佸獟浣揟TS寮曟搸宸插垵濮嬪寲 (state=TtsPlaybackState.disabled)
00:04 +240 ~4 -1: D:/MyGO/GoProject/yueyou/test/features/audio/tts_engine_service_test.dart: TtsEngineService with Mocks 鍚敤鐘舵€佷笅 notifyUserActivity 搴旀墽琛岄噸缃鏃跺櫒鍒嗘敮
 妫€鏌ヤ功绫嶅唴瀹?..
 TTS setEnabled: true (session=0)
 鍚姩鍙岃建寰幆...
鈻讹笍 鎾斁寰幆鍚姩 (session=0)
馃攧 棰勫姞杞藉惊鐜惎鍔?(session=0)
[TTS 缂撳啿鐩戞帶] 鈿狅笍 缂撳啿鍗遍櫓 (0/6 鍙ワ紝0%锛屾鍦ㄥ姞閫熼鍔犺浇)
00:04 +241 ~4 -1: D:/MyGO/GoProject/yueyou/test/features/game_2048/game_flow_integration_test.dart: 娓告垙闆嗘垚 - 娓告垙缁撴潫鍒ゅ畾 onGameOver stream 鍦ㄦ敞鍏?isOver=true 鏃惰Е鍙?00:04 +242 ~4 -1: D:/MyGO/GoProject/yueyou/test/features/audio/tts_engine_service_test.dart: TtsEngineService with Mocks testConnection 澶辫触鍚庡簲鏆撮湶 lastError 涓斿彲娓呯悊
[鎬ц兘鑷€傚簲] CPU 璇勫垎: 3ms, 鍐呭瓨鍗犵敤: 161.9MB
鈿狅笍 鏈湴 TTS 闄嶇骇寮曟搸鍒濆鍖栧け璐? MissingPluginException(No implementation found for method setLanguage on channel flutter_tts)
 鍙岃建娴佸獟浣揟TS寮曟搸宸插垵濮嬪寲 (state=TtsPlaybackState.disabled)
馃摗 鍙戦€?TTS 娴嬭瘯璇锋眰: 娴嬭瘯鏂囨湰涓€浜屼笁鍥涗簲
00:04 +243 ~4 -1: D:/MyGO/GoProject/yueyou/test/features/game_2048/game_flow_integration_test.dart: 娓告垙闆嗘垚 - 娓告垙缁撴潫鍒ゅ畾 娓告垙缁撴潫鍚?reset 鍙仮澶嶆甯哥姸鎬?00:04 +244 ~4 -1: D:/MyGO/GoProject/yueyou/test/features/audio/tts_engine_service_test.dart: TtsEngineService - hard branches (prefetch/download) (setUpAll)
00:04 +244 ~4 -1: D:/MyGO/GoProject/yueyou/test/features/game_2048/game_flow_integration_test.dart: 娓告垙闆嗘垚 - onUserMove 鍥炶皟 鏈夋晥绉诲姩鏃?onUserMove 琚皟鐢?00:04 +245 ~4 -1: D:/MyGO/GoProject/yueyou/test/features/audio/tts_engine_service_test.dart: TtsEngineService - hard branches (prefetch/download) 鐭彞(<5瀛楃)搴旇杩囨护锛氫笉瑙﹀彂 HTTP 璇锋眰涓斾笉鍏ラ槦
00:04 +246 ~4 -1: D:/MyGO/GoProject/yueyou/test/features/audio/tts_engine_service_test.dart: TtsEngineService - hard branches (prefetch/download) HTTP 400锛氬簲鐩存帴璺宠繃涓嶉噸璇曪紙post 浠?1 娆★級
00:04 +247 ~4 -1: D:/MyGO/GoProject/yueyou/test/features/audio/tts_engine_service_test.dart: TtsEngineService - hard branches (prefetch/download) HTTP 500锛氬簲鎸?maxRetries 閲嶈瘯锛坧ost 娆℃暟= maxRetries锛?00:04 +248 ~4 -1: D:/MyGO/GoProject/yueyou/test/features/audio/tts_engine_service_test.dart: TtsEngineService - hard branches (prefetch/download) 杩炵画涓嬭浇澶辫触鈮?娆★細搴旇Е鍙?5绉掗€€閬跨瓑寰?00:04 +249 ~4 -1: D:/MyGO/GoProject/yueyou/test/features/audio/tts_engine_service_test.dart: TtsEngineService - hard branches (prefetch/download) HTTP 璇锋眰鎶涘紓甯革細搴旀寚鏁伴€€閬垮悗閲嶈瘯骞舵渶缁堟垚鍔?[TTS][RELEASE] 涓嬭浇澶辫触 (灏濊瘯1): SocketException: x
00:04 +250 ~4 -1: D:/MyGO/GoProject/yueyou/test/features/audio/tts_engine_service_test.dart: TtsEngineService - hard branches (prefetch/download) (tearDownAll)
00:04 +250 ~4 -1: D:/MyGO/GoProject/yueyou/test/features/audio/tts_engine_service_test.dart: TtsEngineService - idle timeout 绌洪棽瓒呮椂瑙﹀彂鍚庡簲鑷姩 setEnabled(false) 骞跺啓鍥?storyTts=false
[鎬ц兘鑷€傚簲] CPU 璇勫垎: 3ms, 鍐呭瓨鍗犵敤: 165.2MB
 妫€鏌ヤ功绫嶅唴瀹?..
 TTS setEnabled: true (session=0)
 鍚姩鍙岃建寰幆...
鈻讹笍 鎾斁寰幆鍚姩 (session=0)
馃攧 棰勫姞杞藉惊鐜惎鍔?(session=0)
 绌洪棽瓒呮椂 1min锛岃嚜鍔ㄦ殏鍋?TTS
 TTS setEnabled: false (session=1)
 TTS 宸插叧闂?00:04 +251 ~4 -1: D:/MyGO/GoProject/yueyou/test/features/audio/tts_engine_service_test.dart: TtsEngineService - idle timeout 绌洪棽瓒呮椂瑙﹀彂鍚庡簲鑷姩 setEnabled(false) 骞跺啓鍥?storyTts=false
鈿狅笍 鏈湴 TTS 闄嶇骇寮曟搸鍒濆鍖栧け璐? MissingPluginException(No implementation found for method setLanguage on channel flutter_tts)
 鍙岃建娴佸獟浣揟TS寮曟搸宸插垵濮嬪寲 (state=TtsPlaybackState.disabled)
00:04 +251 ~4 -1: D:/MyGO/GoProject/yueyou/test/features/audio/tts_engine_service_test.dart: TtsEngineService - play loop branches (setUpAll)
00:04 +251 ~4 -1: D:/MyGO/GoProject/yueyou/test/features/audio/tts_engine_service_test.dart: TtsEngineService - play loop branches 鎴愬姛涓嬭浇骞舵挱鏀撅細瑙﹀彂 started/finished 涓斿垹闄や复鏃舵枃浠?00:04 +252 ~4 -1: D:/MyGO/GoProject/yueyou/test/features/audio/tts_engine_service_test.dart: TtsEngineService - play loop branches 闊抽鏂囦欢澶皬(<1KB)锛氬簲璺宠繃涓斾笉璋冪敤 setSource
00:04 +253 ~4 -1: D:/MyGO/GoProject/yueyou/test/features/audio/tts_engine_service_test.dart: TtsEngineService - play loop branches AudioPlayer.setSource 鎶涘紓甯革細搴旇繘鍏ュ紓甯告仮澶嶅垎鏀苟 stop
00:04 +254 ~4 -1: D:/MyGO/GoProject/yueyou/test/features/audio/tts_engine_service_test.dart: TtsEngineService - play loop branches (tearDownAll)
00:04 +254 ~4 -1: D:/MyGO/GoProject/yueyou/test/features/audio/tts_engine_service_test.dart: TtsEngineService - testConnection branches (setUpAll)
00:04 +254 ~4 -1: D:/MyGO/GoProject/yueyou/test/features/audio/tts_engine_service_test.dart: TtsEngineService - testConnection branches testConnection 鎴愬姛杩斿洖 success=true 涓斿寘鍚?steps
00:05 +255 ~4 -1: D:/MyGO/GoProject/yueyou/test/features/game_2048/game_provider_test.dart: GameProvider - 鍒濆鍖?鏂版父鎴忔伆濂芥湁 2 涓柟鍧?00:05 +256 ~4 -1: D:/MyGO/GoProject/yueyou/test/features/game_2048/game_provider_test.dart: GameProvider - 鍒濆鍖?鏂版父鎴忔伆濂芥湁 2 涓柟鍧?00:05 +257 ~4 -1: D:/MyGO/GoProject/yueyou/test/features/audio/tts_engine_service_test.dart: TtsEngineService - testConnection branches testConnection 缃戠粶寮傚父锛歋ocketException 鍒嗘敮
00:05 +258 ~4 -1: D:/MyGO/GoProject/yueyou/test/features/audio/tts_engine_service_test.dart: TtsEngineService - testConnection branches testConnection 缃戠粶寮傚父锛歋ocketException 鍒嗘敮
00:05 +259 ~4 -1: D:/MyGO/GoProject/yueyou/test/features/audio/tts_engine_service_test.dart: TtsEngineService - testConnection branches testConnection 200 浣嗛煶棰戝お灏忥細搴旇繘鍏?warning 鍒嗘敮
00:05 +260 ~4 -1: D:/MyGO/GoProject/yueyou/test/features/audio/tts_engine_service_test.dart: TtsEngineService - testConnection branches testConnection 200 浣嗛煶棰戝お灏忥細搴旇繘鍏?warning 鍒嗘敮
00:05 +261 ~4 -1: D:/MyGO/GoProject/yueyou/test/features/audio/tts_engine_service_test.dart: TtsEngineService - testConnection branches testConnection 200 浣嗛煶棰戝お灏忥細搴旇繘鍏?warning 鍒嗘敮
00:05 +262 ~4 -1: D:/MyGO/GoProject/yueyou/test/features/audio/tts_engine_service_test.dart: TtsEngineService - testConnection branches testConnection 200 浣嗛煶棰戝お灏忥細搴旇繘鍏?warning 鍒嗘敮
00:05 +263 ~4 -1: D:/MyGO/GoProject/yueyou/test/features/game_2048/game_provider_test.dart: GameProvider - 鍒濆鍖?鏂版柟鍧楀€煎彧鑳芥槸 2 鎴?4
00:05 +264 ~4 -1: D:/MyGO/GoProject/yueyou/test/features/audio/tts_engine_service_test.dart: TtsEngineService - testConnection branches testConnection 鍐欏叆鏂囦欢澶辫触锛歴tep 5 搴斾负 error
00:05 +265 ~4 -1: D:/MyGO/GoProject/yueyou/test/features/audio/tts_engine_service_test.dart: TtsEngineService - testConnection branches testConnection 鍐欏叆鏂囦欢澶辫触锛歴tep 5 搴斾负 error
00:05 +266 ~4 -1: D:/MyGO/GoProject/yueyou/test/features/game_2048/game_provider_test.dart: GameProvider - 绉诲姩锛堜綅绉伙級 鍚戝乏绉诲姩锛氬绔嬫柟鍧楃Щ鍒版渶宸﹀垪
00:05 +267 ~4 -1: D:/MyGO/GoProject/yueyou/test/features/audio/tts_engine_service_test.dart: TtsEngineService - testConnection branches testConnection URL 闈炴硶锛氬簲杩涘叆鏈煡閿欒鍒嗘敮
00:05 +268 ~4 -1: D:/MyGO/GoProject/yueyou/test/features/audio/tts_engine_service_test.dart: TtsEngineService - testConnection branches testConnection URL 闈炴硶锛氬簲杩涘叆鏈煡閿欒鍒嗘敮
00:05 +269 ~4 -1: D:/MyGO/GoProject/yueyou/test/features/game_2048/game_provider_test.dart: GameProvider - 绉诲姩锛堜綅绉伙級 鍚戜笂绉诲姩锛氬绔嬫柟鍧楃Щ鍒版渶椤惰
00:05 +270 ~4 -1: D:/MyGO/GoProject/yueyou/test/features/audio/tts_engine_service_test.dart: TtsEngineService - testConnection branches testConnection 瓒呮椂锛氬簲鍛戒腑 TimeoutException 鍒嗘敮
00:05 +271 ~4 -1: D:/MyGO/GoProject/yueyou/test/features/audio/tts_engine_service_test.dart: TtsEngineService - testConnection branches testConnection 瓒呮椂锛氬簲鍛戒腑 TimeoutException 鍒嗘敮
00:05 +272 ~4 -1: D:/MyGO/GoProject/yueyou/test/features/audio/tts_engine_service_test.dart: TtsEngineService - testConnection branches testConnection 瓒呮椂锛氬簲鍛戒腑 TimeoutException 鍒嗘敮
00:05 +273 ~4 -1: D:/MyGO/GoProject/yueyou/test/features/game_2048/game_provider_test.dart: GameProvider - 绉诲姩锛堜綅绉伙級 鏃犳湁鏁堢Щ鍔ㄦ椂涓嶆柊澧炴柟鍧?00:05 +274 ~4 -1: D:/MyGO/GoProject/yueyou/test/features/audio/tts_engine_service_test.dart: (tearDownAll)
00:05 +274 ~4 -1: D:/MyGO/GoProject/yueyou/test/features/game_2048/game_provider_test.dart: GameProvider - 鍚堝苟 鐩稿悓鍊肩浉閭绘柟鍧楀悜宸﹀悎骞讹紝缁撴灉鍊肩炕鍊?00:05 +275 ~4 -1: D:/MyGO/GoProject/yueyou/test/features/game_2048/game_provider_test.dart: GameProvider - 鍚堝苟 鍚堝苟鍚?combo 閫掑
00:05 +276 ~4 -1: D:/MyGO/GoProject/yueyou/test/features/game_2048/game_provider_test.dart: GameProvider - 鍚堝苟 鍚堝苟鍚?lastMergedValue 璁板綍鏈鏈€澶у悎骞跺€?00:05 +277 ~4 -1: D:/MyGO/GoProject/yueyou/test/features/game_2048/game_provider_test.dart: GameProvider - 鍚堝苟 姣忎釜鏂瑰潡鍦ㄥ悓涓€娆＄Щ鍔ㄤ腑鍙兘鍚堝苟涓€娆?00:05 +278 ~4 -1: D:/MyGO/GoProject/yueyou/test/features/game_2048/game_provider_test.dart: GameProvider - 璁″垎 bestScore 鍦ㄥ垎鏁拌秴瓒婃椂鏇存柊
00:05 +279 ~4 -1: D:/MyGO/GoProject/yueyou/test/features/game_2048/game_provider_test.dart: GameProvider - 娓告垙缁撴潫 妫嬬洏婊′笖鏃犵浉閭荤浉鍚屽€兼椂瑙﹀彂 isOver
00:05 +280 ~4 -1: D:/MyGO/GoProject/yueyou/test/features/game_2048/game_provider_test.dart: GameProvider - 娓告垙缁撴潫 isOver 涓?true 鏃跺啀娆?move 浼氬啀娆℃淳鍙?gameOver 浜嬩欢
00:05 +281 ~4 -1: D:/MyGO/GoProject/yueyou/test/features/game_2048/game_provider_test.dart: GameProvider - addRandomTile() 妫嬬洏宸叉弧鏃惰皟鐢ㄤ笉宕╂簝涓旀柟鍧楁暟涓嶅彉
00:05 +282 ~4 -1: D:/MyGO/GoProject/yueyou/test/features/game_2048/game_provider_test.dart: GameProvider - 瀛樻。鎭㈠ 鎴愬姛鎭㈠瀛樻。
00:05 +283 ~4 -1: D:/MyGO/GoProject/yueyou/test/features/game_2048/game_provider_test.dart: GameProvider - 瀛樻。鎭㈠ 瀛樻。瑙ｆ瀽寮傚父璧?catch 鍒嗘敮
00:05 +284 ~4 -1: D:/MyGO/GoProject/yueyou/test/features/game_2048/game_provider_test.dart: GameProvider - 杩涢樁涓庡洖璋?瑙﹀彂 onUserMove 鍥炶皟
00:05 +285 ~4 -1: D:/MyGO/GoProject/yueyou/test/features/game_2048/game_provider_test.dart: GameProvider - 杩涢樁涓庡洖璋?soundEnabled=true 涓旀湁鍚堝苟鏃惰Е鍙戦煶鏁堥€昏緫
00:05 +286 ~4 -1: D:/MyGO/GoProject/yueyou/test/features/game_2048/game_provider_test.dart: GameProvider - 杩涢樁涓庡洖璋?榛樿闊虫晥璺緞 (瑕嗙洊 SfxService 鍒嗘敮)
00:05 +287 ~4 -1: D:/MyGO/GoProject/yueyou/test/features/game_2048/game_provider_test.dart: GameProvider - 杩涢樁涓庡洖璋?绉诲姩鍚庡～婊′笖鏃犺矾鍙蛋瑙﹀彂 isOver
00:05 +288 ~4 -1: D:/MyGO/GoProject/yueyou/test/features/game_2048/game_provider_test.dart: GameProvider - 杩涢樁涓庡洖璋?绉诲姩鎴愬姛涓斿～婊″悗鏃犺矾鍙蛋锛氳Е鍙?line 292
00:05 +289 ~4 -1: D:/MyGO/GoProject/yueyou/test/features/game_2048/game_provider_test.dart: GameProvider - eliminateTileById() 鎸?id 娓呴櫎鎸囧畾鏂瑰潡
00:05 +290 ~4 -1: D:/MyGO/GoProject/yueyou/test/features/game_2048/game_provider_test.dart: GameProvider - eliminateTileById() 娓呴櫎涓嶅瓨鍦?id 鏃朵笉宕╂簝涓旀鐩樹笉鍙?00:05 +291 ~4 -1: D:/MyGO/GoProject/yueyou/test/features/game_2048/game_provider_test.dart: GameProvider - eliminateTileById() 娓呴櫎鍚庢湁绌轰綅锛宨sOver 閲嶇疆涓?false
00:05 +292 ~4 -1: D:/MyGO/GoProject/yueyou/test/features/game_2048/game_provider_test.dart: GameProvider - eliminateTileById() 褰╄泲闊虫晥娉ㄥ叆璺緞锛氫紶鍏?onPlayMerge 鏃惰璋冪敤
00:05 +293 ~4 -1: D:/MyGO/GoProject/yueyou/test/features/game_2048/game_provider_test.dart: GameProvider - lastMoveNoMerge 鏈夋晥绉诲姩浣嗘棤鍚堝苟鏃?lastMoveNoMerge 涓?true
00:05 +294 ~4 -1: D:/MyGO/GoProject/yueyou/test/features/game_2048/game_provider_test.dart: GameProvider - lastMoveNoMerge 鍙戠敓鍚堝苟鏃?lastMoveNoMerge 涓?false
00:05 +295 ~4 -1: D:/MyGO/GoProject/yueyou/test/features/game_2048/game_provider_test.dart: GameProvider - maxCombo combo 瓒呰繃鍘嗗彶鏈€澶ф椂 maxCombo 鏇存柊
00:05 +296 ~4 -1: D:/MyGO/GoProject/yueyou/test/features/game_2048/game_provider_test.dart: GameProvider - maxCombo 鏃犲悎骞剁Щ鍔ㄥ悗 combo 褰掗浂浣?maxCombo 淇濇寔
00:05 +297 ~4 -1: D:/MyGO/GoProject/yueyou/test/features/game_2048/game_provider_test.dart: GameProvider - soundEnabled setter soundEnabled 璧嬪悓鍊兼椂涓嶈Е鍙?notifyListeners锛堟棤鍓綔鐢級
00:05 +298 ~4 -1: D:/MyGO/GoProject/yueyou/test/features/game_2048/game_provider_test.dart: GameProvider - soundEnabled setter soundEnabled 璧嬩笉鍚屽€兼椂瑙﹀彂 notifyListeners
00:05 +299 ~4 -1: D:/MyGO/GoProject/yueyou/test/features/game_2048/game_provider_test.dart: GameProvider - 瀛樻。琛屾暟涓嶅尮閰嶉檷绾?board_data 琛屾暟涓嶄负 4 鏃堕檷绾ф柊灞€
00:05 +300 ~4 -1: D:/MyGO/GoProject/yueyou/test/features/game_2048/game_provider_test.dart: GameProvider - 瀛樻。琛屾暟涓嶅尮閰嶉檷绾?board_data 涓虹┖瀛楃涓叉椂闄嶇骇鏂板眬
00:05 +301 ~4 -1: D:/MyGO/GoProject/yueyou/test/features/game_2048/game_provider_test.dart: GameProvider - flushPersistState() flushPersistState 涓嶅穿婧?00:05 +302 ~4 -1: D:/MyGO/GoProject/yueyou/test/features/game_2048/game_provider_test.dart: GameProvider - flushPersistState() flushPersistState 鍚庡啀娆¤皟鐢ㄤ笉宕╂簝
00:05 +303 ~4 -1: D:/MyGO/GoProject/yueyou/test/features/game_2048/game_provider_test.dart: GameProvider - lastMoveDirection 鍒濆 lastMoveDirection 涓?null
00:05 +304 ~4 -1: D:/MyGO/GoProject/yueyou/test/features/game_2048/game_provider_test.dart: GameProvider - lastMoveDirection 绉诲姩鍚?lastMoveDirection 璁板綍鏂瑰悜
00:05 +305 ~4 -1: D:/MyGO/GoProject/yueyou/test/features/game_2048/merge_particle_test.dart: MergeParticle 娓叉煋骞惰Е鍙戝畬鎴愬洖璋?00:06 +306 ~4 -1: D:/MyGO/GoProject/yueyou/test/features/game_2048/square_board_test.dart: SquareBoard Widget Tests 娓叉煋鍩虹妫嬬洏缃戞牸
00:06 +307 ~4 -1: D:/MyGO/GoProject/yueyou/test/features/game_2048/square_board_test.dart: SquareBoard Widget Tests 娓叉煋鍩虹妫嬬洏缃戞牸
00:06 +308 ~4 -1: D:/MyGO/GoProject/yueyou/test/features/game_2048/square_board_test.dart: SquareBoard Widget Tests 娓叉煋鍩虹妫嬬洏缃戞牸
00:06 +309 ~4 -1: D:/MyGO/GoProject/yueyou/test/features/game_2048/square_board_test.dart: SquareBoard Widget Tests 娓叉煋鍩虹妫嬬洏缃戞牸
00:06 +310 ~4 -1: D:/MyGO/GoProject/yueyou/test/features/game_2048/square_board_test.dart: SquareBoard Widget Tests 娓叉煋鍩虹妫嬬洏缃戞牸
00:06 +311 ~4 -1: D:/MyGO/GoProject/yueyou/test/features/game_2048/square_board_test.dart: SquareBoard Widget Tests 娓叉煋鍩虹妫嬬洏缃戞牸
00:06 +312 ~4 -1: D:/MyGO/GoProject/yueyou/test/features/game_2048/square_board_test.dart: SquareBoard Widget Tests 娓叉煋鍩虹妫嬬洏缃戞牸
00:06 +313 ~4 -1: D:/MyGO/GoProject/yueyou/test/features/game_2048/square_board_test.dart: SquareBoard Widget Tests 娓叉煋鍩虹妫嬬洏缃戞牸
00:06 +314 ~4 -1: D:/MyGO/GoProject/yueyou/test/features/game_2048/square_board_test.dart: SquareBoard Widget Tests 娓叉煋鍩虹妫嬬洏缃戞牸
00:06 +315 ~4 -1: D:/MyGO/GoProject/yueyou/test/features/game_2048/tile_widget_test.dart: TileWidget value 涓?0 鏃朵笉娓叉煋鍐呭
00:07 +316 ~4 -1: D:/MyGO/GoProject/yueyou/test/features/game_2048/tile_widget_test.dart: TileWidget value 涓?0 鏃朵笉娓叉煋鍐呭
00:07 +317 ~4 -1: D:/MyGO/GoProject/yueyou/test/features/game_2048/tile_widget_test.dart: TileWidget value 涓?0 鏃朵笉娓叉煋鍐呭
00:07 +318 ~4 -1: D:/MyGO/GoProject/yueyou/test/features/game_2048/tile_widget_test.dart: TileWidget value 涓?0 鏃朵笉娓叉煋鍐呭
00:07 +319 ~4 -1: D:/MyGO/GoProject/yueyou/test/features/game_2048/tile_widget_test.dart: TileWidget value 涓?0 鏃朵笉娓叉煋鍐呭
00:07 +320 ~4 -1: D:/MyGO/GoProject/yueyou/test/features/game_2048/tile_widget_test.dart: TileWidget value 涓?0 鏃朵笉娓叉煋鍐呭
00:07 +320 ~4 -1: D:/MyGO/GoProject/yueyou/test/features/library/bookshelf_provider_test.dart: BookshelfProvider deleteBook 绾ц仈閲嶇疆褰撳墠闃呰涓殑 ReaderProvider
[鎬ц兘鑷€傚簲] CPU 璇勫垎: 4ms, 鍐呭瓨鍗犵敤: 175.8MB
 宸插洖鏀?1 涓畫鐣?TTS 涓存椂鏂囦欢
鈿狅笍 鏈湴 TTS 闄嶇骇寮曟搸鍒濆鍖栧け璐? MissingPluginException(No implementation found for method setLanguage on channel flutter_tts)
 鍙岃建娴佸獟浣揟TS寮曟搸宸插垵濮嬪寲 (state=TtsPlaybackState.disabled)
馃棏锔?绾ц仈閲嶇疆锛氫功绫?99 宸插垹闄わ紝ReaderProvider 宸叉竻绌?00:07 +321 ~4 -1: D:/MyGO/GoProject/yueyou/test/features/game_2048/tile_widget_test.dart: TileWidget value 涓?0 鏃朵笉娓叉煋鍐呭
00:07 +322 ~4 -1: D:/MyGO/GoProject/yueyou/test/features/game_2048/tile_widget_test.dart: TileWidget value 涓?0 鏃朵笉娓叉煋鍐呭
00:07 +323 ~4 -1: D:/MyGO/GoProject/yueyou/test/features/game_2048/tile_widget_test.dart: TileWidget value 涓?0 鏃朵笉娓叉煋鍐呭
00:07 +324 ~4 -1: D:/MyGO/GoProject/yueyou/test/features/game_2048/tile_widget_test.dart: TileWidget value 涓?0 鏃朵笉娓叉煋鍐呭
00:07 +325 ~4 -1: D:/MyGO/GoProject/yueyou/test/features/game_2048/square_board_test.dart: SquareBoard Widget Tests 鐐瑰嚮閲嶆柊寮€濮嬫寜閽噸缃父鎴?00:07 +326 ~4 -1: D:/MyGO/GoProject/yueyou/test/features/game_2048/tile_widget_test.dart: TileWidget 姝ｅ父娓叉煋鏁板瓧鏂囨湰
00:07 +327 ~4 -1: D:/MyGO/GoProject/yueyou/test/features/game_2048/tile_widget_test.dart: TileWidget 姝ｅ父娓叉煋鏁板瓧鏂囨湰
00:07 +328 ~4 -1: D:/MyGO/GoProject/yueyou/test/features/game_2048/tile_widget_test.dart: TileWidget 姝ｅ父娓叉煋鏁板瓧鏂囨湰
00:07 +329 ~4 -1: D:/MyGO/GoProject/yueyou/test/features/game_2048/tile_widget_test.dart: TileWidget 姝ｅ父娓叉煋鏁板瓧鏂囨湰
00:07 +330 ~4 -1: D:/MyGO/GoProject/yueyou/test/features/game_2048/tile_widget_test.dart: TileWidget 姝ｅ父娓叉煋鏁板瓧鏂囨湰
00:07 +331 ~4 -1: D:/MyGO/GoProject/yueyou/test/features/game_2048/tile_widget_test.dart: TileWidget 姝ｅ父娓叉煋鏁板瓧鏂囨湰
00:07 +332 ~4 -1: D:/MyGO/GoProject/yueyou/test/features/library/book_model_test.dart: BookModel coverChar 鍦ㄦ爣棰樹负绌烘椂杩斿洖 ?
00:07 +333 ~4 -1: D:/MyGO/GoProject/yueyou/test/features/library/book_model_test.dart: ChapterModel toJson / fromJson 寰€杩斾竴鑷?00:07 +334 ~4 -1: D:/MyGO/GoProject/yueyou/test/features/game_2048/tile_widget_test.dart: TileWidget 鍗囩骇鏃惰Е鍙戠矑瀛愭晥鏋滃苟鍦ㄥ姩鐢荤粨鏉熷悗娑堝け
00:07 +335 ~4 -1: D:/MyGO/GoProject/yueyou/test/features/game_2048/tile_widget_test.dart: TileWidget 鏇村ぇ鏁板瓧鍒嗘敮鍙互姝ｅ父娓叉煋
00:07 +336 ~4 -1: D:/MyGO/GoProject/yueyou/test/features/game_2048/tile_widget_test.dart: TileWidget 瓒呰繃 2048 鐨勯粯璁ゅ垎鏀彲浠ユ甯告覆鏌?00:08 +337 ~4 -1: D:/MyGO/GoProject/yueyou/test/features/game_2048/tile_widget_test.dart: TileWidget 64 妗ｄ綅绮掑瓙棰滆壊涓?neonPurple
00:08 +338 ~4 -1: D:/MyGO/GoProject/yueyou/test/features/game_2048/tile_widget_test.dart: TileWidget 256 妗ｄ綅绮掑瓙棰滆壊涓?hotPink
00:08 +339 ~4 -1: D:/MyGO/GoProject/yueyou/test/features/game_2048/tile_widget_test.dart: TileWidget 1024 妗ｄ綅绮掑瓙棰滆壊涓?neonCyan
00:08 +340 ~4 -1: D:/MyGO/GoProject/yueyou/test/features/library/file_import_service_test.dart: FileImportService isValidUtf8SampleForTesting 瀵瑰悎娉?UTF-8 閲囨牱杩斿洖 true
00:08 +341 ~4 -1: D:/MyGO/GoProject/yueyou/test/features/library/file_import_service_test.dart: FileImportService isValidUtf8SampleForTesting 瀵归潪娉?UTF-8 璧峰瀛楄妭杩斿洖 false
00:08 +342 ~4 -1: D:/MyGO/GoProject/yueyou/test/features/library/file_import_service_test.dart: FileImportService isValidUtf8SampleForTesting 瀵瑰熬閮ㄦ埅鏂噰鏍疯繑鍥?true
00:08 +343 ~4 -1: D:/MyGO/GoProject/yueyou/test/features/library/file_import_service_test.dart: FileImportService stripUtf8BomForTesting 浼氱Щ闄?UTF-8 BOM
00:08 +344 ~4 -1: D:/MyGO/GoProject/yueyou/test/features/library/file_import_service_test.dart: FileImportService parseFileForTesting 鑳芥祦寮忚В鏋?UTF-8 鏂囦欢骞舵彁鍙栫珷鑺?00:08 +345 ~4 -1: D:/MyGO/GoProject/yueyou/test/features/library/file_import_service_test.dart: FileImportService parseFileForTesting 鑳借烦杩?BOM 涓旇繃婊ょ┖琛?00:08 +346 ~4 -1: D:/MyGO/GoProject/yueyou/test/features/library/file_import_service_test.dart: FileImportService parseFileForTesting 瀵逛笉瀛樺湪鏂囦欢杩斿洖 null
FileImportService._parseFileStreaming error: PathNotFoundException: Cannot retrieve length of file, path = 'C:\Users\srafy\AppData\Local\Temp\yueyou_import_missing_501e0b5/missing.txt' (OS Error: 绯荤粺鎵句笉鍒版寚瀹氱殑鏂囦欢銆? errno = 2)
#0      _checkForErrorResponse (dart:io/common.dart:58:9)
#1      _File.length.<anonymous closure> (dart:io/file_impl.dart:448:7)
#2      StackZoneSpecification._registerUnaryCallback.<anonymous closure>.<anonymous closure> (package:stack_trace/src/stack_zone_specification.dart:127:36)
#3      StackZoneSpecification._run (package:stack_trace/src/stack_zone_specification.dart:207:15)
#4      StackZoneSpecification._registerUnaryCallback.<anonymous closure> (package:stack_trace/src/stack_zone_specification.dart:127:24)
#5      _rootRunUnary (dart:async/zone_root.dart:48:47)
#6      _CustomZone.runUnary (dart:async/zone.dart:733:19)
<asynchronous suspension>
#7      FileImportService._parseFileStreaming (package:yueyou/features/library/services/file_import_service.dart:201:30)
<asynchronous suspension>
#8      main.<anonymous closure>.<anonymous closure> (file:///D:/MyGO/GoProject/yueyou/test/features/library/file_import_service_test.dart:96:22)
<asynchronous suspension>
#9      Declarer.test.<anonymous closure>.<anonymous closure> (package:test_api/src/backend/declarer.dart:253:15)
<asynchronous suspension>
#10     Declarer.test.<anonymous closure> (package:test_api/src/backend/declarer.dart:250:11)
<asynchronous suspension>
#11     Invoker._waitForOutstandingCallbacks.<anonymous closure> (package:test_api/src/backend/invoker.dart:318:9)
<asynchronous suspension>

00:08 +347 ~4 -1: D:/MyGO/GoProject/yueyou/test/features/reader/chapter_list_screen_test.dart: ChapterListScreen 鏄剧ず绔犺妭鍒楄〃
00:09 +347 ~4 -1: D:/MyGO/GoProject/yueyou/test/features/reader/reader_flow_integration_test.dart: 鍚功闆嗘垚 - ReaderProvider 鍒濆鐘舵€?鍒濆 sentences 涓虹┖
[鎬ц兘鑷€傚簲] CPU 璇勫垎: 5ms, 鍐呭瓨鍗犵敤: 176.9MB
00:09 +348 ~4 -1: D:/MyGO/GoProject/yueyou/test/features/reader/chapter_list_screen_test.dart: ChapterListScreen 鏄剧ず绔犺妭鍒楄〃
00:09 +348 ~4 -1: D:/MyGO/GoProject/yueyou/test/features/reader/reader_flow_integration_test.dart: 鍚功闆嗘垚 - ReaderProvider 鍒濆鐘舵€?鍒濆 sentences 涓虹┖
 娓呯悊娈嬬暀 TTS 鏂囦欢澶辫触: MissingPluginException(No implementation found for method getTemporaryDirectory on channel plugins.flutter.io/path_provider)
鈿狅笍 鏈湴 TTS 闄嶇骇寮曟搸鍒濆鍖栧け璐? MissingPluginException(No implementation found for method setLanguage on channel flutter_tts)
 鍙岃建娴佸獟浣揟TS寮曟搸宸插垵濮嬪寲 (state=TtsPlaybackState.disabled)
00:09 +348 ~4 -1: D:/MyGO/GoProject/yueyou/test/features/reader/reader_flow_integration_test.dart: 鍚功闆嗘垚 - ReaderProvider 鍒濆鐘舵€?鍒濆 currentIndex 涓?0
[鎬ц兘鑷€傚簲] CPU 璇勫垎: 6ms, 鍐呭瓨鍗犵敤: 173.9MB
00:09 +349 ~4 -1: D:/MyGO/GoProject/yueyou/test/features/reader/chapter_list_screen_test.dart: ChapterListScreen 鏄剧ず绔犺妭鍒楄〃
00:09 +349 ~4 -1: D:/MyGO/GoProject/yueyou/test/features/reader/reader_flow_integration_test.dart: 鍚功闆嗘垚 - ReaderProvider 鍒濆鐘舵€?鍒濆 currentIndex 涓?0
 娓呯悊娈嬬暀 TTS 鏂囦欢澶辫触: MissingPluginException(No implementation found for method getTemporaryDirectory on channel plugins.flutter.io/path_provider)
鈿狅笍 鏈湴 TTS 闄嶇骇寮曟搸鍒濆鍖栧け璐? MissingPluginException(No implementation found for method setLanguage on channel flutter_tts)
 鍙岃建娴佸獟浣揟TS寮曟搸宸插垵濮嬪寲 (state=TtsPlaybackState.disabled)
00:09 +349 ~4 -1: D:/MyGO/GoProject/yueyou/test/features/reader/reader_flow_integration_test.dart: 鍚功闆嗘垚 - ReaderProvider 鍒濆鐘舵€?鍒濆 isParsing 涓?false
[鎬ц兘鑷€傚簲] CPU 璇勫垎: 3ms, 鍐呭瓨鍗犵敤: 174.0MB
00:09 +350 ~4 -1: D:/MyGO/GoProject/yueyou/test/features/reader/chapter_list_screen_test.dart: ChapterListScreen 鏄剧ず绔犺妭鍒楄〃
00:09 +350 ~4 -1: D:/MyGO/GoProject/yueyou/test/features/reader/reader_flow_integration_test.dart: 鍚功闆嗘垚 - ReaderProvider 鍒濆鐘舵€?鍒濆 isParsing 涓?false
 娓呯悊娈嬬暀 TTS 鏂囦欢澶辫触: MissingPluginException(No implementation found for method getTemporaryDirectory on channel plugins.flutter.io/path_provider)
鈿狅笍 鏈湴 TTS 闄嶇骇寮曟搸鍒濆鍖栧け璐? MissingPluginException(No implementation found for method setLanguage on channel flutter_tts)
 鍙岃建娴佸獟浣揟TS寮曟搸宸插垵濮嬪寲 (state=TtsPlaybackState.disabled)
00:09 +350 ~4 -1: D:/MyGO/GoProject/yueyou/test/features/reader/reader_flow_integration_test.dart: 鍚功闆嗘垚 - 涔︾睄鍔犺浇娴佺▼ loadBook 鍚?sentences 闈炵┖
[鎬ц兘鑷€傚簲] CPU 璇勫垎: 3ms, 鍐呭瓨鍗犵敤: 174.3MB
 娓呯悊娈嬬暀 TTS 鏂囦欢澶辫触: MissingPluginException(No implementation found for method getTemporaryDirectory on channel plugins.flutter.io/path_provider)
鈿狅笍 鏈湴 TTS 闄嶇骇寮曟搸鍒濆鍖栧け璐? MissingPluginException(No implementation found for method setLanguage on channel flutter_tts)
 鍙岃建娴佸獟浣揟TS寮曟搸宸插垵濮嬪寲 (state=TtsPlaybackState.disabled)
00:09 +351 ~4 -1: D:/MyGO/GoProject/yueyou/test/features/reader/chapter_list_screen_test.dart: ChapterListScreen 鏄剧ず绔犺妭鍒楄〃
00:09 +351 ~4 -1: D:/MyGO/GoProject/yueyou/test/features/reader/reader_flow_integration_test.dart: 鍚功闆嗘垚 - 涔︾睄鍔犺浇娴佺▼ loadBook 瑙ｆ瀽瀹屾垚鍚?isParsing 鎭㈠涓?false
[鎬ц兘鑷€傚簲] CPU 璇勫垎: 3ms, 鍐呭瓨鍗犵敤: 174.7MB
 娓呯悊娈嬬暀 TTS 鏂囦欢澶辫触: MissingPluginException(No implementation found for method getTemporaryDirectory on channel plugins.flutter.io/path_provider)
00:09 +352 ~4 -1: D:/MyGO/GoProject/yueyou/test/features/reader/chapter_list_screen_test.dart: ChapterListScreen 鏄剧ず绔犺妭鍒楄〃
00:09 +352 ~4 -1: D:/MyGO/GoProject/yueyou/test/features/reader/reader_flow_integration_test.dart: 鍚功闆嗘垚 - 涔︾睄鍔犺浇娴佺▼ loadBook 瑙ｆ瀽瀹屾垚鍚?isParsing 鎭㈠涓?false
鈿狅笍 鏈湴 TTS 闄嶇骇寮曟搸鍒濆鍖栧け璐? MissingPluginException(No implementation found for method setLanguage on channel flutter_tts)
 鍙岃建娴佸獟浣揟TS寮曟搸宸插垵濮嬪寲 (state=TtsPlaybackState.disabled)
00:09 +352 ~4 -1: D:/MyGO/GoProject/yueyou/test/features/reader/reader_flow_integration_test.dart: 鍚功闆嗘垚 - 涔︾睄鍔犺浇娴佺▼ loadBook 涓枃鏍囩偣姝ｇ‘鍒囧垎鍙ュ瓙
[鎬ц兘鑷€傚簲] CPU 璇勫垎: 3ms, 鍐呭瓨鍗犵敤: 174.7MB
00:09 +353 ~4 -1: D:/MyGO/GoProject/yueyou/test/features/reader/chapter_list_screen_test.dart: ChapterListScreen 鏄剧ず绔犺妭鍒楄〃
00:09 +353 ~4 -1: D:/MyGO/GoProject/yueyou/test/features/reader/reader_flow_integration_test.dart: 鍚功闆嗘垚 - 涔︾睄鍔犺浇娴佺▼ loadBook 涓枃鏍囩偣姝ｇ‘鍒囧垎鍙ュ瓙
 娓呯悊娈嬬暀 TTS 鏂囦欢澶辫触: MissingPluginException(No implementation found for method getTemporaryDirectory on channel plugins.flutter.io/path_provider)
鈿狅笍 鏈湴 TTS 闄嶇骇寮曟搸鍒濆鍖栧け璐? MissingPluginException(No implementation found for method setLanguage on channel flutter_tts)
 鍙岃建娴佸獟浣揟TS寮曟搸宸插垵濮嬪寲 (state=TtsPlaybackState.disabled)
00:09 +353 ~4 -1: D:/MyGO/GoProject/yueyou/test/features/reader/reader_flow_integration_test.dart: 鍚功闆嗘垚 - 涔︾睄鍔犺浇娴佺▼ loadPreparedBook 鐩存帴鍔犺浇宸插垏鍒嗚
[鎬ц兘鑷€傚簲] CPU 璇勫垎: 4ms, 鍐呭瓨鍗犵敤: 174.8MB
00:09 +354 ~4 -1: D:/MyGO/GoProject/yueyou/test/features/reader/chapter_list_screen_test.dart: ChapterListScreen 鏄剧ず绔犺妭鍒楄〃
00:09 +354 ~4 -1: D:/MyGO/GoProject/yueyou/test/features/reader/reader_flow_integration_test.dart: 鍚功闆嗘垚 - 涔︾睄鍔犺浇娴佺▼ loadPreparedBook 鐩存帴鍔犺浇宸插垏鍒嗚
 娓呯悊娈嬬暀 TTS 鏂囦欢澶辫触: MissingPluginException(No implementation found for method getTemporaryDirectory on channel plugins.flutter.io/path_provider)
00:09 +354 ~4 -1: D:/MyGO/GoProject/yueyou/test/features/reader/reader_flow_integration_test.dart: 鍚功闆嗘垚 - 涔︾睄鍔犺浇娴佺▼ loadBook 绌烘枃鏈笉宕╂簝
[鎬ц兘鑷€傚簲] CPU 璇勫垎: 3ms, 鍐呭瓨鍗犵敤: 175.0MB
00:09 +354 ~4 -1: D:/MyGO/GoProject/yueyou/test/features/reader/reader_flow_integration_test.dart: 鍚功闆嗘垚 - 涔︾睄鍔犺浇娴佺▼ loadPreparedBook 鐩存帴鍔犺浇宸插垏鍒嗚
鈿狅笍 鏈湴 TTS 闄嶇骇寮曟搸鍒濆鍖栧け璐? MissingPluginException(No implementation found for method setLanguage on channel flutter_tts)
 鍙岃建娴佸獟浣揟TS寮曟搸宸插垵濮嬪寲 (state=TtsPlaybackState.disabled)
00:09 +355 ~4 -1: D:/MyGO/GoProject/yueyou/test/features/reader/chapter_list_screen_test.dart: ChapterListScreen 鏄剧ず绔犺妭鍒楄〃
00:09 +355 ~4 -1: D:/MyGO/GoProject/yueyou/test/features/reader/reader_flow_integration_test.dart: 鍚功闆嗘垚 - 涔︾睄鍔犺浇娴佺▼ loadBook 绌烘枃鏈笉宕╂簝
 娓呯悊娈嬬暀 TTS 鏂囦欢澶辫触: MissingPluginException(No implementation found for method getTemporaryDirectory on channel plugins.flutter.io/path_provider)
鈿狅笍 鏈湴 TTS 闄嶇骇寮曟搸鍒濆鍖栧け璐? MissingPluginException(No implementation found for method setLanguage on channel flutter_tts)
 鍙岃建娴佸獟浣揟TS寮曟搸宸插垵濮嬪寲 (state=TtsPlaybackState.disabled)
00:09 +355 ~4 -1: D:/MyGO/GoProject/yueyou/test/features/reader/reader_flow_integration_test.dart: 鍚功闆嗘垚 - 杩涘害瀵艰埅娴佺▼ nextSentence 鎺ㄨ繘 currentIndex
[鎬ц兘鑷€傚簲] CPU 璇勫垎: 3ms, 鍐呭瓨鍗犵敤: 175.2MB
00:09 +356 ~4 -1: D:/MyGO/GoProject/yueyou/test/features/reader/chapter_list_screen_test.dart: ChapterListScreen 鏄剧ず绔犺妭鍒楄〃
00:09 +356 ~4 -1: D:/MyGO/GoProject/yueyou/test/features/reader/reader_flow_integration_test.dart: 鍚功闆嗘垚 - 杩涘害瀵艰埅娴佺▼ nextSentence 鎺ㄨ繘 currentIndex
 娓呯悊娈嬬暀 TTS 鏂囦欢澶辫触: MissingPluginException(No implementation found for method getTemporaryDirectory on channel plugins.flutter.io/path_provider)
鈿狅笍 鏈湴 TTS 闄嶇骇寮曟搸鍒濆鍖栧け璐? MissingPluginException(No implementation found for method setLanguage on channel flutter_tts)
 鍙岃建娴佸獟浣揟TS寮曟搸宸插垵濮嬪寲 (state=TtsPlaybackState.disabled)
00:09 +356 ~4 -1: D:/MyGO/GoProject/yueyou/test/features/reader/reader_flow_integration_test.dart: 鍚功闆嗘垚 - 杩涘害瀵艰埅娴佺▼ previousSentence 鍥為€€ currentIndex
[鎬ц兘鑷€傚簲] CPU 璇勫垎: 3ms, 鍐呭瓨鍗犵敤: 175.8MB
00:09 +357 ~4 -1: D:/MyGO/GoProject/yueyou/test/features/reader/chapter_list_screen_test.dart: ChapterListScreen 鏄剧ず绔犺妭鍒楄〃
00:09 +357 ~4 -1: D:/MyGO/GoProject/yueyou/test/features/reader/reader_flow_integration_test.dart: 鍚功闆嗘垚 - 杩涘害瀵艰埅娴佺▼ previousSentence 鍥為€€ currentIndex
 娓呯悊娈嬬暀 TTS 鏂囦欢澶辫触: MissingPluginException(No implementation found for method getTemporaryDirectory on channel plugins.flutter.io/path_provider)
鈿狅笍 鏈湴 TTS 闄嶇骇寮曟搸鍒濆鍖栧け璐? MissingPluginException(No implementation found for method setLanguage on channel flutter_tts)
 鍙岃建娴佸獟浣揟TS寮曟搸宸插垵濮嬪寲 (state=TtsPlaybackState.disabled)
00:09 +357 ~4 -1: D:/MyGO/GoProject/yueyou/test/features/reader/reader_flow_integration_test.dart: 鍚功闆嗘垚 - 杩涘害瀵艰埅娴佺▼ currentIndex 涓嶈秺杩?0锛坧reviousSentence 鍦ㄩ鍙ユ棤鏁堬級
[鎬ц兘鑷€傚簲] CPU 璇勫垎: 3ms, 鍐呭瓨鍗犵敤: 176.1MB
00:09 +358 ~4 -1: D:/MyGO/GoProject/yueyou/test/features/reader/chapter_list_screen_test.dart: ChapterListScreen 鏄剧ず绔犺妭鍒楄〃
00:09 +358 ~4 -1: D:/MyGO/GoProject/yueyou/test/features/reader/reader_flow_integration_test.dart: 鍚功闆嗘垚 - 杩涘害瀵艰埅娴佺▼ currentIndex 涓嶈秺杩?0锛坧reviousSentence 鍦ㄩ鍙ユ棤鏁堬級
 娓呯悊娈嬬暀 TTS 鏂囦欢澶辫触: MissingPluginException(No implementation found for method getTemporaryDirectory on channel plugins.flutter.io/path_provider)
鈿狅笍 鏈湴 TTS 闄嶇骇寮曟搸鍒濆鍖栧け璐? MissingPluginException(No implementation found for method setLanguage on channel flutter_tts)
 鍙岃建娴佸獟浣揟TS寮曟搸宸插垵濮嬪寲 (state=TtsPlaybackState.disabled)
00:09 +358 ~4 -1: D:/MyGO/GoProject/yueyou/test/features/reader/reader_flow_integration_test.dart: 鍚功闆嗘垚 - 杩涘害瀵艰埅娴佺▼ jumpTo 杈圭晫绱㈠紩涓嶅穿婧?[鎬ц兘鑷€傚簲] CPU 璇勫垎: 3ms, 鍐呭瓨鍗犵敤: 176.3MB
鉂?jumpTo 鎷掔粷: index=-1 瓒婄晫 (0..1)
鉂?jumpTo 鎷掔粷: index=9999 瓒婄晫 (0..1)
00:09 +359 ~4 -1: D:/MyGO/GoProject/yueyou/test/features/reader/chapter_list_screen_test.dart: ChapterListScreen 鏄剧ず绔犺妭鍒楄〃
00:09 +359 ~4 -1: D:/MyGO/GoProject/yueyou/test/features/reader/reader_flow_integration_test.dart: 鍚功闆嗘垚 - 杩涘害瀵艰埅娴佺▼ jumpTo 杈圭晫绱㈠紩涓嶅穿婧? 娓呯悊娈嬬暀 TTS 鏂囦欢澶辫触: MissingPluginException(No implementation found for method getTemporaryDirectory on channel plugins.flutter.io/path_provider)
鈿狅笍 鏈湴 TTS 闄嶇骇寮曟搸鍒濆鍖栧け璐? MissingPluginException(No implementation found for method setLanguage on channel flutter_tts)
 鍙岃建娴佸獟浣揟TS寮曟搸宸插垵濮嬪寲 (state=TtsPlaybackState.disabled)
00:09 +359 ~4 -1: D:/MyGO/GoProject/yueyou/test/features/reader/reader_flow_integration_test.dart: 鍚功闆嗘垚 - 杩涘害瀵艰埅娴佺▼ jumpTo 鍚堟硶 index 璺宠浆
[鎬ц兘鑷€傚簲] CPU 璇勫垎: 3ms, 鍐呭瓨鍗犵敤: 176.5MB
鉁?jumpTo: 2 -> 2 (鎬绘暟=3)
00:09 +360 ~4 -1: D:/MyGO/GoProject/yueyou/test/features/reader/chapter_list_screen_test.dart: ChapterListScreen 鏄剧ず绔犺妭鍒楄〃
00:09 +360 ~4 -1: D:/MyGO/GoProject/yueyou/test/features/reader/reader_flow_integration_test.dart: 鍚功闆嗘垚 - 杩涘害瀵艰埅娴佺▼ jumpTo 鍚堟硶 index 璺宠浆
 娓呯悊娈嬬暀 TTS 鏂囦欢澶辫触: MissingPluginException(No implementation found for method getTemporaryDirectory on channel plugins.flutter.io/path_provider)
鈿狅笍 鏈湴 TTS 闄嶇骇寮曟搸鍒濆鍖栧け璐? MissingPluginException(No implementation found for method setLanguage on channel flutter_tts)
 鍙岃建娴佸獟浣揟TS寮曟搸宸插垵濮嬪寲 (state=TtsPlaybackState.disabled)
00:09 +360 ~4 -1: D:/MyGO/GoProject/yueyou/test/features/reader/reader_flow_integration_test.dart: 鍚功闆嗘垚 - 绔犺妭鍔犺浇涓庡垏鎹?甯︾珷鑺傜殑涔︾睄姝ｇ‘鎸傝浇绔犺妭鍒楄〃
[鎬ц兘鑷€傚簲] CPU 璇勫垎: 3ms, 鍐呭瓨鍗犵敤: 176.9MB
00:09 +361 ~4 -1: D:/MyGO/GoProject/yueyou/test/features/reader/chapter_list_screen_test.dart: ChapterListScreen 鏄剧ず绔犺妭鍒楄〃
00:09 +361 ~4 -1: D:/MyGO/GoProject/yueyou/test/features/reader/reader_flow_integration_test.dart: 鍚功闆嗘垚 - 绔犺妭鍔犺浇涓庡垏鎹?甯︾珷鑺傜殑涔︾睄姝ｇ‘鎸傝浇绔犺妭鍒楄〃
 娓呯悊娈嬬暀 TTS 鏂囦欢澶辫触: MissingPluginException(No implementation found for method getTemporaryDirectory on channel plugins.flutter.io/path_provider)
鈿狅笍 鏈湴 TTS 闄嶇骇寮曟搸鍒濆鍖栧け璐? MissingPluginException(No implementation found for method setLanguage on channel flutter_tts)
 鍙岃建娴佸獟浣揟TS寮曟搸宸插垵濮嬪寲 (state=TtsPlaybackState.disabled)
00:09 +361 ~4 -1: D:/MyGO/GoProject/yueyou/test/features/reader/reader_flow_integration_test.dart: 鍚功闆嗘垚 - 绔犺妭鍔犺浇涓庡垏鎹?switchChapter 璺宠浆鍒版寚瀹氱珷鑺傞琛?[鎬ц兘鑷€傚簲] CPU 璇勫垎: 3ms, 鍐呭瓨鍗犵敤: 176.7MB
 refreshSession: session=1
00:09 +362 ~4 -1: D:/MyGO/GoProject/yueyou/test/features/reader/chapter_list_screen_test.dart: ChapterListScreen 鏄剧ず绔犺妭鍒楄〃
00:09 +362 ~4 -1: D:/MyGO/GoProject/yueyou/test/features/reader/reader_flow_integration_test.dart: 鍚功闆嗘垚 - 绔犺妭鍔犺浇涓庡垏鎹?switchChapter 璺宠浆鍒版寚瀹氱珷鑺傞琛? 娓呯悊娈嬬暀 TTS 鏂囦欢澶辫触: MissingPluginException(No implementation found for method getTemporaryDirectory on channel plugins.flutter.io/path_provider)
鈿狅笍 鏈湴 TTS 闄嶇骇寮曟搸鍒濆鍖栧け璐? MissingPluginException(No implementation found for method setLanguage on channel flutter_tts)
 鍙岃建娴佸獟浣揟TS寮曟搸宸插垵濮嬪寲 (state=TtsPlaybackState.disabled)
00:09 +362 ~4 -1: D:/MyGO/GoProject/yueyou/test/features/reader/reader_flow_integration_test.dart: 鍚功闆嗘垚 - TTS 鍒囨崲娴佺▼ 鏃犱功绫嶆椂 toggleTTS 杩斿洖 noContent
[鎬ц兘鑷€傚簲] CPU 璇勫垎: 4ms, 鍐呭瓨鍗犵敤: 177.1MB
00:09 +363 ~4 -1: D:/MyGO/GoProject/yueyou/test/features/reader/chapter_list_screen_test.dart: ChapterListScreen 鏄剧ず绔犺妭鍒楄〃
00:09 +363 ~4 -1: D:/MyGO/GoProject/yueyou/test/features/reader/reader_flow_integration_test.dart: 鍚功闆嗘垚 - TTS 鍒囨崲娴佺▼ 鏃犱功绫嶆椂 toggleTTS 杩斿洖 noContent
 娓呯悊娈嬬暀 TTS 鏂囦欢澶辫触: MissingPluginException(No implementation found for method getTemporaryDirectory on channel plugins.flutter.io/path_provider)
鈿狅笍 鏈湴 TTS 闄嶇骇寮曟搸鍒濆鍖栧け璐? MissingPluginException(No implementation found for method setLanguage on channel flutter_tts)
 鍙岃建娴佸獟浣揟TS寮曟搸宸插垵濮嬪寲 (state=TtsPlaybackState.disabled)
00:09 +363 ~4 -1: D:/MyGO/GoProject/yueyou/test/features/reader/reader_flow_integration_test.dart: 鍚功闆嗘垚 - TTS 鍒囨崲娴佺▼ 鏈変功绫嶆椂 toggleTTS 鍙甯稿垏鎹㈢姸鎬?[鎬ц兘鑷€傚簲] CPU 璇勫垎: 4ms, 鍐呭瓨鍗犵敤: 177.4MB
 妫€鏌ヤ功绫嶅唴瀹?..
 TTS setEnabled: true (session=0)
 鍚姩鍙岃建寰幆...
鈻讹笍 鎾斁寰幆鍚姩 (session=0)
馃攧 棰勫姞杞藉惊鐜惎鍔?(session=0)
[TTS 缂撳啿鐩戞帶] 鈿狅笍 缂撳啿鍗遍櫓 (0/6 鍙ワ紝0%锛屾鍦ㄥ姞閫熼鍔犺浇)
鉁?鑾峰彇鏂囨湰: 鎾斁娴嬭瘯鍙ュ瓙銆?猬囷笍 寮€濮嬩笅杞介煶棰? 鎾斁娴嬭瘯鍙ュ瓙銆?馃殌馃殌馃殌 缁堟瀬纭 - 褰撳墠璇锋眰鐨勭湡瀹炲湴鍧€鏄? http://test.com/tts
馃摗 鍙戦€?TTS 璇锋眰: 鎾斁娴嬭瘯鍙ュ瓙銆?00:09 +364 ~4 -1: D:/MyGO/GoProject/yueyou/test/features/reader/chapter_list_screen_test.dart: ChapterListScreen 鏄剧ず绔犺妭鍒楄〃
00:09 +364 ~4 -1: D:/MyGO/GoProject/yueyou/test/features/reader/reader_flow_integration_test.dart: 鍚功闆嗘垚 - TTS 鍒囨崲娴佺▼ 鏈変功绫嶆椂 toggleTTS 鍙甯稿垏鎹㈢姸鎬? 娓呯悊娈嬬暀 TTS 鏂囦欢澶辫触: MissingPluginException(No implementation found for method getTemporaryDirectory on channel plugins.flutter.io/path_provider)
鈿狅笍 鏈湴 TTS 闄嶇骇寮曟搸鍒濆鍖栧け璐? MissingPluginException(No implementation found for method setLanguage on channel flutter_tts)
 鍙岃建娴佸獟浣揟TS寮曟搸宸插垵濮嬪寲 (state=TtsPlaybackState.buffering)
00:09 +364 ~4 -1: D:/MyGO/GoProject/yueyou/test/features/reader/reader_flow_integration_test.dart: 鍚功闆嗘垚 - TTS 鍒囨崲娴佺▼ 涔︾睄鍒犻櫎鍚?resetForDeletedBook 娓呯┖鎵€鏈夋暟鎹?[鎬ц兘鑷€傚簲] CPU 璇勫垎: 3ms, 鍐呭瓨鍗犵敤: 178.0MB
馃棏锔?绾ц仈閲嶇疆锛氫功绫?del_1 宸插垹闄わ紝ReaderProvider 宸叉竻绌?00:09 +365 ~4 -1: D:/MyGO/GoProject/yueyou/test/features/reader/chapter_list_screen_test.dart: ChapterListScreen 鏄剧ず绔犺妭鍒楄〃
00:09 +365 ~4 -1: D:/MyGO/GoProject/yueyou/test/features/reader/reader_flow_integration_test.dart: 鍚功闆嗘垚 - TTS 鍒囨崲娴佺▼ 涔︾睄鍒犻櫎鍚?resetForDeletedBook 娓呯┖鎵€鏈夋暟鎹? 娓呯悊娈嬬暀 TTS 鏂囦欢澶辫触: MissingPluginException(No implementation found for method getTemporaryDirectory on channel plugins.flutter.io/path_provider)
鈿狅笍 鏈湴 TTS 闄嶇骇寮曟搸鍒濆鍖栧け璐? MissingPluginException(No implementation found for method setLanguage on channel flutter_tts)
 鍙岃建娴佸獟浣揟TS寮曟搸宸插垵濮嬪寲 (state=TtsPlaybackState.disabled)
00:09 +365 ~4 -1: D:/MyGO/GoProject/yueyou/test/features/reader/reader_flow_integration_test.dart: 鍚功闆嗘垚 - TTS 鍒囨崲娴佺▼ resetForDeletedBook 瀵逛笉鍚?bookId 涓嶄骇鐢熷奖鍝?[鎬ц兘鑷€傚簲] CPU 璇勫垎: 3ms, 鍐呭瓨鍗犵敤: 178.3MB
00:09 +366 ~4 -1: D:/MyGO/GoProject/yueyou/test/features/reader/chapter_list_screen_test.dart: ChapterListScreen 鏄剧ず绔犺妭鍒楄〃
00:09 +366 ~4 -1: D:/MyGO/GoProject/yueyou/test/features/reader/reader_flow_integration_test.dart: 鍚功闆嗘垚 - TTS 鍒囨崲娴佺▼ resetForDeletedBook 瀵逛笉鍚?bookId 涓嶄骇鐢熷奖鍝? 娓呯悊娈嬬暀 TTS 鏂囦欢澶辫触: MissingPluginException(No implementation found for method getTemporaryDirectory on channel plugins.flutter.io/path_provider)
鈿狅笍 鏈湴 TTS 闄嶇骇寮曟搸鍒濆鍖栧け璐? MissingPluginException(No implementation found for method setLanguage on channel flutter_tts)
 鍙岃建娴佸獟浣揟TS寮曟搸宸插垵濮嬪寲 (state=TtsPlaybackState.disabled)
00:09 +366 ~4 -1: D:/MyGO/GoProject/yueyou/test/features/reader/reader_flow_integration_test.dart: 鍚功闆嗘垚 - 杩涘害鎸佷箙鍖?nextSentence 鍚庤繘搴﹀彲浠ラ€氳繃 StorageService 璇诲彇
[鎬ц兘鑷€傚簲] CPU 璇勫垎: 3ms, 鍐呭瓨鍗犵敤: 178.3MB
 娓呯悊娈嬬暀 TTS 鏂囦欢澶辫触: MissingPluginException(No implementation found for method getTemporaryDirectory on channel plugins.flutter.io/path_provider)
鈿狅笍 鏈湴 TTS 闄嶇骇寮曟搸鍒濆鍖栧け璐? MissingPluginException(No implementation found for method setLanguage on channel flutter_tts)
 鍙岃建娴佸獟浣揟TS寮曟搸宸插垵濮嬪寲 (state=TtsPlaybackState.disabled)
00:09 +367 ~4 -1: D:/MyGO/GoProject/yueyou/test/features/reader/chapter_list_screen_test.dart: ChapterListScreen 鏄剧ず绔犺妭鍒楄〃
[鎬ц兘鑷€傚簲] CPU 璇勫垎: 4ms, 鍐呭瓨鍗犵敤: 181.6MB
00:09 +368 ~4 -1: D:/MyGO/GoProject/yueyou/test/features/reader/reader_provider_test.dart: ReaderProvider - 鍔犺浇涓庣珷鑺傛槧灏?loadBook 娓呮礂绔犺妭鏍囬骞舵槧灏勫埌 sentences 绱㈠紩
[鎬ц兘鑷€傚簲] CPU 璇勫垎: 4ms, 鍐呭瓨鍗犵敤: 177.5MB
00:09 +369 ~4 -1: D:/MyGO/GoProject/yueyou/test/features/reader/chapter_list_screen_test.dart: ChapterListScreen 鐐瑰嚮绔犺妭鍚庡叧闂〉闈㈠苟寤惰繜璺宠浆
00:09 +369 ~4 -1: D:/MyGO/GoProject/yueyou/test/features/reader/reader_provider_test.dart: ReaderProvider - 鍔犺浇涓庣珷鑺傛槧灏?loadBook 娓呮礂绔犺妭鏍囬骞舵槧灏勫埌 sentences 绱㈠紩
鈿狅笍 鏈湴 TTS 闄嶇骇寮曟搸鍒濆鍖栧け璐? MissingPluginException(No implementation found for method setLanguage on channel flutter_tts)
 鍙岃建娴佸獟浣揟TS寮曟搸宸插垵濮嬪寲 (state=TtsPlaybackState.disabled)
00:09 +369 ~4 -1: D:/MyGO/GoProject/yueyou/test/features/reader/reader_provider_test.dart: ReaderProvider - 鍔犺浇涓庣珷鑺傛槧灏?loadBook 鍦?forceIndex=false 鏃朵紭鍏堟仮澶嶉槄璇昏褰?cursor
[鎬ц兘鑷€傚簲] CPU 璇勫垎: 6ms, 鍐呭瓨鍗犵敤: 175.5MB
00:09 +370 ~4 -1: D:/MyGO/GoProject/yueyou/test/features/reader/chapter_list_screen_test.dart: ChapterListScreen 鐐瑰嚮绔犺妭鍚庡叧闂〉闈㈠苟寤惰繜璺宠浆
00:09 +370 ~4 -1: D:/MyGO/GoProject/yueyou/test/features/reader/reader_provider_test.dart: ReaderProvider - 鍔犺浇涓庣珷鑺傛槧灏?loadBook 鍦?forceIndex=false 鏃朵紭鍏堟仮澶嶉槄璇昏褰?cursor
鈿狅笍 鏈湴 TTS 闄嶇骇寮曟搸鍒濆鍖栧け璐? MissingPluginException(No implementation found for method setLanguage on channel flutter_tts)
 鍙岃建娴佸獟浣揟TS寮曟搸宸插垵濮嬪寲 (state=TtsPlaybackState.disabled)
00:09 +370 ~4 -1: D:/MyGO/GoProject/yueyou/test/features/reader/reader_provider_test.dart: ReaderProvider - 鍔犺浇涓庣珷鑺傛槧灏?currentChapterTitle 鍦ㄦ棤绔犺妭鏁版嵁鏃惰繑鍥?鏈煡绔犺妭
[鎬ц兘鑷€傚簲] CPU 璇勫垎: 3ms, 鍐呭瓨鍗犵敤: 175.7MB
00:09 +371 ~4 -1: D:/MyGO/GoProject/yueyou/test/features/reader/chapter_list_screen_test.dart: ChapterListScreen 鐐瑰嚮绔犺妭鍚庡叧闂〉闈㈠苟寤惰繜璺宠浆
00:09 +371 ~4 -1: D:/MyGO/GoProject/yueyou/test/features/reader/reader_provider_test.dart: ReaderProvider - 鍔犺浇涓庣珷鑺傛槧灏?currentChapterTitle 鍦ㄦ棤绔犺妭鏁版嵁鏃惰繑鍥?鏈煡绔犺妭
鈿狅笍 鏈湴 TTS 闄嶇骇寮曟搸鍒濆鍖栧け璐? MissingPluginException(No implementation found for method setLanguage on channel flutter_tts)
 鍙岃建娴佸獟浣揟TS寮曟搸宸插垵濮嬪寲 (state=TtsPlaybackState.disabled)
00:09 +371 ~4 -1: D:/MyGO/GoProject/yueyou/test/features/reader/reader_provider_test.dart: ReaderProvider - 鍔犺浇涓庣珷鑺傛槧灏?绌烘枃鏈姞杞藉悗锛歱rogress=0 涓?currentSentence=null
[鎬ц兘鑷€傚簲] CPU 璇勫垎: 4ms, 鍐呭瓨鍗犵敤: 176.1MB
00:09 +372 ~4 -1: D:/MyGO/GoProject/yueyou/test/features/reader/chapter_list_screen_test.dart: ChapterListScreen 鐐瑰嚮绔犺妭鍚庡叧闂〉闈㈠苟寤惰繜璺宠浆
00:09 +372 ~4 -1: D:/MyGO/GoProject/yueyou/test/features/reader/reader_provider_test.dart: ReaderProvider - 鍔犺浇涓庣珷鑺傛槧灏?绌烘枃鏈姞杞藉悗锛歱rogress=0 涓?currentSentence=null
鈿狅笍 鏈湴 TTS 闄嶇骇寮曟搸鍒濆鍖栧け璐? MissingPluginException(No implementation found for method setLanguage on channel flutter_tts)
 鍙岃建娴佸獟浣揟TS寮曟搸宸插垵濮嬪寲 (state=TtsPlaybackState.disabled)
00:09 +372 ~4 -1: D:/MyGO/GoProject/yueyou/test/features/reader/reader_provider_test.dart: ReaderProvider - 鍔犺浇涓庣珷鑺傛槧灏?鏃犳湁鏁堥槄璇昏褰曟椂锛宭oadBook 浣跨敤 initialIndex锛坒orceIndex=false锛?[鎬ц兘鑷€傚簲] CPU 璇勫垎: 3ms, 鍐呭瓨鍗犵敤: 176.5MB
00:09 +373 ~4 -1: D:/MyGO/GoProject/yueyou/test/features/reader/chapter_list_screen_test.dart: ChapterListScreen 鐐瑰嚮绔犺妭鍚庡叧闂〉闈㈠苟寤惰繜璺宠浆
00:09 +373 ~4 -1: D:/MyGO/GoProject/yueyou/test/features/reader/reader_provider_test.dart: ReaderProvider - 鍔犺浇涓庣珷鑺傛槧灏?鏃犳湁鏁堥槄璇昏褰曟椂锛宭oadBook 浣跨敤 initialIndex锛坒orceIndex=false锛?鈿狅笍 鏈湴 TTS 闄嶇骇寮曟搸鍒濆鍖栧け璐? MissingPluginException(No implementation found for method setLanguage on channel flutter_tts)
 鍙岃建娴佸獟浣揟TS寮曟搸宸插垵濮嬪寲 (state=TtsPlaybackState.disabled)
00:09 +373 ~4 -1: D:/MyGO/GoProject/yueyou/test/features/reader/reader_provider_test.dart: ReaderProvider - 鍔犺浇涓庣珷鑺傛槧灏?闃呰璁板綍 total<=1 鏃讹紝loadBook 鍥為€€浣跨敤 initialIndex
[鎬ц兘鑷€傚簲] CPU 璇勫垎: 3ms, 鍐呭瓨鍗犵敤: 176.9MB
00:09 +374 ~4 -1: D:/MyGO/GoProject/yueyou/test/features/reader/chapter_list_screen_test.dart: ChapterListScreen 鐐瑰嚮绔犺妭鍚庡叧闂〉闈㈠苟寤惰繜璺宠浆
00:09 +374 ~4 -1: D:/MyGO/GoProject/yueyou/test/features/reader/reader_provider_test.dart: ReaderProvider - 鍔犺浇涓庣珷鑺傛槧灏?闃呰璁板綍 total<=1 鏃讹紝loadBook 鍥為€€浣跨敤 initialIndex
鈿狅笍 鏈湴 TTS 闄嶇骇寮曟搸鍒濆鍖栧け璐? MissingPluginException(No implementation found for method setLanguage on channel flutter_tts)
 鍙岃建娴佸獟浣揟TS寮曟搸宸插垵濮嬪寲 (state=TtsPlaybackState.disabled)
00:09 +374 ~4 -1: D:/MyGO/GoProject/yueyou/test/features/reader/reader_provider_test.dart: ReaderProvider - 鍔犺浇涓庣珷鑺傛槧灏?bookId=null 鏃讹紝loadBook 浣跨敤 initialIndex
[鎬ц兘鑷€傚簲] CPU 璇勫垎: 3ms, 鍐呭瓨鍗犵敤: 177.3MB
00:09 +375 ~4 -1: D:/MyGO/GoProject/yueyou/test/features/reader/chapter_list_screen_test.dart: ChapterListScreen 鐐瑰嚮绔犺妭鍚庡叧闂〉闈㈠苟寤惰繜璺宠浆
00:09 +375 ~4 -1: D:/MyGO/GoProject/yueyou/test/features/reader/reader_provider_test.dart: ReaderProvider - 鍔犺浇涓庣珷鑺傛槧灏?bookId=null 鏃讹紝loadBook 浣跨敤 initialIndex
鈿狅笍 鏈湴 TTS 闄嶇骇寮曟搸鍒濆鍖栧け璐? MissingPluginException(No implementation found for method setLanguage on channel flutter_tts)
 鍙岃建娴佸獟浣揟TS寮曟搸宸插垵濮嬪寲 (state=TtsPlaybackState.disabled)
00:09 +375 ~4 -1: D:/MyGO/GoProject/yueyou/test/features/reader/reader_provider_test.dart: ReaderProvider - 棰勫彇涓庢杩?onNeedPrefetch 鍚堝苟鐭彞鑷斥墺5瀛楃锛屽苟鎺ㄨ繘 fetchIndex
[鎬ц兘鑷€傚簲] CPU 璇勫垎: 3ms, 鍐呭瓨鍗犵敤: 177.6MB
鉁?jumpTo: 1 -> 1 (鎬绘暟=5)
00:09 +376 ~4 -1: D:/MyGO/GoProject/yueyou/test/features/reader/chapter_list_screen_test.dart: ChapterListScreen 鐐瑰嚮绔犺妭鍚庡叧闂〉闈㈠苟寤惰繜璺宠浆
00:09 +376 ~4 -1: D:/MyGO/GoProject/yueyou/test/features/reader/reader_provider_test.dart: ReaderProvider - 棰勫彇涓庢杩?onNeedPrefetch 鍚堝苟鐭彞鑷斥墺5瀛楃锛屽苟鎺ㄨ繘 fetchIndex
鈿狅笍 鏈湴 TTS 闄嶇骇寮曟搸鍒濆鍖栧け璐? MissingPluginException(No implementation found for method setLanguage on channel flutter_tts)
 鍙岃建娴佸獟浣揟TS寮曟搸宸插垵濮嬪寲 (state=TtsPlaybackState.disabled)
00:09 +376 ~4 -1: D:/MyGO/GoProject/yueyou/test/features/reader/reader_provider_test.dart: ReaderProvider - 棰勫彇涓庢杩?nextSentence 姝ヨ繘锛歝urrentIndex 涓?fetchIndex 鍚屾閫掑
[鎬ц兘鑷€傚簲] CPU 璇勫垎: 3ms, 鍐呭瓨鍗犵敤: 178.4MB
00:09 +377 ~4 -1: D:/MyGO/GoProject/yueyou/test/features/reader/chapter_list_screen_test.dart: ChapterListScreen 鐐瑰嚮绔犺妭鍚庡叧闂〉闈㈠苟寤惰繜璺宠浆
00:09 +377 ~4 -1: D:/MyGO/GoProject/yueyou/test/features/reader/reader_provider_test.dart: ReaderProvider - 棰勫彇涓庢杩?nextSentence 姝ヨ繘锛歝urrentIndex 涓?fetchIndex 鍚屾閫掑
鈿狅笍 鏈湴 TTS 闄嶇骇寮曟搸鍒濆鍖栧け璐? MissingPluginException(No implementation found for method setLanguage on channel flutter_tts)
 鍙岃建娴佸獟浣揟TS寮曟搸宸插垵濮嬪寲 (state=TtsPlaybackState.disabled)
00:09 +377 ~4 -1: D:/MyGO/GoProject/yueyou/test/features/reader/reader_provider_test.dart: ReaderProvider - 棰勫彇涓庢杩?nextSentence 鍦ㄦ渶鍚庝竴鍙ユ椂涓嶈秺鐣?[鎬ц兘鑷€傚簲] CPU 璇勫垎: 3ms, 鍐呭瓨鍗犵敤: 179.3MB
00:09 +378 ~4 -1: D:/MyGO/GoProject/yueyou/test/features/reader/chapter_list_screen_test.dart: ChapterListScreen 鐐瑰嚮绔犺妭鍚庡叧闂〉闈㈠苟寤惰繜璺宠浆
00:09 +378 ~4 -1: D:/MyGO/GoProject/yueyou/test/features/reader/reader_provider_test.dart: ReaderProvider - 棰勫彇涓庢杩?nextSentence 鍦ㄦ渶鍚庝竴鍙ユ椂涓嶈秺鐣?鈿狅笍 鏈湴 TTS 闄嶇骇寮曟搸鍒濆鍖栧け璐? MissingPluginException(No implementation found for method setLanguage on channel flutter_tts)
 鍙岃建娴佸獟浣揟TS寮曟搸宸插垵濮嬪寲 (state=TtsPlaybackState.disabled)
00:10 +378 ~4 -1: D:/MyGO/GoProject/yueyou/test/features/reader/reader_provider_test.dart: ReaderProvider - 棰勫彇涓庢杩?previousSentence 鍥為€€锛歝urrentIndex 涓?fetchIndex 鍚屾閫掑噺
[鎬ц兘鑷€傚簲] CPU 璇勫垎: 3ms, 鍐呭瓨鍗犵敤: 179.5MB
00:10 +379 ~4 -1: D:/MyGO/GoProject/yueyou/test/features/reader/chapter_list_screen_test.dart: ChapterListScreen 鐐瑰嚮绔犺妭鍚庡叧闂〉闈㈠苟寤惰繜璺宠浆
00:10 +379 ~4 -1: D:/MyGO/GoProject/yueyou/test/features/reader/reader_provider_test.dart: ReaderProvider - 棰勫彇涓庢杩?previousSentence 鍥為€€锛歝urrentIndex 涓?fetchIndex 鍚屾閫掑噺
鈿狅笍 鏈湴 TTS 闄嶇骇寮曟搸鍒濆鍖栧け璐? MissingPluginException(No implementation found for method setLanguage on channel flutter_tts)
 鍙岃建娴佸獟浣揟TS寮曟搸宸插垵濮嬪寲 (state=TtsPlaybackState.disabled)
00:10 +379 ~4 -1: D:/MyGO/GoProject/yueyou/test/features/reader/reader_provider_test.dart: ReaderProvider - 棰勫彇涓庢杩?previousSentence 鍦ㄧ涓€鍙ユ椂涓嶈秺鐣?[鎬ц兘鑷€傚簲] CPU 璇勫垎: 3ms, 鍐呭瓨鍗犵敤: 179.9MB
00:10 +380 ~4 -1: D:/MyGO/GoProject/yueyou/test/features/reader/chapter_list_screen_test.dart: ChapterListScreen 鐐瑰嚮绔犺妭鍚庡叧闂〉闈㈠苟寤惰繜璺宠浆
00:10 +380 ~4 -1: D:/MyGO/GoProject/yueyou/test/features/reader/reader_provider_test.dart: ReaderProvider - 棰勫彇涓庢杩?previousSentence 鍦ㄧ涓€鍙ユ椂涓嶈秺鐣?鈿狅笍 鏈湴 TTS 闄嶇骇寮曟搸鍒濆鍖栧け璐? MissingPluginException(No implementation found for method setLanguage on channel flutter_tts)
 鍙岃建娴佸獟浣揟TS寮曟搸宸插垵濮嬪寲 (state=TtsPlaybackState.disabled)
00:10 +380 ~4 -1: D:/MyGO/GoProject/yueyou/test/features/reader/reader_provider_test.dart: ReaderProvider - 棰勫彇涓庢杩?jumpTo 璺宠繃鍣煶琛屽苟鍚屾 fetchIndex
[鎬ц兘鑷€傚簲] CPU 璇勫垎: 3ms, 鍐呭瓨鍗犵敤: 180.1MB
鉁?jumpTo: 0 -> 1 (鎬绘暟=2)
00:10 +381 ~4 -1: D:/MyGO/GoProject/yueyou/test/features/reader/chapter_list_screen_test.dart: ChapterListScreen 鐐瑰嚮绔犺妭鍚庡叧闂〉闈㈠苟寤惰繜璺宠浆
00:10 +381 ~4 -1: D:/MyGO/GoProject/yueyou/test/features/reader/reader_provider_test.dart: ReaderProvider - 棰勫彇涓庢杩?jumpTo 璺宠繃鍣煶琛屽苟鍚屾 fetchIndex
鈿狅笍 鏈湴 TTS 闄嶇骇寮曟搸鍒濆鍖栧け璐? MissingPluginException(No implementation found for method setLanguage on channel flutter_tts)
 鍙岃建娴佸獟浣揟TS寮曟搸宸插垵濮嬪寲 (state=TtsPlaybackState.disabled)
00:10 +381 ~4 -1: D:/MyGO/GoProject/yueyou/test/features/reader/reader_provider_test.dart: ReaderProvider - 棰勫彇涓庢杩?jumpTo 瓒婄晫鏃朵笉鏀瑰彉 currentIndex
[鎬ц兘鑷€傚簲] CPU 璇勫垎: 3ms, 鍐呭瓨鍗犵敤: 180.1MB
鉂?jumpTo 鎷掔粷: index=-1 瓒婄晫 (0..1)
鉂?jumpTo 鎷掔粷: index=999 瓒婄晫 (0..1)
00:10 +382 ~4 -1: D:/MyGO/GoProject/yueyou/test/features/reader/chapter_list_screen_test.dart: ChapterListScreen 鐐瑰嚮绔犺妭鍚庡叧闂〉闈㈠苟寤惰繜璺宠浆
00:10 +382 ~4 -1: D:/MyGO/GoProject/yueyou/test/features/reader/reader_provider_test.dart: ReaderProvider - 棰勫彇涓庢杩?jumpTo 瓒婄晫鏃朵笉鏀瑰彉 currentIndex
鈿狅笍 鏈湴 TTS 闄嶇骇寮曟搸鍒濆鍖栧け璐? MissingPluginException(No implementation found for method setLanguage on channel flutter_tts)
 鍙岃建娴佸獟浣揟TS寮曟搸宸插垵濮嬪寲 (state=TtsPlaybackState.disabled)
00:10 +382 ~4 -1: D:/MyGO/GoProject/yueyou/test/features/reader/reader_provider_test.dart: ReaderProvider - 棰勫彇涓庢杩?jumpTo 鍣煶杩炵画鍒扮粨灏炬椂瑙﹀彂 fallback锛堜繚鎸佸師 index锛?[鎬ц兘鑷€傚簲] CPU 璇勫垎: 3ms, 鍐呭瓨鍗犵敤: 180.1MB
鉁?jumpTo: 1 -> 1 (鎬绘暟=2)
00:10 +383 ~4 -1: D:/MyGO/GoProject/yueyou/test/features/reader/chapter_list_screen_test.dart: ChapterListScreen 鐐瑰嚮绔犺妭鍚庡叧闂〉闈㈠苟寤惰繜璺宠浆
00:10 +383 ~4 -1: D:/MyGO/GoProject/yueyou/test/features/reader/reader_provider_test.dart: ReaderProvider - 棰勫彇涓庢杩?jumpTo 鍣煶杩炵画鍒扮粨灏炬椂瑙﹀彂 fallback锛堜繚鎸佸師 index锛?鈿狅笍 鏈湴 TTS 闄嶇骇寮曟搸鍒濆鍖栧け璐? MissingPluginException(No implementation found for method setLanguage on channel flutter_tts)
 鍙岃建娴佸獟浣揟TS寮曟搸宸插垵濮嬪寲 (state=TtsPlaybackState.disabled)
00:10 +383 ~4 -1: D:/MyGO/GoProject/yueyou/test/features/reader/chapter_list_screen_test.dart: ChapterListScreen 鐐瑰嚮绔犺妭鍚庡叧闂〉闈㈠苟寤惰繜璺宠浆
[鎬ц兘鑷€傚簲] CPU 璇勫垎: 6ms, 鍐呭瓨鍗犵敤: 227.2MB
鉁?jumpTo: 2 -> 2 (鎬绘暟=6)
00:10 +384 ~4 -1: D:/MyGO/GoProject/yueyou/test/features/reader/reader_provider_test.dart: ReaderProvider - 棰勫彇涓庢杩?onItemStarted 鐢ㄧ湡瀹?lineIndex 鍚屾 UI currentIndex
[鎬ц兘鑷€傚簲] CPU 璇勫垎: 3ms, 鍐呭瓨鍗犵敤: 180.1MB
00:10 +385 ~4 -1: D:/MyGO/GoProject/yueyou/test/features/reader/reader_provider_test.dart: ReaderProvider - 棰勫彇涓庢杩?onItemFinished 璺宠繃鍣煶琛屽苟鎺ㄨ繘 currentIndex
00:10 +385 ~4 -1: D:/MyGO/GoProject/yueyou/test/features/reader/reader_provider_test.dart: ReaderProvider - 棰勫彇涓庢杩?onItemStarted 鐢ㄧ湡瀹?lineIndex 鍚屾 UI currentIndex
鈿狅笍 鏈湴 TTS 闄嶇骇寮曟搸鍒濆鍖栧け璐? MissingPluginException(No implementation found for method setLanguage on channel flutter_tts)
 鍙岃建娴佸獟浣揟TS寮曟搸宸插垵濮嬪寲 (state=TtsPlaybackState.disabled)
00:10 +385 ~4 -1: D:/MyGO/GoProject/yueyou/test/features/reader/reader_provider_test.dart: ReaderProvider - 棰勫彇涓庢杩?onItemFinished 璺宠繃鍣煶琛屽苟鎺ㄨ繘 currentIndex
[鎬ц兘鑷€傚簲] CPU 璇勫垎: 3ms, 鍐呭瓨鍗犵敤: 180.2MB
00:10 +386 ~4 -1: D:/MyGO/GoProject/yueyou/test/features/reader/reader_provider_test.dart: ReaderProvider - 棰勫彇涓庢杩?onItemFinished 鍦ㄦ渶鍚庝竴鍙ユ椂淇濇寔鍦ㄦ湯灏撅紙涓嶈秺鐣岋級
00:10 +386 ~4 -1: D:/MyGO/GoProject/yueyou/test/features/reader/reader_provider_test.dart: ReaderProvider - 棰勫彇涓庢杩?onItemFinished 璺宠繃鍣煶琛屽苟鎺ㄨ繘 currentIndex
鈿狅笍 鏈湴 TTS 闄嶇骇寮曟搸鍒濆鍖栧け璐? MissingPluginException(No implementation found for method setLanguage on channel flutter_tts)
 鍙岃建娴佸獟浣揟TS寮曟搸宸插垵濮嬪寲 (state=TtsPlaybackState.disabled)
00:10 +386 ~4 -1: D:/MyGO/GoProject/yueyou/test/features/reader/reader_provider_test.dart: ReaderProvider - 棰勫彇涓庢杩?onItemFinished 鍦ㄦ渶鍚庝竴鍙ユ椂淇濇寔鍦ㄦ湯灏撅紙涓嶈秺鐣岋級
[鎬ц兘鑷€傚簲] CPU 璇勫垎: 3ms, 鍐呭瓨鍗犵敤: 180.2MB
00:10 +387 ~4 -1: D:/MyGO/GoProject/yueyou/test/features/reader/reader_provider_test.dart: ReaderProvider - 棰勫彇涓庢杩?onItemFinished 鍦ㄦ渶鍚庝竴鍙ユ椂淇濇寔鍦ㄦ湯灏撅紙涓嶈秺鐣岋級
鈿狅笍 鏈湴 TTS 闄嶇骇寮曟搸鍒濆鍖栧け璐? MissingPluginException(No implementation found for method setLanguage on channel flutter_tts)
 鍙岃建娴佸獟浣揟TS寮曟搸宸插垵濮嬪寲 (state=TtsPlaybackState.disabled)
00:10 +387 ~4 -1: D:/MyGO/GoProject/yueyou/test/features/reader/reader_provider_test.dart: ReaderProvider - 棰勫彇涓庢杩?jumpToLine 鏄?jumpTo 鐨勫吋瀹瑰寘瑁?[鎬ц兘鑷€傚簲] CPU 璇勫垎: 4ms, 鍐呭瓨鍗犵敤: 180.2MB
鉁?jumpTo: 0 -> 1 (鎬绘暟=3)
00:10 +388 ~4 -1: D:/MyGO/GoProject/yueyou/test/features/reader/reader_provider_test.dart: ReaderProvider - 棰勫彇涓庢杩?cycleSpeed 濮旀墭缁?TTS 寮曟搸骞舵洿鏂?playbackRate
00:10 +388 ~4 -1: D:/MyGO/GoProject/yueyou/test/features/reader/reader_provider_test.dart: ReaderProvider - 棰勫彇涓庢杩?jumpToLine 鏄?jumpTo 鐨勫吋瀹瑰寘瑁?鈿狅笍 鏈湴 TTS 闄嶇骇寮曟搸鍒濆鍖栧け璐? MissingPluginException(No implementation found for method setLanguage on channel flutter_tts)
 鍙岃建娴佸獟浣揟TS寮曟搸宸插垵濮嬪寲 (state=TtsPlaybackState.disabled)
00:10 +388 ~4 -1: D:/MyGO/GoProject/yueyou/test/features/reader/reader_provider_test.dart: ReaderProvider - 棰勫彇涓庢杩?cycleSpeed 濮旀墭缁?TTS 寮曟搸骞舵洿鏂?playbackRate
[鎬ц兘鑷€傚簲] CPU 璇勫垎: 3ms, 鍐呭瓨鍗犵敤: 180.2MB
00:10 +389 ~4 -1: D:/MyGO/GoProject/yueyou/test/features/reader/teleprompter_view_test.dart: 绌烘暟鎹椂鏄剧ず绛夊緟鍗犱綅鏂囨湰
00:10 +389 ~4 -1: D:/MyGO/GoProject/yueyou/test/features/reader/reader_provider_test.dart: ReaderProvider - 棰勫彇涓庢杩?cycleSpeed 濮旀墭缁?TTS 寮曟搸骞舵洿鏂?playbackRate
鈿狅笍 鏈湴 TTS 闄嶇骇寮曟搸鍒濆鍖栧け璐? MissingPluginException(No implementation found for method setLanguage on channel flutter_tts)
 鍙岃建娴佸獟浣揟TS寮曟搸宸插垵濮嬪寲 (state=TtsPlaybackState.disabled)
00:10 +389 ~4 -1: D:/MyGO/GoProject/yueyou/test/features/reader/reader_provider_test.dart: ReaderProvider - 棰勫彇涓庢杩?toggleTTS 鏃犱功绫嶆椂杩斿洖 noContent
[鎬ц兘鑷€傚簲] CPU 璇勫垎: 3ms, 鍐呭瓨鍗犵敤: 180.2MB
00:10 +390 ~4 -1: D:/MyGO/GoProject/yueyou/test/features/reader/teleprompter_view_test.dart: 绌烘暟鎹椂鏄剧ず绛夊緟鍗犱綅鏂囨湰
00:10 +390 ~4 -1: D:/MyGO/GoProject/yueyou/test/features/reader/reader_provider_test.dart: ReaderProvider - 棰勫彇涓庢杩?toggleTTS 鏃犱功绫嶆椂杩斿洖 noContent
鈿狅笍 鏈湴 TTS 闄嶇骇寮曟搸鍒濆鍖栧け璐? MissingPluginException(No implementation found for method setLanguage on channel flutter_tts)
 鍙岃建娴佸獟浣揟TS寮曟搸宸插垵濮嬪寲 (state=TtsPlaybackState.disabled)
00:10 +390 ~4 -1: D:/MyGO/GoProject/yueyou/test/features/reader/reader_provider_test.dart: ReaderProvider - 棰勫彇涓庢杩?toggleTTS 鏈夊唴瀹规椂杩斿洖 playing
[鎬ц兘鑷€傚簲] CPU 璇勫垎: 3ms, 鍐呭瓨鍗犵敤: 180.3MB
 妫€鏌ヤ功绫嶅唴瀹?..
 TTS setEnabled: true (session=0)
 鍚姩鍙岃建寰幆...
鈻讹笍 鎾斁寰幆鍚姩 (session=0)
馃攧 棰勫姞杞藉惊鐜惎鍔?(session=0)
[TTS 缂撳啿鐩戞帶] 鈿狅笍 缂撳啿鍗遍櫓 (0/6 鍙ワ紝0%锛屾鍦ㄥ姞閫熼鍔犺浇)
鉁?鑾峰彇鏂囨湰: 绗竴绔?寮€濮?猬囷笍 寮€濮嬩笅杞介煶棰? 绗竴绔?寮€濮?馃殌馃殌馃殌 缁堟瀬纭 - 褰撳墠璇锋眰鐨勭湡瀹炲湴鍧€鏄? https://hclstudio.cn/api/v1/tts
馃摗 鍙戦€?TTS 璇锋眰: 绗竴绔?寮€濮?馃摗 TTS 璇锋眰 body: {text: 绗竴绔?寮€濮? voice: zh-CN-XiaoxiaoNeural}
00:10 +391 ~4 -1: D:/MyGO/GoProject/yueyou/test/features/reader/teleprompter_view_test.dart: 绌烘暟鎹椂鏄剧ず绛夊緟鍗犱綅鏂囨湰
00:10 +391 ~4 -1: D:/MyGO/GoProject/yueyou/test/features/reader/reader_provider_test.dart: ReaderProvider - 棰勫彇涓庢杩?toggleTTS 鏈夊唴瀹规椂杩斿洖 playing
馃摗 TTS 鍝嶅簲: HTTP 400
馃敶 TTS 鏈嶅姟鍣ㄥ師濮嬪搷搴斿唴瀹? 
[TTS][RELEASE] 涓嬭浇澶辫触 (灏濊瘯1): FormatException: Unexpected end of input (at character 1)

^

鈿狅笍 鏈湴 TTS 闄嶇骇寮曟搸鍒濆鍖栧け璐? MissingPluginException(No implementation found for method setLanguage on channel flutter_tts)
 鍙岃建娴佸獟浣揟TS寮曟搸宸插垵濮嬪寲 (state=TtsPlaybackState.disabled)
00:10 +391 ~4 -1: D:/MyGO/GoProject/yueyou/test/features/reader/reader_provider_test.dart: ReaderProvider - 棰勫彇涓庢杩?鐩稿悓 TTS 閿欒閲嶅鍐欏叆鏃?ReaderProvider 涓嶉噸澶嶉€氱煡
[鎬ц兘鑷€傚簲] CPU 璇勫垎: 4ms, 鍐呭瓨鍗犵敤: 180.6MB
00:10 +392 ~4 -1: D:/MyGO/GoProject/yueyou/test/features/reader/teleprompter_view_test.dart: 绌烘暟鎹椂鏄剧ず绛夊緟鍗犱綅鏂囨湰
00:10 +392 ~4 -1: D:/MyGO/GoProject/yueyou/test/features/reader/reader_provider_test.dart: ReaderProvider - 棰勫彇涓庢杩?鐩稿悓 TTS 閿欒閲嶅鍐欏叆鏃?ReaderProvider 涓嶉噸澶嶉€氱煡
鈿狅笍 鏈湴 TTS 闄嶇骇寮曟搸鍒濆鍖栧け璐? MissingPluginException(No implementation found for method setLanguage on channel flutter_tts)
 鍙岃建娴佸獟浣揟TS寮曟搸宸插垵濮嬪寲 (state=TtsPlaybackState.disabled)
00:10 +393 ~4 -1: D:/MyGO/GoProject/yueyou/test/features/reader/teleprompter_view_test.dart: 绌烘暟鎹椂鏄剧ず绛夊緟鍗犱綅鏂囨湰
00:10 +394 ~4 -1: D:/MyGO/GoProject/yueyou/test/features/reader/teleprompter_view_test.dart: 绌烘暟鎹椂鏄剧ず绛夊緟鍗犱綅鏂囨湰
00:10 +395 ~4 -1: D:/MyGO/GoProject/yueyou/test/features/reader/teleprompter_view_test.dart: 绌烘暟鎹椂鏄剧ず绛夊緟鍗犱綅鏂囨湰
00:10 +396 ~4 -1: D:/MyGO/GoProject/yueyou/test/features/reader/teleprompter_view_test.dart: 绌烘暟鎹椂鏄剧ず绛夊緟鍗犱綅鏂囨湰
00:10 +397 ~4 -1: D:/MyGO/GoProject/yueyou/test/features/reader/teleprompter_view_test.dart: 绌烘暟鎹椂鏄剧ず绛夊緟鍗犱綅鏂囨湰
00:10 +398 ~4 -1: D:/MyGO/GoProject/yueyou/test/features/reader/teleprompter_view_test.dart: 绌烘暟鎹椂鏄剧ず绛夊緟鍗犱綅鏂囨湰
00:10 +399 ~4 -1: D:/MyGO/GoProject/yueyou/test/features/reader/teleprompter_view_test.dart: 绌烘暟鎹椂鏄剧ず绛夊緟鍗犱綅鏂囨湰
00:10 +400 ~4 -1: D:/MyGO/GoProject/yueyou/test/features/reader/teleprompter_view_test.dart: 绌烘暟鎹椂鏄剧ず绛夊緟鍗犱綅鏂囨湰
00:10 +401 ~4 -1: D:/MyGO/GoProject/yueyou/test/features/reader/teleprompter_view_test.dart: 绌烘暟鎹椂鏄剧ず绛夊緟鍗犱綅鏂囨湰
00:10 +402 ~4 -1: D:/MyGO/GoProject/yueyou/test/features/reader/teleprompter_view_test.dart: 绌烘暟鎹椂鏄剧ず绛夊緟鍗犱綅鏂囨湰
00:10 +403 ~4 -1: D:/MyGO/GoProject/yueyou/test/features/reader/teleprompter_view_test.dart: 绌烘暟鎹椂鏄剧ず绛夊緟鍗犱綅鏂囨湰
00:10 +404 ~4 -1: D:/MyGO/GoProject/yueyou/test/features/reader/teleprompter_view_test.dart: 绌烘暟鎹椂鏄剧ず绛夊緟鍗犱綅鏂囨湰
00:10 +405 ~4 -1: D:/MyGO/GoProject/yueyou/test/features/reader/teleprompter_view_test.dart: 绌烘暟鎹椂鏄剧ず绛夊緟鍗犱綅鏂囨湰
00:10 +406 ~4 -1: D:/MyGO/GoProject/yueyou/test/features/reader/teleprompter_view_test.dart: 绌烘暟鎹椂鏄剧ず绛夊緟鍗犱綅鏂囨湰
00:10 +407 ~4 -1: D:/MyGO/GoProject/yueyou/test/features/reader/teleprompter_view_test.dart: 绌烘暟鎹椂鏄剧ず绛夊緟鍗犱綅鏂囨湰
00:10 +408 ~4 -1: D:/MyGO/GoProject/yueyou/test/features/reader/teleprompter_view_test.dart: 绌烘暟鎹椂鏄剧ず绛夊緟鍗犱綅鏂囨湰
00:10 +409 ~4 -1: D:/MyGO/GoProject/yueyou/test/features/reader/teleprompter_view_test.dart: 绌烘暟鎹椂鏄剧ず绛夊緟鍗犱綅鏂囨湰
00:10 +410 ~4 -1: D:/MyGO/GoProject/yueyou/test/features/reader/teleprompter_view_test.dart: 绌烘暟鎹椂鏄剧ず绛夊緟鍗犱綅鏂囨湰
00:10 +411 ~4 -1: D:/MyGO/GoProject/yueyou/test/features/reader/teleprompter_view_test.dart: 绌烘暟鎹椂鏄剧ず绛夊緟鍗犱綅鏂囨湰
00:10 +412 ~4 -1: D:/MyGO/GoProject/yueyou/test/features/reader/teleprompter_view_test.dart: 绌烘暟鎹椂鏄剧ず绛夊緟鍗犱綅鏂囨湰
00:10 +413 ~4 -1: D:/MyGO/GoProject/yueyou/test/features/reader/teleprompter_view_test.dart: 绌烘暟鎹椂鏄剧ず绛夊緟鍗犱綅鏂囨湰
00:10 +414 ~4 -1: D:/MyGO/GoProject/yueyou/test/features/reader/teleprompter_view_test.dart: 绌烘暟鎹椂鏄剧ず绛夊緟鍗犱綅鏂囨湰
00:10 +415 ~4 -1: D:/MyGO/GoProject/yueyou/test/features/reader/teleprompter_view_test.dart: 绌烘暟鎹椂鏄剧ず绛夊緟鍗犱綅鏂囨湰
00:10 +416 ~4 -1: D:/MyGO/GoProject/yueyou/test/features/reader/teleprompter_view_test.dart: 绌烘暟鎹椂鏄剧ず绛夊緟鍗犱綅鏂囨湰
00:10 +417 ~4 -1: D:/MyGO/GoProject/yueyou/test/features/reader/teleprompter_view_test.dart: 绌烘暟鎹椂鏄剧ず绛夊緟鍗犱綅鏂囨湰
[鎬ц兘鑷€傚簲] CPU 璇勫垎: 4ms, 鍐呭瓨鍗犵敤: 181.6MB
00:10 +418 ~4 -1: D:/MyGO/GoProject/yueyou/test/features/settings/settings_provider_test.dart: SettingsProvider loadFromStorage 鑳藉姞杞介粯璁ゅ€?00:10 +418 ~4 -1: D:/MyGO/GoProject/yueyou/test/features/reader/teleprompter_view_test.dart: 鍔犺浇鏂囨湰鍚庢覆鏌?RichText锛坕sPlaying=false锛?[鎬ц兘鑷€傚簲] CPU 璇勫垎: 5ms, 鍐呭瓨鍗犵敤: 217.5MB
00:10 +418 ~4 -1: D:/MyGO/GoProject/yueyou/test/features/settings/settings_provider_test.dart: SettingsProvider loadFromStorage 鑳藉姞杞介粯璁ゅ€?[鎬ц兘鑷€傚簲] CPU 璇勫垎: 4ms, 鍐呭瓨鍗犵敤: 161.6MB
[鎬ц兘鑷€傚簲] CPU 璇勫垎: 5ms, 鍐呭瓨鍗犵敤: 161.9MB
00:10 +419 ~4 -1: D:/MyGO/GoProject/yueyou/test/features/reader/teleprompter_view_test.dart: 鍔犺浇鏂囨湰鍚庢覆鏌?RichText锛坕sPlaying=false锛?00:10 +419 ~4 -1: D:/MyGO/GoProject/yueyou/test/features/settings/settings_provider_test.dart: SettingsProvider setSound 鎸佷箙鍖栧苟 notifyListeners
[鎬ц兘鑷€傚簲] CPU 璇勫垎: 3ms, 鍐呭瓨鍗犵敤: 159.2MB
[鎬ц兘鑷€傚簲] CPU 璇勫垎: 5ms, 鍐呭瓨鍗犵敤: 159.2MB
00:10 +420 ~4 -1: D:/MyGO/GoProject/yueyou/test/features/reader/teleprompter_view_test.dart: 鍔犺浇鏂囨湰鍚庢覆鏌?RichText锛坕sPlaying=false锛?00:10 +420 ~4 -1: D:/MyGO/GoProject/yueyou/test/features/settings/settings_provider_test.dart: SettingsProvider setStoryTts 鎸佷箙鍖栧苟 notifyListeners
[鎬ц兘鑷€傚簲] CPU 璇勫垎: 3ms, 鍐呭瓨鍗犵敤: 158.1MB
[鎬ц兘鑷€傚簲] CPU 璇勫垎: 3ms, 鍐呭瓨鍗犵敤: 158.1MB
00:10 +421 ~4 -1: D:/MyGO/GoProject/yueyou/test/features/reader/teleprompter_view_test.dart: 鍔犺浇鏂囨湰鍚庢覆鏌?RichText锛坕sPlaying=false锛?00:10 +421 ~4 -1: D:/MyGO/GoProject/yueyou/test/features/settings/settings_provider_test.dart: SettingsProvider setVoice / setIdleTimeout / setTtsRate / setAmbientVol / setAmbientEnabled 鎸佷箙鍖?[鎬ц兘鑷€傚簲] CPU 璇勫垎: 3ms, 鍐呭瓨鍗犵敤: 158.3MB
[鎬ц兘鑷€傚簲] CPU 璇勫垎: 3ms, 鍐呭瓨鍗犵敤: 158.3MB
00:10 +422 ~4 -1: D:/MyGO/GoProject/yueyou/test/features/reader/teleprompter_view_test.dart: 鍔犺浇鏂囨湰鍚庢覆鏌?RichText锛坕sPlaying=false锛?00:11 +423 ~4 -1: D:/MyGO/GoProject/yueyou/test/features/reader/teleprompter_view_test.dart: TTS 閿欒鎻愮ず浼氳嚜鍔ㄦ贰鍑哄苟娓呯悊
[鎬ц兘鑷€傚簲] CPU 璇勫垎: 3ms, 鍐呭瓨鍗犵敤: 223.2MB
馃摗 鍙戦€?TTS 娴嬭瘯璇锋眰: 娴嬭瘯鏂囨湰涓€浜屼笁鍥涗簲
00:11 +424 ~4 -1: D:/MyGO/GoProject/yueyou/test/features/reader/teleprompter_view_test.dart: 鐐瑰嚮閿欒鎻愮ず鍚庣珛鍗虫竻鐞嗛敊璇姸鎬?00:11 +425 ~4 -1: D:/MyGO/GoProject/yueyou/test/features/reader/teleprompter_view_test.dart: 鐐瑰嚮閿欒鎻愮ず鍚庣珛鍗虫竻鐞嗛敊璇姸鎬?00:11 +426 ~4 -1: D:/MyGO/GoProject/yueyou/test/features/reader/teleprompter_view_test.dart: 鐐瑰嚮閿欒鎻愮ず鍚庣珛鍗虫竻鐞嗛敊璇姸鎬?00:11 +427 ~4 -1: D:/MyGO/GoProject/yueyou/test/features/reader/teleprompter_view_test.dart: 鐐瑰嚮閿欒鎻愮ず鍚庣珛鍗虫竻鐞嗛敊璇姸鎬?00:11 +428 ~4 -1: D:/MyGO/GoProject/yueyou/test/features/reader/teleprompter_view_test.dart: 鐐瑰嚮閿欒鎻愮ず鍚庣珛鍗虫竻鐞嗛敊璇姸鎬?00:11 +429 ~4 -1: D:/MyGO/GoProject/yueyou/test/features/reader/teleprompter_view_test.dart: 鐐瑰嚮閿欒鎻愮ず鍚庣珛鍗虫竻鐞嗛敊璇姸鎬?00:11 +430 ~4 -1: D:/MyGO/GoProject/yueyou/test/features/reader/teleprompter_view_test.dart: 鐐瑰嚮閿欒鎻愮ず鍚庣珛鍗虫竻鐞嗛敊璇姸鎬?00:11 +431 ~4 -1: D:/MyGO/GoProject/yueyou/test/features/reader/teleprompter_view_test.dart: 鐐瑰嚮閿欒鎻愮ず鍚庣珛鍗虫竻鐞嗛敊璇姸鎬?00:11 +432 ~4 -1: D:/MyGO/GoProject/yueyou/test/features/reader/teleprompter_view_test.dart: 鐐瑰嚮閿欒鎻愮ず鍚庣珛鍗虫竻鐞嗛敊璇姸鎬?[鎬ц兘鑷€傚簲] CPU 璇勫垎: 3ms, 鍐呭瓨鍗犵敤: 227.0MB
馃摗 鍙戦€?TTS 娴嬭瘯璇锋眰: 娴嬭瘯鏂囨湰涓€浜屼笁鍥涗簲
00:11 +433 ~4 -1: D:/MyGO/GoProject/yueyou/test/features/update/update_service_test.dart: UpdateService.compareSemanticVersion 娆＄増鏈彿澶х殑鏇存柊
00:11 +434 ~4 -1: D:/MyGO/GoProject/yueyou/test/features/update/update_service_test.dart: UpdateService.compareSemanticVersion 淇鍙峰ぇ鐨勬洿鏂?00:11 +435 ~4 -1: D:/MyGO/GoProject/yueyou/test/features/update/update_service_test.dart: UpdateService.compareSemanticVersion 瀹屽叏鐩稿悓杩斿洖 0
00:11 +436 ~4 -1: D:/MyGO/GoProject/yueyou/test/features/update/update_service_test.dart: UpdateService.compareSemanticVersion 涓荤増鏈彿灏忕殑鏇存棫
00:11 +437 ~4 -1: D:/MyGO/GoProject/yueyou/test/features/update/update_service_test.dart: UpdateService.compareSemanticVersion 涓や綅鐗堟湰鍙凤紙琛?0锛夋甯稿姣?00:11 +438 ~4 -1: D:/MyGO/GoProject/yueyou/test/features/update/update_service_test.dart: UpdateService.compareSemanticVersion 鍗曚綅鐗堟湰鍙凤紙琛?0锛夋甯稿姣?00:11 +439 ~4 -1: D:/MyGO/GoProject/yueyou/test/features/update/update_service_test.dart: UpdateService.compareSemanticVersion 绌哄瓧绗︿覆涓?0.0.0 鐩哥瓑
00:11 +440 ~4 -1: D:/MyGO/GoProject/yueyou/test/features/update/update_service_test.dart: UpdateService.isNewerVersion buildNumber 杈冨ぇ鏃惰繑鍥?true
00:11 +441 ~4 -1: D:/MyGO/GoProject/yueyou/test/features/update/update_service_test.dart: UpdateService.isNewerVersion buildNumber 鐩稿悓鏃惰繑鍥?false
00:11 +442 ~4 -1: D:/MyGO/GoProject/yueyou/test/features/update/update_service_test.dart: UpdateService.isNewerVersion buildNumber 杈冨皬鏃惰繑鍥?false
00:11 +443 ~4 -1: D:/MyGO/GoProject/yueyou/test/features/update/update_service_test.dart: UpdateService.isNewerVersion buildNumber 鍧囦负 0 鏃堕€€绾ц涔夌増鏈姣?00:11 +444 ~4 -1: D:/MyGO/GoProject/yueyou/test/features/update/update_service_test.dart: UpdateService.isNewerVersion buildNumber 鍧囦负 0 涓旇涔夌増鏈浉鍚屾椂杩斿洖 false
00:11 +445 ~4 -1: D:/MyGO/GoProject/yueyou/test/features/update/update_service_test.dart: UpdateService.isNewerVersion buildNumber 鍧囦负 0 涓旇繙绔涔夌増鏈緝灏忔椂杩斿洖 false
00:11 +446 ~4 -1: D:/MyGO/GoProject/yueyou/test/features/update/update_service_test.dart: UpdateService.isNewerVersion forceUpdate=true 涔熼伒寰増鏈姣旇鍒?00:11 +447 ~4 -1: D:/MyGO/GoProject/yueyou/test/features/update/update_service_test.dart: UpdateService.checkForUpdate UPDATE_API_URL 鏈厤缃椂杩斿洖 null锛堥潤榛樿烦杩囷級
[UpdateService] UPDATE_API_URL 鏈厤缃紝璺宠繃鐗堟湰妫€娴?00:11 +448 ~4 -1: D:/MyGO/GoProject/yueyou/test/widget_test.dart: 2048 妫嬬洏鍔犺浇娴嬭瘯
00:12 +449 ~4 -1: D:/MyGO/GoProject/yueyou/test/widget_test.dart: TTS 閰嶇疆娴嬭瘯
00:12 +450 ~4 -1: Some tests failed.
